BL51 BANKED LINKER/LOCATER V4.02                                                        12/10/2019  19:31:22  PAGE 1


BL51 BANKED LINKER/LOCATER V4.02, INVOKED BY:
C:\KEIL\C51\BIN\BL51.EXE Directory_Functions_struct.obj, LCD_hardware_functions.obj, LCD_routines.obj, LED_Control.obj, 
>> Long_Serial_In.obj, Outputs.obj, print_bytes.obj, Read_Sector.obj, SDCard.obj, SPI.obj, Timer0_hardware_delay_1ms.obj
>> , UART.obj, sEOS.obj, I2C.obj, STA013.obj, config.obj, MP3.obj, main.obj TO CPE5160_Final RAMSIZE (256)


MEMORY MODEL: SMALL


INPUT MODULES INCLUDED:
  Directory_Functions_struct.obj (DIRECTORY_FUNCTIONS_STRUCT)
  LCD_hardware_functions.obj (LCD_HARDWARE_FUNCTIONS)
  LCD_routines.obj (LCD_ROUTINES)
  LED_Control.obj (LED_CONTROL)
  Long_Serial_In.obj (LONG_SERIAL_IN)
  Outputs.obj (OUTPUTS)
  print_bytes.obj (PRINT_BYTES)
  Read_Sector.obj (READ_SECTOR)
  SDCard.obj (SDCARD)
  SPI.obj (SPI)
  Timer0_hardware_delay_1ms.obj (TIMER0_HARDWARE_DELAY_1MS)
  UART.obj (UART)
  sEOS.obj (SEOS)
  I2C.obj (I2C)
  STA013.obj (STA013)
  config.obj (CONFIG)
  MP3.obj (MP3)
  main.obj (MAIN)
  C:\KEIL\C51\LIB\C51S.LIB (?C_STARTUP)
  C:\KEIL\C51\LIB\C51S.LIB (?C?CLDPTR)
  C:\KEIL\C51\LIB\C51S.LIB (?C?CLDOPTR)
  C:\KEIL\C51\LIB\C51S.LIB (?C?CSTPTR)
  C:\KEIL\C51\LIB\C51S.LIB (?C?CSTOPTR)
  C:\KEIL\C51\LIB\C51S.LIB (?C?UIDIV)
  C:\KEIL\C51\LIB\C51S.LIB (?C?ILDOPTR)
  C:\KEIL\C51\LIB\C51S.LIB (?C?LMUL)
  C:\KEIL\C51\LIB\C51S.LIB (?C?ULDIV)
  C:\KEIL\C51\LIB\C51S.LIB (?C?SLCMP)
  C:\KEIL\C51\LIB\C51S.LIB (?C?ULCMP)
  C:\KEIL\C51\LIB\C51S.LIB (?C?ULSHR)
  C:\KEIL\C51\LIB\C51S.LIB (?C?LSHL)
  C:\KEIL\C51\LIB\C51S.LIB (?C?LLDOPTR)
  C:\KEIL\C51\LIB\C51S.LIB (?C?LLDIDATA)
  C:\KEIL\C51\LIB\C51S.LIB (?C?LLDIDATA0)
  C:\KEIL\C51\LIB\C51S.LIB (?C?LSTIDATA)
  C:\KEIL\C51\LIB\C51S.LIB (?C?LSTXDATA)
  C:\KEIL\C51\LIB\C51S.LIB (?C?LSTKIDATA)
  C:\KEIL\C51\LIB\C51S.LIB (PUTCHAR)
  C:\KEIL\C51\LIB\C51S.LIB (PRINTF)
  C:\KEIL\C51\LIB\C51S.LIB (ATOL)
  C:\KEIL\C51\LIB\C51S.LIB (?C?LNEG)
  C:\KEIL\C51\LIB\C51S.LIB (?C?LLDXDATA)
  C:\KEIL\C51\LIB\C51S.LIB (?C?LLDPDATA)
  C:\KEIL\C51\LIB\C51S.LIB (?C?LLDCODE)
  C:\KEIL\C51\LIB\C51S.LIB (?C?PLDIIDATA)
  C:\KEIL\C51\LIB\C51S.LIB (?C?CCASE)
  C:\KEIL\C51\LIB\C51S.LIB (ISDIGIT)
  C:\KEIL\C51\LIB\C51S.LIB (ISSPACE)
BL51 BANKED LINKER/LOCATER V4.02                                                      12/10/2019  19:31:22  PAGE 2




LINK MAP OF MODULE:  CPE5160_Final (DIRECTORY_FUNCTIONS_STRUCT)


            TYPE    BASE      LENGTH    RELOCATION   SEGMENT NAME
            -----------------------------------------------------

            * * * * * * *   D A T A   M E M O R Y   * * * * * * *
            REG     0000H     0008H     ABSOLUTE     "REG BANK 0"
            DATA    0008H     000FH     UNIT         ?DT?_OPEN_FILE?DIRECTORY_FUNCTIONS_STRUCT
            DATA    0017H     0003H     UNIT         ?DT?MP3
            IDATA   001AH     0001H     UNIT         ?ID?SDCARD
                    001BH     0005H                  *** GAP ***
            BIT     0020H.0   0001H.1   UNIT         _BIT_GROUP_
                    0021H.1   0000H.7                *** GAP ***
            DATA    0022H     005DH     UNIT         _DATA_GROUP_
            IDATA   007FH     001EH     UNIT         _IDATA_GROUP_
            IDATA   009DH     0016H     UNIT         ?ID?DIRECTORY_FUNCTIONS_STRUCT
            IDATA   00B3H     0016H     UNIT         ?ID?MP3
            IDATA   00C9H     0001H     UNIT         ?STACK

            * * * * * * *  X D A T A   M E M O R Y  * * * * * * *
            XDATA   0000H     0400H     UNIT         ?XD?MAIN
            XDATA   0400H     0008H     UNIT         _XDATA_GROUP_

            * * * * * * *   C O D E   M E M O R Y   * * * * * * *
            CODE    0000H     0003H     ABSOLUTE     
            CODE    0003H     0027H     UNIT         ?PR?PUTCHAR?PUTCHAR
                    002AH     0001H                  *** GAP ***
            CODE    002BH     0003H     ABSOLUTE     
            CODE    002EH     0FF6H     UNIT         STA013_CONFIG
            CODE    1024H     03F2H     UNIT         ?PR?SD_CARD_INIT?SDCARD
            CODE    1416H     0381H     UNIT         ?PR?MP3_PLAYER_ISR?MP3
            CODE    1797H     035CH     UNIT         ?PR?PRINTF?PRINTF
            CODE    1AF3H     0357H     UNIT         ?C?LIB_CODE
            CODE    1E4AH     0343H     UNIT         ?PR?_MOUNT_DRIVE?DIRECTORY_FUNCTIONS_STRUCT
            CODE    218DH     0233H     UNIT         ?PR?_READ_DIR_ENTRY?DIRECTORY_FUNCTIONS_STRUCT
            CODE    23C0H     0233H     UNIT         ?PR?MAIN?MAIN
            CODE    25F3H     020EH     UNIT         ?CO?SDCARD
            CODE    2801H     01EFH     UNIT         ?PR?_PRINT_DIRECTORY?DIRECTORY_FUNCTIONS_STRUCT
            CODE    29F0H     0159H     UNIT         ?PR?_I2C_WRITE?I2C
            CODE    2B49H     013EH     UNIT         ?PR?_I2C_READ?I2C
            CODE    2C87H     0112H     UNIT         ?CO?MAIN
            CODE    2D99H     010BH     UNIT         ?PR?_SEND_COMMAND?SDCARD
            CODE    2EA4H     00FFH     UNIT         ?PR?_READ_BLOCK?SDCARD
            CODE    2FA3H     00F7H     UNIT         ?PR?_PLAY_MP3_FILE?MP3
            CODE    309AH     00ECH     UNIT         ?CO?STA013
            CODE    3186H     00DEH     UNIT         ?PR?_ATOL?ATOL
            CODE    3264H     00DCH     UNIT         ?PR?STA013_INIT?STA013
            CODE    3340H     00D1H     UNIT         ?PR?LONG_SERIAL_INPUT?LONG_SERIAL_IN
            CODE    3411H     00CEH     UNIT         ?CO?DIRECTORY_FUNCTIONS_STRUCT
            CODE    34DFH     00B4H     UNIT         ?PR?_RESPONSE?SDCARD
            CODE    3593H     00B3H     UNIT         ?PR?_OPEN_FILE?DIRECTORY_FUNCTIONS_STRUCT
            CODE    3646H     00ABH     UNIT         ?PR?_FIND_NEXT_CLUS?DIRECTORY_FUNCTIONS_STRUCT
            CODE    36F1H     008DH     UNIT         ?PR?_STA013_CONFIG?STA013
            CODE    377EH     008CH     UNIT         ?PR?_SPI_MASTER_INIT?SPI
BL51 BANKED LINKER/LOCATER V4.02                                                      12/10/2019  19:31:22  PAGE 3


            CODE    380AH     0085H     UNIT         ?PR?_LCD_PRINT?LCD_ROUTINES
            CODE    388FH     0071H     UNIT         ?PR?_FIRST_SECTOR?DIRECTORY_FUNCTIONS_STRUCT
            CODE    3900H     006EH     UNIT         ?PR?_READ32?DIRECTORY_FUNCTIONS_STRUCT
            CODE    396EH     006EH     UNIT         ?PR?_PRINT_ERROR?SDCARD
            CODE    39DCH     006AH     UNIT         ?PR?_READ16?DIRECTORY_FUNCTIONS_STRUCT
            CODE    3A46H     0055H     UNIT         ?PR?_READ_SECTOR?READ_SECTOR
            CODE    3A9BH     0046H     UNIT         ?PR?_SPI_TRANSFER?SPI
            CODE    3AE1H     0038H     UNIT         ?PR?LCD_INIT?LCD_ROUTINES
            CODE    3B19H     0035H     UNIT         ?PR?_UART_INIT?UART
            CODE    3B4EH     0035H     UNIT         ?PR?_SEOS_INIT?SEOS
            CODE    3B83H     002AH     UNIT         ?PR?_LCD_WRITE?LCD_HARDWARE_FUNCTIONS
            CODE    3BADH     0026H     UNIT         ?PR?_TIMER0_DELAY_1MS?TIMER0_HARDWARE_DELAY_1MS
            CODE    3BD3H     0020H     UNIT         ?PR?_UART_TRANSMIT?UART
            CODE    3BF3H     0020H     UNIT         ?PR?ACK_CHECK?I2C
            CODE    3C13H     001FH     UNIT         ?PR?_I2C_CLOCK_DELAY?I2C
            CODE    3C32H     0018H     UNIT         ?PR?_READ8?DIRECTORY_FUNCTIONS_STRUCT
            CODE    3C4AH     0013H     UNIT         ?PR?I2C_CLOCK_START?I2C
            CODE    3C5DH     0013H     UNIT         ?PR?_ISSPACE?ISSPACE
            CODE    3C70H     000FH     UNIT         ?PR?_ISDIGIT?ISDIGIT
            CODE    3C7FH     000DH     UNIT         ?PR?MP3_CLOCK_RESET?MP3
            CODE    3C8CH     000CH     UNIT         ?C_C51STARTUP
            CODE    3C98H     0008H     UNIT         ?PR?UART_RECEIVE?UART
            CODE    3CA0H     0007H     UNIT         ?PR?EXPORT_DRIVE_VALUES?DIRECTORY_FUNCTIONS_STRUCT
            CODE    3CA7H     0005H     UNIT         ?PR?_LEDS_ON?LED_CONTROL
            CODE    3CACH     0005H     UNIT         ?PR?_P3_CLEAR_BIT?OUTPUTS
            CODE    3CB1H     0005H     UNIT         ?PR?RETURN_SD_CARD_TYPE?SDCARD
            CODE    3CB6H     0005H     UNIT         ?PR?_SPI_SELECT_CLEAR?SPI
            CODE    3CBBH     0004H     UNIT         ?PR?_LEDS_OFF?LED_CONTROL
            CODE    3CBFH     0004H     UNIT         ?PR?_P2_SET_BIT?OUTPUTS
            CODE    3CC3H     0004H     UNIT         ?PR?_P3_SET_BIT?OUTPUTS
            CODE    3CC7H     0004H     UNIT         ?PR?_SPI_SELECT_SET?SPI
            CODE    3CCBH     0004H     UNIT         ?PR?GO_TO_SLEEP?SEOS
            CODE    3CCFH     0003H     UNIT         ?PR?_P0_OUTPUT_BITS?OUTPUTS



OVERLAY MAP OF MODULE:   CPE5160_Final (DIRECTORY_FUNCTIONS_STRUCT)


SEGMENT                                                       BIT_GROUP          DATA_GROUP          IDATA_GROUP        
>>  XDATA_GROUP
  +--> CALLED SEGMENT                                      START    LENGTH     START    LENGTH     START    LENGTH     S
>> TART    LENGTH
------------------------------------------------------------------------------------------------------------------------
>> --------------
?PR?MP3_PLAYER_ISR?MP3                                     -----    -----      0022H    0001H      -----    -----      -
>> ----    -----
  +--> ?PR?MP3_CLOCK_RESET?MP3
  +--> ?PR?_SPI_TRANSFER?SPI
  +--> ?PR?_READ_SECTOR?READ_SECTOR
  +--> ?PR?_FIND_NEXT_CLUS?DIRECTORY_FUNCTIONS_STRUCT
  +--> ?PR?_FIRST_SECTOR?DIRECTORY_FUNCTIONS_STRUCT

?PR?_SPI_TRANSFER?SPI                                      -----    -----      007DH    0002H      -----    -----      -
>> ----    -----

?PR?_READ_SECTOR?READ_SECTOR                               -----    -----      0068H    000BH      -----    -----      -
BL51 BANKED LINKER/LOCATER V4.02                                                      12/10/2019  19:31:22  PAGE 4


>> ----    -----
  +--> ?PR?RETURN_SD_CARD_TYPE?SDCARD
  +--> ?PR?_SPI_SELECT_CLEAR?SPI
  +--> ?PR?_SEND_COMMAND?SDCARD
  +--> ?PR?_READ_BLOCK?SDCARD
  +--> ?PR?_SPI_SELECT_SET?SPI

?PR?_SEND_COMMAND?SDCARD                                   -----    -----      0073H    0009H      -----    -----      -
>> ----    -----
  +--> ?PR?_SPI_TRANSFER?SPI

?PR?_READ_BLOCK?SDCARD                                     -----    -----      0073H    000AH      -----    -----      -
>> ----    -----
  +--> ?PR?_SPI_TRANSFER?SPI

?PR?_FIND_NEXT_CLUS?DIRECTORY_FUNCTIONS_STRUCT             -----    -----      0023H    0006H      -----    -----      -
>> ----    -----
  +--> ?PR?_READ_SECTOR?READ_SECTOR
  +--> ?PR?_READ32?DIRECTORY_FUNCTIONS_STRUCT

?PR?_READ32?DIRECTORY_FUNCTIONS_STRUCT                     -----    -----      0068H    000AH      -----    -----      -
>> ----    -----

?PR?_FIRST_SECTOR?DIRECTORY_FUNCTIONS_STRUCT               -----    -----      0047H    0008H      -----    -----      -
>> ----    -----

*** NEW ROOT ***************************************************

?C_C51STARTUP                                              -----    -----      -----    -----      -----    -----      -
>> ----    -----
  +--> ?PR?MAIN?MAIN

?PR?MAIN?MAIN                                              -----    -----      0040H    0003H      007FH    0014H      -
>> ----    -----
  +--> ?PR?EXPORT_DRIVE_VALUES?DIRECTORY_FUNCTIONS_STRUCT
  +--> ?PR?_P2_SET_BIT?OUTPUTS
  +--> ?PR?_LEDS_OFF?LED_CONTROL
  +--> ?PR?_LEDS_ON?LED_CONTROL
  +--> ?PR?_UART_INIT?UART
  +--> ?CO?MAIN
  +--> ?PR?PRINTF?PRINTF
  +--> ?PR?LCD_INIT?LCD_ROUTINES
  +--> ?PR?_LCD_PRINT?LCD_ROUTINES
  +--> ?PR?_SPI_MASTER_INIT?SPI
  +--> ?PR?STA013_INIT?STA013
  +--> ?PR?_UART_TRANSMIT?UART
  +--> ?PR?SD_CARD_INIT?SDCARD
  +--> ?PR?RETURN_SD_CARD_TYPE?SDCARD
  +--> ?PR?_MOUNT_DRIVE?DIRECTORY_FUNCTIONS_STRUCT
  +--> ?PR?_PRINT_DIRECTORY?DIRECTORY_FUNCTIONS_STRUCT
  +--> ?PR?LONG_SERIAL_INPUT?LONG_SERIAL_IN
  +--> ?PR?_READ_DIR_ENTRY?DIRECTORY_FUNCTIONS_STRUCT
  +--> ?PR?_FIRST_SECTOR?DIRECTORY_FUNCTIONS_STRUCT
  +--> ?PR?_PLAY_MP3_FILE?MP3

?PR?PRINTF?PRINTF                                          0020H.0  0001H.1    0068H    0014H      -----    -----      -
>> ----    -----
BL51 BANKED LINKER/LOCATER V4.02                                                      12/10/2019  19:31:22  PAGE 5


  +--> ?PR?PUTCHAR?PUTCHAR

?PR?LCD_INIT?LCD_ROUTINES                                  -----    -----      -----    -----      -----    -----      -
>> ----    -----
  +--> ?PR?_LCD_WRITE?LCD_HARDWARE_FUNCTIONS
  +--> ?PR?_TIMER0_DELAY_1MS?TIMER0_HARDWARE_DELAY_1MS

?PR?_LCD_WRITE?LCD_HARDWARE_FUNCTIONS                      -----    -----      0049H    0001H      -----    -----      -
>> ----    -----
  +--> ?PR?_P3_CLEAR_BIT?OUTPUTS
  +--> ?PR?_P3_SET_BIT?OUTPUTS
  +--> ?PR?_P0_OUTPUT_BITS?OUTPUTS

?PR?_LCD_PRINT?LCD_ROUTINES                                -----    -----      0043H    0006H      -----    -----      -
>> ----    -----
  +--> ?PR?_LCD_WRITE?LCD_HARDWARE_FUNCTIONS
  +--> ?PR?_TIMER0_DELAY_1MS?TIMER0_HARDWARE_DELAY_1MS

?PR?_SPI_MASTER_INIT?SPI                                   -----    -----      0043H    0001H      -----    -----      -
>> ----    -----

?PR?STA013_INIT?STA013                                     -----    -----      0043H    0008H      -----    -----      -
>> ----    -----
  +--> ?PR?_I2C_WRITE?I2C
  +--> ?PR?_I2C_READ?I2C
  +--> ?CO?STA013
  +--> ?PR?PRINTF?PRINTF
  +--> ?PR?_STA013_CONFIG?STA013
  +--> ?PR?_TIMER0_DELAY_1MS?TIMER0_HARDWARE_DELAY_1MS

?PR?_I2C_WRITE?I2C                                         0020H.2  0000H.2    0060H    000AH      0098H    0005H      -
>> ----    -----
  +--> ?PR?I2C_CLOCK_START?I2C
  +--> ?PR?_I2C_CLOCK_DELAY?I2C
  +--> ?PR?ACK_CHECK?I2C

?PR?ACK_CHECK?I2C                                          0020H.4  0000H.1    -----    -----      -----    -----      -
>> ----    -----
  +--> ?PR?_I2C_CLOCK_DELAY?I2C

?PR?_I2C_READ?I2C                                          0020H.0  0000H.2    0056H    000AH      0093H    0005H      -
>> ----    -----
  +--> ?PR?_I2C_WRITE?I2C
  +--> ?PR?I2C_CLOCK_START?I2C
  +--> ?PR?_I2C_CLOCK_DELAY?I2C
  +--> ?PR?ACK_CHECK?I2C

?PR?_STA013_CONFIG?STA013                                  -----    -----      004BH    000BH      -----    -----      -
>> ----    -----
  +--> ?PR?_I2C_WRITE?I2C
  +--> ?PR?_I2C_READ?I2C

?PR?SD_CARD_INIT?SDCARD                                    -----    -----      0043H    0014H      -----    -----      -
>> ----    -----
  +--> ?PR?_SPI_SELECT_SET?SPI
  +--> ?CO?SDCARD
  +--> ?PR?PRINTF?PRINTF
BL51 BANKED LINKER/LOCATER V4.02                                                      12/10/2019  19:31:22  PAGE 6


  +--> ?PR?_SPI_TRANSFER?SPI
  +--> ?PR?_LEDS_ON?LED_CONTROL
  +--> ?PR?_SPI_SELECT_CLEAR?SPI
  +--> ?PR?_SEND_COMMAND?SDCARD
  +--> ?PR?_RESPONSE?SDCARD
  +--> ?PR?_LEDS_OFF?LED_CONTROL
  +--> ?PR?PUTCHAR?PUTCHAR
  +--> ?PR?_PRINT_ERROR?SDCARD

?PR?_RESPONSE?SDCARD                                       -----    -----      0057H    0009H      -----    -----      -
>> ----    -----
  +--> ?PR?_SPI_TRANSFER?SPI

?PR?_PRINT_ERROR?SDCARD                                    -----    -----      0057H    0001H      -----    -----      -
>> ----    -----
  +--> ?CO?SDCARD
  +--> ?PR?PRINTF?PRINTF

?PR?_MOUNT_DRIVE?DIRECTORY_FUNCTIONS_STRUCT                -----    -----      0043H    0025H      -----    -----      0
>> 400H    0008H
  +--> ?PR?_READ_SECTOR?READ_SECTOR
  +--> ?PR?_READ8?DIRECTORY_FUNCTIONS_STRUCT
  +--> ?CO?DIRECTORY_FUNCTIONS_STRUCT
  +--> ?PR?PRINTF?PRINTF
  +--> ?PR?_READ32?DIRECTORY_FUNCTIONS_STRUCT
  +--> ?PR?_READ16?DIRECTORY_FUNCTIONS_STRUCT

?PR?_READ16?DIRECTORY_FUNCTIONS_STRUCT                     -----    -----      0068H    000AH      -----    -----      -
>> ----    -----

?PR?_PRINT_DIRECTORY?DIRECTORY_FUNCTIONS_STRUCT            -----    -----      0043H    001AH      -----    -----      -
>> ----    -----
  +--> ?PR?_READ_SECTOR?READ_SECTOR
  +--> ?PR?_READ8?DIRECTORY_FUNCTIONS_STRUCT
  +--> ?CO?DIRECTORY_FUNCTIONS_STRUCT
  +--> ?PR?PRINTF?PRINTF
  +--> ?PR?PUTCHAR?PUTCHAR

?PR?LONG_SERIAL_INPUT?LONG_SERIAL_IN                       -----    -----      0043H    0011H      -----    -----      -
>> ----    -----
  +--> ?PR?UART_RECEIVE?UART
  +--> ?PR?PUTCHAR?PUTCHAR
  +--> ?PR?_UART_TRANSMIT?UART
  +--> ?PR?_ATOL?ATOL

?PR?_ATOL?ATOL                                             0020H.0  0000H.1    0054H    0007H      -----    -----      -
>> ----    -----
  +--> ?PR?_ISSPACE?ISSPACE
  +--> ?PR?_ISDIGIT?ISDIGIT

?PR?_READ_DIR_ENTRY?DIRECTORY_FUNCTIONS_STRUCT             -----    -----      0043H    001EH      -----    -----      -
>> ----    -----
  +--> ?PR?_READ_SECTOR?READ_SECTOR
  +--> ?PR?_READ8?DIRECTORY_FUNCTIONS_STRUCT

?PR?_PLAY_MP3_FILE?MP3                                     -----    -----      0043H    0004H      -----    -----      -
>> ----    -----
BL51 BANKED LINKER/LOCATER V4.02                                                      12/10/2019  19:31:22  PAGE 7


  +--> ?PR?EXPORT_DRIVE_VALUES?DIRECTORY_FUNCTIONS_STRUCT
  +--> ?PR?_FIRST_SECTOR?DIRECTORY_FUNCTIONS_STRUCT
  +--> ?PR?_READ_SECTOR?READ_SECTOR
  +--> ?PR?_SEOS_INIT?SEOS
  +--> ?PR?GO_TO_SLEEP?SEOS



SYMBOL TABLE OF MODULE:  CPE5160_Final (DIRECTORY_FUNCTIONS_STRUCT)

  VALUE           TYPE          NAME
  ----------------------------------

  -------         MODULE        DIRECTORY_FUNCTIONS_STRUCT
  C:0000H         SYMBOL        _ICE_DUMMY_
  B:00D8H.2       PUBLIC        CCF2
  B:00D8H.3       PUBLIC        CCF3
  D:0080H         PUBLIC        P0
  B:00D8H.4       PUBLIC        CCF4
  D:0090H         PUBLIC        P1
  D:00A0H         PUBLIC        P2
  D:00B0H         PUBLIC        P3
  B:00B0H.4       PUBLIC        T0
  B:00D0H.6       PUBLIC        AC
  B:00B0H.5       PUBLIC        T1
  B:00B0H.7       PUBLIC        nRD
  B:0090H.0       PUBLIC        T2
  B:00A8H.7       PUBLIC        EA
  B:00A8H.6       PUBLIC        EC
  B:00D8H.7       PUBLIC        CF
  B:00B0H.2       PUBLIC        nINT0
  B:0098H.7       PUBLIC        FE
  C:2801H         PUBLIC        _Print_Directory
  B:00B0H.3       PUBLIC        nINT1
  D:00A8H         PUBLIC        IEN0
  B:00B0H.0       PUBLIC        RxD
  B:0090H.0       PUBLIC        P1_0
  B:00B0H.1       PUBLIC        TxD
  B:0090H.3       PUBLIC        CEX0
  B:0090H.1       PUBLIC        P1_1
  B:0090H.4       PUBLIC        CEX1
  B:0090H.2       PUBLIC        P1_2
  B:00C8H.0       PUBLIC        CP
  B:0090H.3       PUBLIC        P1_3
  B:00B0H.2       PUBLIC        P3_2
  B:00D8H.6       PUBLIC        CR
  B:00B0H.3       PUBLIC        P3_3
  B:00C8H.6       PUBLIC        EXF2
  D:00B8H         PUBLIC        IPL0
  B:00B0H.4       PUBLIC        P3_4
  B:00B0H.5       PUBLIC        P3_5
  B:00B0H.6       PUBLIC        nWR
  B:00A8H.4       PUBLIC        ES
  B:0098H.0       PUBLIC        RI
  B:00D0H.7       PUBLIC        CY
  B:0098H.1       PUBLIC        TI
  B:00B8H.1       PUBLIC        PT0L
BL51 BANKED LINKER/LOCATER V4.02                                                      12/10/2019  19:31:22  PAGE 8


  B:00B8H.3       PUBLIC        PT1L
  B:00B8H.5       PUBLIC        PT2L
  B:0090H.1       PUBLIC        T2EX
  D:00D8H         PUBLIC        CCON
  B:00B0H.6       PUBLIC        RS
  B:00B8H.0       PUBLIC        PX0L
  B:00D0H.2       PUBLIC        OV
  B:0090H.1       PUBLIC        SS
  B:00B8H.2       PUBLIC        PX1L
  B:00C8H.5       PUBLIC        RCLK
  B:00C8H.4       PUBLIC        TCLK
  B:00B8H.6       PUBLIC        PPCL
  B:00A0H.4       PUBLIC        REDLED
  D:0098H         PUBLIC        SCON
  B:00A0H.6       PUBLIC        YELLOWLED
  B:0090H.4       PUBLIC        nCS0
  B:0080H.0       PUBLIC        AD0
  D:0088H         PUBLIC        TCON
  C:3C41H         PUBLIC        _read8
  B:0080H.1       PUBLIC        AD1
  B:0080H.2       PUBLIC        AD2
  B:00B0H.1       PUBLIC        per_RxD
  B:00C8H.1       PUBLIC        CnT2
  B:0080H.3       PUBLIC        AD3
  B:0090H.5       PUBLIC        MISO
  B:0090H.7       PUBLIC        MOSI
  B:0080H.4       PUBLIC        AD4
  B:00B0H.0       PUBLIC        per_TxD
  B:0080H.5       PUBLIC        AD5
  B:0080H.6       PUBLIC        AD6
  B:0080H.7       PUBLIC        AD7
  B:00A0H.0       PUBLIC        AD8
  B:00A0H.1       PUBLIC        AD9
  B:0088H.1       PUBLIC        IE0
  C:388FH         PUBLIC        _First_Sector
  B:00A0H.7       PUBLIC        AMBERLED
  B:0088H.3       PUBLIC        IE1
  B:00B0H.7       PUBLIC        E
  B:00A0H.5       PUBLIC        GREENLED
  B:00A8H.1       PUBLIC        ET0
  B:00A8H.3       PUBLIC        ET1
  B:0088H.5       PUBLIC        TF0
  B:00A8H.5       PUBLIC        ET2
  B:0088H.7       PUBLIC        TF1
  B:00C8H.7       PUBLIC        TF2
  B:0098H.2       PUBLIC        RB8
  B:00A8H.0       PUBLIC        EX0
  B:0088H.0       PUBLIC        IT0
  B:0098H.3       PUBLIC        TB8
  B:00A8H.2       PUBLIC        EX1
  B:0088H.2       PUBLIC        IT1
  B:00D0H.0       PUBLIC        P
  B:0098H.7       PUBLIC        SM0
  B:0090H.2       PUBLIC        ECI
  B:0098H.6       PUBLIC        SM1
  B:0098H.5       PUBLIC        SM2
  C:1E4AH         PUBLIC        _Mount_Drive
BL51 BANKED LINKER/LOCATER V4.02                                                      12/10/2019  19:31:22  PAGE 9


  C:218DH         PUBLIC        _Read_Dir_Entry
  B:00D0H.3       PUBLIC        RS0
  C:3593H         PUBLIC        _Open_File
  B:0088H.4       PUBLIC        TR0
  B:00D0H.4       PUBLIC        RS1
  B:0090H.6       PUBLIC        per_SCLK
  B:0088H.6       PUBLIC        TR1
  C:3CA0H         PUBLIC        Export_Drive_values
  B:00C8H.2       PUBLIC        TR2
  B:00A0H.0       PUBLIC        SW1
  B:00A0H.1       PUBLIC        SW2
  B:00A0H.2       PUBLIC        SW3
  C:3646H         PUBLIC        _Find_Next_Clus
  B:00A0H.3       PUBLIC        SW4
  B:0090H.6       PUBLIC        SCK
  B:0090H.7       PUBLIC        per_MOSI
  B:0090H.5       PUBLIC        per_MISO
  C:3900H         PUBLIC        _read32
  B:00C8H.3       PUBLIC        EXEN2
  C:39DCH         PUBLIC        _read16
  B:0098H.4       PUBLIC        REN
  B:00A0H.2       PUBLIC        AD10
  B:00A0H.3       PUBLIC        AD11
  D:00C8H         PUBLIC        T2CON
  B:00A0H.4       PUBLIC        AD12
  B:00A0H.5       PUBLIC        AD13
  B:00A0H.6       PUBLIC        AD14
  B:00A0H.7       PUBLIC        AD15
  B:00B8H.4       PUBLIC        PLS
  I:009DH         PUBLIC        Drive_values
  B:00D0H.5       PUBLIC        F0
  B:00D0H.1       PUBLIC        F1
  D:00D0H         PUBLIC        PSW
  B:00D8H.0       PUBLIC        CCF0
  B:00D8H.1       PUBLIC        CCF1
  -------         PROC          EXPORT_DRIVE_VALUES
  C:3CA0H         LINE#         27
  C:3CA0H         LINE#         28
  C:3CA0H         LINE#         29
  C:3CA6H         LINE#         30
  -------         ENDPROC       EXPORT_DRIVE_VALUES
  -------         PROC          L?0078
  -------         ENDPROC       L?0078
  -------         PROC          _READ8
  D:0006H         SYMBOL        offset
  D:0001H         SYMBOL        array_name
  -------         DO            array_name
  D:0007H         SYMBOL        return_value
  -------         ENDDO         return_value
  C:3C41H         LINE#         32
  C:3C41H         LINE#         33
  C:3C41H         LINE#         35
  C:3C49H         LINE#         36
  C:3C49H         LINE#         38
  -------         ENDPROC       _READ8
  -------         PROC          _READ16
  D:0068H         SYMBOL        offset
BL51 BANKED LINKER/LOCATER V4.02                                                      12/10/2019  19:31:22  PAGE 10


  D:006AH         SYMBOL        array_name
  -------         DO            array_name
  D:006DH         SYMBOL        return_value
  D:0003H         SYMBOL        temp
  D:0071H         SYMBOL        index
  -------         ENDDO         index
  C:39DCH         LINE#         40
  C:39E6H         LINE#         41
  C:39E6H         LINE#         44
  C:39EFH         LINE#         48
  C:39F1H         LINE#         49
  C:39F1H         LINE#         50
  C:3A11H         LINE#         51
  C:3A26H         LINE#         52
  C:3A3AH         LINE#         53
  C:3A41H         LINE#         54
  C:3A45H         LINE#         55
  -------         ENDPROC       _READ16
  -------         PROC          _READ32
  D:0068H         SYMBOL        offset
  D:006AH         SYMBOL        array_name
  -------         DO            array_name
  D:006DH         SYMBOL        return_value
  D:0003H         SYMBOL        temp
  D:0071H         SYMBOL        index
  -------         ENDDO         index
  C:3900H         LINE#         57
  C:390AH         LINE#         58
  C:390AH         LINE#         61
  C:3913H         LINE#         65
  C:3915H         LINE#         66
  C:3915H         LINE#         67
  C:3935H         LINE#         68
  C:394AH         LINE#         69
  C:395EH         LINE#         70
  C:3965H         LINE#         71
  C:396DH         LINE#         72
  -------         ENDPROC       _READ32
  -------         PROC          _PRINT_DIRECTORY
  D:0043H         SYMBOL        Sector_num
  D:0047H         SYMBOL        array_in
  -------         DO            array_in
  D:0049H         SYMBOL        Sector
  D:004DH         SYMBOL        max_sectors
  D:0051H         SYMBOL        i
  D:0053H         SYMBOL        entries
  D:0055H         SYMBOL        temp8
  D:0056H         SYMBOL        j
  D:0057H         SYMBOL        attr
  D:0058H         SYMBOL        out_val
  D:0059H         SYMBOL        error_flag
  D:005AH         SYMBOL        values
  -------         ENDDO         values
  C:2801H         LINE#         82
  C:2809H         LINE#         83
  C:2809H         LINE#         90
  C:2812H         LINE#         91
BL51 BANKED LINKER/LOCATER V4.02                                                      12/10/2019  19:31:22  PAGE 11


  C:2817H         LINE#         92
  C:281BH         LINE#         93
  C:2821H         LINE#         94
  C:2821H         LINE#         95
  C:282EH         LINE#         96
  C:2830H         LINE#         98
  C:2830H         LINE#         99
  C:283DH         LINE#         100
  C:283DH         LINE#         101
  C:2849H         LINE#         102
  C:2868H         LINE#         103
  C:286FH         LINE#         104
  C:286FH         LINE#         106
  C:286FH         LINE#         107
  C:287EH         LINE#         108
  C:288EH         LINE#         109
  C:288EH         LINE#         110
  C:28A2H         LINE#         111
  C:28ABH         LINE#         112
  C:28ABH         LINE#         113
  C:28B3H         LINE#         114
  C:28C1H         LINE#         115
  C:28C4H         LINE#         116
  C:28C4H         LINE#         117
  C:28DAH         LINE#         118
  C:28DDH         LINE#         119
  C:28E6H         LINE#         120
  C:28EBH         LINE#         121
  C:28EBH         LINE#         122
  C:28EEH         LINE#         123
  C:28EEH         LINE#         124
  C:2904H         LINE#         125
  C:2907H         LINE#         126
  C:2910H         LINE#         127
  C:2919H         LINE#         128
  C:291BH         LINE#         130
  C:291BH         LINE#         131
  C:2920H         LINE#         132
  C:2923H         LINE#         133
  C:2923H         LINE#         134
  C:2939H         LINE#         135
  C:293CH         LINE#         136
  C:2945H         LINE#         137
  C:294AH         LINE#         138
  C:294FH         LINE#         139
  C:294FH         LINE#         140
  C:294FH         LINE#         141
  C:294FH         LINE#         142
  C:295AH         LINE#         143
  C:2965H         LINE#         144
  C:2965H         LINE#         145
  C:297AH         LINE#         146
  C:299DH         LINE#         147
  C:299DH         LINE#         148
  C:29BCH         LINE#         149
  C:29C0H         LINE#         150
  C:29C0H         LINE#         151
BL51 BANKED LINKER/LOCATER V4.02                                                      12/10/2019  19:31:22  PAGE 12


  C:29C5H         LINE#         152
  C:29C7H         LINE#         153
  C:29C7H         LINE#         154
  C:29CCH         LINE#         155
  C:29CEH         LINE#         157
  C:29CEH         LINE#         158
  C:29D1H         LINE#         159
  C:29D4H         LINE#         160
  C:29D4H         LINE#         161
  C:29D4H         LINE#         163
  C:29DBH         LINE#         164
  C:29DDH         LINE#         166
  C:29DDH         LINE#         167
  C:29E6H         LINE#         168
  C:29EBH         LINE#         169
  C:29EBH         LINE#         170
  C:29EFH         LINE#         171
  -------         ENDPROC       _PRINT_DIRECTORY
  -------         PROC          _READ_DIR_ENTRY
  D:0043H         SYMBOL        Sector_num
  D:0047H         SYMBOL        Entry
  D:0049H         SYMBOL        array_in
  -------         DO            array_in
  D:004BH         SYMBOL        Sector
  D:004FH         SYMBOL        max_sectors
  D:0053H         SYMBOL        return_clus
  D:0057H         SYMBOL        i
  D:0059H         SYMBOL        entries
  D:005BH         SYMBOL        temp8
  D:005CH         SYMBOL        attr
  D:005DH         SYMBOL        error_flag
  D:005EH         SYMBOL        values
  -------         ENDDO         values
  C:218DH         LINE#         184
  C:2195H         LINE#         185
  C:2195H         LINE#         191
  C:219EH         LINE#         192
  C:21A3H         LINE#         193
  C:21A7H         LINE#         194
  C:21AFH         LINE#         195
  C:21B5H         LINE#         196
  C:21B5H         LINE#         197
  C:21C2H         LINE#         198
  C:21C4H         LINE#         200
  C:21C4H         LINE#         201
  C:21D1H         LINE#         202
  C:21D1H         LINE#         203
  C:21DDH         LINE#         204
  C:21FCH         LINE#         205
  C:2203H         LINE#         206
  C:2203H         LINE#         208
  C:2203H         LINE#         209
  C:2212H         LINE#         210
  C:2222H         LINE#         211
  C:2222H         LINE#         212
  C:2227H         LINE#         213
  C:2230H         LINE#         214
BL51 BANKED LINKER/LOCATER V4.02                                                      12/10/2019  19:31:22  PAGE 13


  C:2230H         LINE#         215
  C:2238H         LINE#         216
  C:2245H         LINE#         217
  C:2245H         LINE#         218
  C:224CH         LINE#         219
  C:224CH         LINE#         220
  C:225CH         LINE#         221
  C:226FH         LINE#         222
  C:2288H         LINE#         223
  C:229CH         LINE#         224
  C:229CH         LINE#         225
  C:22B5H         LINE#         226
  C:22C9H         LINE#         227
  C:22E2H         LINE#         228
  C:22E7H         LINE#         229
  C:22FEH         LINE#         230
  C:2301H         LINE#         231
  C:2301H         LINE#         233
  C:2301H         LINE#         234
  C:2301H         LINE#         235
  C:230CH         LINE#         236
  C:2317H         LINE#         237
  C:2317H         LINE#         238
  C:232CH         LINE#         239
  C:234FH         LINE#         240
  C:234FH         LINE#         241
  C:236EH         LINE#         242
  C:2372H         LINE#         243
  C:2372H         LINE#         244
  C:237CH         LINE#         245
  C:237EH         LINE#         246
  C:237EH         LINE#         247
  C:2383H         LINE#         248
  C:2385H         LINE#         250
  C:2385H         LINE#         251
  C:2388H         LINE#         252
  C:2388H         LINE#         253
  C:2388H         LINE#         255
  C:238FH         LINE#         256
  C:2391H         LINE#         258
  C:2391H         LINE#         259
  C:239BH         LINE#         260
  C:239BH         LINE#         261
  C:23B7H         LINE#         262
  C:23BFH         LINE#         263
  -------         ENDPROC       _READ_DIR_ENTRY
  -------         PROC          _MOUNT_DRIVE
  D:0043H         SYMBOL        array_name
  -------         DO            array_name
  D:0045H         SYMBOL        temp_8
  D:0046H         SYMBOL        error_flag
  D:0047H         SYMBOL        RsvdSectorCount
  D:0049H         SYMBOL        NumFATS
  D:004AH         SYMBOL        RootEntryCnt
  D:004CH         SYMBOL        TotalSectors16
  D:004EH         SYMBOL        FATsz16
  D:0050H         SYMBOL        TotalSectors32
BL51 BANKED LINKER/LOCATER V4.02                                                      12/10/2019  19:31:22  PAGE 14


  D:0054H         SYMBOL        FATsz32
  D:0058H         SYMBOL        FATSz
  X:0400H         SYMBOL        TotSec
  X:0404H         SYMBOL        DataSec
  D:005CH         SYMBOL        RootCluster
  D:0060H         SYMBOL        RelativeSectors
  D:0064H         SYMBOL        CountofClus
  -------         ENDDO         CountofClus
  C:1E4AH         LINE#         265
  C:1E4EH         LINE#         266
  C:1E4EH         LINE#         288
  C:1E6CH         LINE#         290
  C:1E7AH         LINE#         291
  C:1E86H         LINE#         292
  C:1E98H         LINE#         293
  C:1E98H         LINE#         294
  C:1EA1H         LINE#         295
  C:1EB6H         LINE#         296
  C:1EC7H         LINE#         297
  C:1EE3H         LINE#         298
  C:1EF1H         LINE#         299
  C:1EFDH         LINE#         300
  C:1F09H         LINE#         301
  C:1F09H         LINE#         302
  C:1F12H         LINE#         303
  C:1F14H         LINE#         305
  C:1F14H         LINE#         306
  C:1F1DH         LINE#         307
  C:1F1DH         LINE#         308
  C:1F1DH         LINE#         310
  C:1F31H         LINE#         311
  C:1F3EH         LINE#         312
  C:1F4FH         LINE#         314
  C:1F5CH         LINE#         316
  C:1F6BH         LINE#         318
  C:1F78H         LINE#         320
  C:1F89H         LINE#         322
  C:1F9AH         LINE#         324
  C:1FAFH         LINE#         326
  C:1FC4H         LINE#         328
  C:1FD9H         LINE#         330
  C:1FF1H         LINE#         332
  C:201DH         LINE#         334
  C:206DH         LINE#         336
  C:20ACH         LINE#         338
  C:20B0H         LINE#         341
  C:20B6H         LINE#         342
  C:20B6H         LINE#         343
  C:20C1H         LINE#         344
  C:20C3H         LINE#         346
  C:20C3H         LINE#         347
  C:20CFH         LINE#         348
  C:20CFH         LINE#         351
  C:20D5H         LINE#         352
  C:20D5H         LINE#         353
  C:20E2H         LINE#         354
  C:20E4H         LINE#         356
BL51 BANKED LINKER/LOCATER V4.02                                                      12/10/2019  19:31:22  PAGE 15


  C:20E4H         LINE#         357
  C:20F2H         LINE#         358
  C:20F2H         LINE#         361
  C:2142H         LINE#         364
  C:2168H         LINE#         367
  C:217DH         LINE#         368
  C:217DH         LINE#         370
  C:2181H         LINE#         371
  C:2184H         LINE#         372
  C:2186H         LINE#         374
  C:2186H         LINE#         376
  C:218AH         LINE#         377
  C:218AH         LINE#         379
  C:218CH         LINE#         380
  -------         ENDPROC       _MOUNT_DRIVE
  -------         PROC          _FIRST_SECTOR
  D:0047H         SYMBOL        Cluster_num
  -------         DO            Cluster_num
  D:004BH         SYMBOL        FirstSecCluster
  -------         ENDDO         FirstSecCluster
  C:388FH         LINE#         382
  C:3897H         LINE#         383
  C:3897H         LINE#         385
  C:38AAH         LINE#         386
  C:38AAH         LINE#         387
  C:38B7H         LINE#         388
  C:38B9H         LINE#         390
  C:38B9H         LINE#         391
  C:38F7H         LINE#         392
  C:38F7H         LINE#         393
  C:38FFH         LINE#         394
  -------         ENDPROC       _FIRST_SECTOR
  -------         PROC          _FIND_NEXT_CLUS
  D:0023H         SYMBOL        Cluster_num
  D:0027H         SYMBOL        array_name
  -------         DO            array_name
  D:0004H         SYMBOL        return_clus
  D:0006H         SYMBOL        FAToffset
  D:0004H         SYMBOL        sector
  -------         ENDDO         sector
  C:3646H         LINE#         396
  C:364EH         LINE#         397
  C:364EH         LINE#         400
  C:3693H         LINE#         401
  C:36A8H         LINE#         402
  C:36E0H         LINE#         403
  C:36F0H         LINE#         405
  C:36F0H         LINE#         406
  -------         ENDPROC       _FIND_NEXT_CLUS
  -------         PROC          _OPEN_FILE
  D:0008H         SYMBOL        Cluster
  D:000CH         SYMBOL        array_in
  -------         DO            array_in
  D:000EH         SYMBOL        error_flag
  D:000FH         SYMBOL        sector_num
  D:0013H         SYMBOL        first_sec_num
  -------         ENDDO         first_sec_num
BL51 BANKED LINKER/LOCATER V4.02                                                      12/10/2019  19:31:22  PAGE 16


  C:3593H         LINE#         408
  C:359BH         LINE#         409
  C:359BH         LINE#         410
  C:359EH         LINE#         415
  C:359EH         LINE#         416
  C:35B1H         LINE#         417
  C:35B9H         LINE#         418
  C:35DCH         LINE#         419
  C:35DCH         LINE#         420
  C:35FBH         LINE#         421
  C:3610H         LINE#         422
  C:3612H         LINE#         423
  C:362BH         LINE#         424
  C:3643H         LINE#         425
  C:3645H         LINE#         426
  -------         ENDPROC       _OPEN_FILE
  -------         ENDMOD        DIRECTORY_FUNCTIONS_STRUCT

  -------         MODULE        LCD_HARDWARE_FUNCTIONS
  C:0000H         SYMBOL        _ICE_DUMMY_
  B:00D8H.2       PUBLIC        CCF2
  B:00D8H.3       PUBLIC        CCF3
  D:0080H         PUBLIC        P0
  B:00D8H.4       PUBLIC        CCF4
  D:0090H         PUBLIC        P1
  D:00A0H         PUBLIC        P2
  D:00B0H         PUBLIC        P3
  B:00B0H.4       PUBLIC        T0
  B:00D0H.6       PUBLIC        AC
  B:00B0H.5       PUBLIC        T1
  B:00B0H.7       PUBLIC        nRD
  B:0090H.0       PUBLIC        T2
  B:00A8H.7       PUBLIC        EA
  B:00A8H.6       PUBLIC        EC
  B:00D8H.7       PUBLIC        CF
  B:00B0H.2       PUBLIC        nINT0
  B:0098H.7       PUBLIC        FE
  B:00B0H.3       PUBLIC        nINT1
  D:00A8H         PUBLIC        IEN0
  B:00B0H.0       PUBLIC        RxD
  B:0090H.0       PUBLIC        P1_0
  B:00B0H.1       PUBLIC        TxD
  B:0090H.3       PUBLIC        CEX0
  B:0090H.1       PUBLIC        P1_1
  B:0090H.4       PUBLIC        CEX1
  B:0090H.2       PUBLIC        P1_2
  B:00C8H.0       PUBLIC        CP
  B:0090H.3       PUBLIC        P1_3
  B:00B0H.2       PUBLIC        P3_2
  B:00D8H.6       PUBLIC        CR
  B:00B0H.3       PUBLIC        P3_3
  B:00C8H.6       PUBLIC        EXF2
  D:00B8H         PUBLIC        IPL0
  B:00B0H.4       PUBLIC        P3_4
  B:00B0H.5       PUBLIC        P3_5
  B:00B0H.6       PUBLIC        nWR
  B:00A8H.4       PUBLIC        ES
BL51 BANKED LINKER/LOCATER V4.02                                                      12/10/2019  19:31:22  PAGE 17


  B:0098H.0       PUBLIC        RI
  B:00D0H.7       PUBLIC        CY
  B:0098H.1       PUBLIC        TI
  B:00B8H.1       PUBLIC        PT0L
  C:3B83H         PUBLIC        _LCD_Write
  B:00B8H.3       PUBLIC        PT1L
  B:00B8H.5       PUBLIC        PT2L
  B:0090H.1       PUBLIC        T2EX
  D:00D8H         PUBLIC        CCON
  B:00B0H.6       PUBLIC        RS
  B:00B8H.0       PUBLIC        PX0L
  B:00D0H.2       PUBLIC        OV
  B:0090H.1       PUBLIC        SS
  B:00B8H.2       PUBLIC        PX1L
  B:00C8H.5       PUBLIC        RCLK
  B:00C8H.4       PUBLIC        TCLK
  B:00B8H.6       PUBLIC        PPCL
  B:00A0H.4       PUBLIC        REDLED
  D:0098H         PUBLIC        SCON
  B:00A0H.6       PUBLIC        YELLOWLED
  B:0090H.4       PUBLIC        nCS0
  B:0080H.0       PUBLIC        AD0
  D:0088H         PUBLIC        TCON
  B:0080H.1       PUBLIC        AD1
  B:0080H.2       PUBLIC        AD2
  B:00B0H.1       PUBLIC        per_RxD
  B:00C8H.1       PUBLIC        CnT2
  B:0080H.3       PUBLIC        AD3
  B:0090H.5       PUBLIC        MISO
  B:0090H.7       PUBLIC        MOSI
  B:0080H.4       PUBLIC        AD4
  B:00B0H.0       PUBLIC        per_TxD
  B:0080H.5       PUBLIC        AD5
  B:0080H.6       PUBLIC        AD6
  B:0080H.7       PUBLIC        AD7
  B:00A0H.0       PUBLIC        AD8
  B:00A0H.1       PUBLIC        AD9
  B:0088H.1       PUBLIC        IE0
  B:00A0H.7       PUBLIC        AMBERLED
  B:0088H.3       PUBLIC        IE1
  B:00B0H.7       PUBLIC        E
  B:00A0H.5       PUBLIC        GREENLED
  B:00A8H.1       PUBLIC        ET0
  B:00A8H.3       PUBLIC        ET1
  B:0088H.5       PUBLIC        TF0
  B:00A8H.5       PUBLIC        ET2
  B:0088H.7       PUBLIC        TF1
  B:00C8H.7       PUBLIC        TF2
  B:0098H.2       PUBLIC        RB8
  B:00A8H.0       PUBLIC        EX0
  B:0088H.0       PUBLIC        IT0
  B:0098H.3       PUBLIC        TB8
  B:00A8H.2       PUBLIC        EX1
  B:0088H.2       PUBLIC        IT1
  B:00D0H.0       PUBLIC        P
  B:0098H.7       PUBLIC        SM0
  B:0090H.2       PUBLIC        ECI
BL51 BANKED LINKER/LOCATER V4.02                                                      12/10/2019  19:31:22  PAGE 18


  B:0098H.6       PUBLIC        SM1
  B:0098H.5       PUBLIC        SM2
  B:00D0H.3       PUBLIC        RS0
  B:0088H.4       PUBLIC        TR0
  B:00D0H.4       PUBLIC        RS1
  B:0090H.6       PUBLIC        per_SCLK
  B:0088H.6       PUBLIC        TR1
  B:00C8H.2       PUBLIC        TR2
  B:00A0H.0       PUBLIC        SW1
  B:00A0H.1       PUBLIC        SW2
  B:00A0H.2       PUBLIC        SW3
  B:00A0H.3       PUBLIC        SW4
  B:0090H.6       PUBLIC        SCK
  B:0090H.7       PUBLIC        per_MOSI
  B:0090H.5       PUBLIC        per_MISO
  B:00C8H.3       PUBLIC        EXEN2
  B:0098H.4       PUBLIC        REN
  B:00A0H.2       PUBLIC        AD10
  B:00A0H.3       PUBLIC        AD11
  D:00C8H         PUBLIC        T2CON
  B:00A0H.4       PUBLIC        AD12
  B:00A0H.5       PUBLIC        AD13
  B:00A0H.6       PUBLIC        AD14
  B:00A0H.7       PUBLIC        AD15
  B:00B8H.4       PUBLIC        PLS
  B:00D0H.5       PUBLIC        F0
  B:00D0H.1       PUBLIC        F1
  D:00D0H         PUBLIC        PSW
  B:00D8H.0       PUBLIC        CCF0
  B:00D8H.1       PUBLIC        CCF1
  -------         PROC          _LCD_WRITE
  D:0007H         SYMBOL        RegSelect
  D:0049H         SYMBOL        LCD_Data
  C:3B83H         LINE#         14
  C:3B85H         LINE#         15
  C:3B85H         LINE#         16
  C:3B88H         LINE#         17
  C:3B88H         LINE#         18
  C:3B8DH         LINE#         19
  C:3B8FH         LINE#         21
  C:3B8FH         LINE#         22
  C:3B94H         LINE#         23
  C:3B94H         LINE#         24
  C:3B99H         LINE#         25
  C:3B9EH         LINE#         26
  C:3BA3H         LINE#         27
  C:3BA8H         LINE#         28
  -------         ENDPROC       _LCD_WRITE
  -------         ENDMOD        LCD_HARDWARE_FUNCTIONS

  -------         MODULE        LCD_ROUTINES
  C:0000H         SYMBOL        _ICE_DUMMY_
  B:00D8H.2       PUBLIC        CCF2
  B:00D8H.3       PUBLIC        CCF3
  D:0080H         PUBLIC        P0
  B:00D8H.4       PUBLIC        CCF4
  D:0090H         PUBLIC        P1
BL51 BANKED LINKER/LOCATER V4.02                                                      12/10/2019  19:31:22  PAGE 19


  D:00A0H         PUBLIC        P2
  D:00B0H         PUBLIC        P3
  B:00B0H.4       PUBLIC        T0
  B:00D0H.6       PUBLIC        AC
  B:00B0H.5       PUBLIC        T1
  B:00B0H.7       PUBLIC        nRD
  B:0090H.0       PUBLIC        T2
  B:00A8H.7       PUBLIC        EA
  B:00A8H.6       PUBLIC        EC
  B:00D8H.7       PUBLIC        CF
  B:00B0H.2       PUBLIC        nINT0
  B:0098H.7       PUBLIC        FE
  B:00B0H.3       PUBLIC        nINT1
  D:00A8H         PUBLIC        IEN0
  B:00B0H.0       PUBLIC        RxD
  B:00B0H.1       PUBLIC        TxD
  B:0090H.3       PUBLIC        CEX0
  B:0090H.4       PUBLIC        CEX1
  B:00C8H.0       PUBLIC        CP
  B:00D8H.6       PUBLIC        CR
  B:00C8H.6       PUBLIC        EXF2
  D:00B8H         PUBLIC        IPL0
  B:00B0H.6       PUBLIC        nWR
  B:00A8H.4       PUBLIC        ES
  B:0098H.0       PUBLIC        RI
  B:00D0H.7       PUBLIC        CY
  B:0098H.1       PUBLIC        TI
  B:00B8H.1       PUBLIC        PT0L
  B:00B8H.3       PUBLIC        PT1L
  B:00B8H.5       PUBLIC        PT2L
  B:0090H.1       PUBLIC        T2EX
  D:00D8H         PUBLIC        CCON
  B:00B8H.0       PUBLIC        PX0L
  B:00D0H.2       PUBLIC        OV
  B:0090H.1       PUBLIC        SS
  B:00B8H.2       PUBLIC        PX1L
  B:00C8H.5       PUBLIC        RCLK
  B:00C8H.4       PUBLIC        TCLK
  B:00B8H.6       PUBLIC        PPCL
  D:0098H         PUBLIC        SCON
  B:0080H.0       PUBLIC        AD0
  D:0088H         PUBLIC        TCON
  B:0080H.1       PUBLIC        AD1
  B:0080H.2       PUBLIC        AD2
  B:00C8H.1       PUBLIC        CnT2
  B:0080H.3       PUBLIC        AD3
  B:0090H.5       PUBLIC        MISO
  B:0090H.7       PUBLIC        MOSI
  B:0080H.4       PUBLIC        AD4
  B:0080H.5       PUBLIC        AD5
  B:0080H.6       PUBLIC        AD6
  B:0080H.7       PUBLIC        AD7
  B:00A0H.0       PUBLIC        AD8
  B:00A0H.1       PUBLIC        AD9
  B:0088H.1       PUBLIC        IE0
  B:0088H.3       PUBLIC        IE1
  C:380AH         PUBLIC        _LCD_print
BL51 BANKED LINKER/LOCATER V4.02                                                      12/10/2019  19:31:22  PAGE 20


  B:00A8H.1       PUBLIC        ET0
  C:3AE1H         PUBLIC        LCD_Init
  B:00A8H.3       PUBLIC        ET1
  B:0088H.5       PUBLIC        TF0
  B:00A8H.5       PUBLIC        ET2
  B:0088H.7       PUBLIC        TF1
  B:00C8H.7       PUBLIC        TF2
  B:0098H.2       PUBLIC        RB8
  B:00A8H.0       PUBLIC        EX0
  B:0088H.0       PUBLIC        IT0
  B:0098H.3       PUBLIC        TB8
  B:00A8H.2       PUBLIC        EX1
  B:0088H.2       PUBLIC        IT1
  B:00D0H.0       PUBLIC        P
  B:0098H.7       PUBLIC        SM0
  B:0090H.2       PUBLIC        ECI
  B:0098H.6       PUBLIC        SM1
  B:0098H.5       PUBLIC        SM2
  B:00D0H.3       PUBLIC        RS0
  B:0088H.4       PUBLIC        TR0
  B:00D0H.4       PUBLIC        RS1
  B:0088H.6       PUBLIC        TR1
  B:00C8H.2       PUBLIC        TR2
  B:0090H.6       PUBLIC        SCK
  B:00C8H.3       PUBLIC        EXEN2
  B:0098H.4       PUBLIC        REN
  B:00A0H.2       PUBLIC        AD10
  B:00A0H.3       PUBLIC        AD11
  D:00C8H         PUBLIC        T2CON
  B:00A0H.4       PUBLIC        AD12
  B:00A0H.5       PUBLIC        AD13
  B:00A0H.6       PUBLIC        AD14
  B:00A0H.7       PUBLIC        AD15
  B:00B8H.4       PUBLIC        PLS
  B:00D0H.5       PUBLIC        F0
  B:00D0H.1       PUBLIC        F1
  D:00D0H         PUBLIC        PSW
  B:00D8H.0       PUBLIC        CCF0
  B:00D8H.1       PUBLIC        CCF1
  -------         PROC          LCD_INIT
  C:3AE1H         LINE#         14
  C:3AE1H         LINE#         15
  C:3AE1H         LINE#         16
  C:3AE8H         LINE#         17
  C:3AEFH         LINE#         18
  C:3AF6H         LINE#         19
  C:3AFDH         LINE#         20
  C:3B04H         LINE#         21
  C:3B0BH         LINE#         22
  C:3B12H         LINE#         23
  -------         ENDPROC       LCD_INIT
  -------         PROC          _LCD_PRINT
  D:0007H         SYMBOL        address
  D:0043H         SYMBOL        num_bytes
  D:0044H         SYMBOL        array_name_p
  -------         DO            array_name_p
  D:0047H         SYMBOL        index
BL51 BANKED LINKER/LOCATER V4.02                                                      12/10/2019  19:31:22  PAGE 21


  D:0048H         SYMBOL        character
  -------         ENDDO         character
  C:380AH         LINE#         28
  C:3812H         LINE#         29
  C:3812H         LINE#         31
  C:3816H         LINE#         32
  C:3816H         LINE#         33
  C:381FH         LINE#         34
  C:3826H         LINE#         35
  C:3826H         LINE#         36
  C:382AH         LINE#         37
  C:382AH         LINE#         38
  C:382CH         LINE#         39
  C:383CH         LINE#         40
  C:3840H         LINE#         41
  C:3840H         LINE#         42
  C:3846H         LINE#         43
  C:384DH         LINE#         44
  C:384FH         LINE#         45
  C:3860H         LINE#         46
  C:3862H         LINE#         47
  C:3862H         LINE#         49
  C:3862H         LINE#         50
  C:386CH         LINE#         51
  C:386CH         LINE#         52
  C:387DH         LINE#         53
  C:3883H         LINE#         54
  C:388AH         LINE#         55
  C:388EH         LINE#         56
  C:388EH         LINE#         57
  -------         ENDPROC       _LCD_PRINT
  -------         ENDMOD        LCD_ROUTINES

  -------         MODULE        LED_CONTROL
  C:0000H         SYMBOL        _ICE_DUMMY_
  B:00D8H.2       PUBLIC        CCF2
  B:00D8H.3       PUBLIC        CCF3
  D:0080H         PUBLIC        P0
  B:00D8H.4       PUBLIC        CCF4
  D:0090H         PUBLIC        P1
  D:00A0H         PUBLIC        P2
  D:00B0H         PUBLIC        P3
  B:00B0H.4       PUBLIC        T0
  B:00D0H.6       PUBLIC        AC
  B:00B0H.5       PUBLIC        T1
  B:00B0H.7       PUBLIC        nRD
  B:0090H.0       PUBLIC        T2
  B:00A8H.7       PUBLIC        EA
  C:3CA7H         PUBLIC        _LEDS_ON
  B:00A8H.6       PUBLIC        EC
  B:00D8H.7       PUBLIC        CF
  B:00B0H.2       PUBLIC        nINT0
  B:0098H.7       PUBLIC        FE
  B:00B0H.3       PUBLIC        nINT1
  D:00A8H         PUBLIC        IEN0
  B:00B0H.0       PUBLIC        RxD
  B:0090H.0       PUBLIC        P1_0
BL51 BANKED LINKER/LOCATER V4.02                                                      12/10/2019  19:31:22  PAGE 22


  B:00B0H.1       PUBLIC        TxD
  B:0090H.3       PUBLIC        CEX0
  B:0090H.1       PUBLIC        P1_1
  B:0090H.4       PUBLIC        CEX1
  B:0090H.2       PUBLIC        P1_2
  B:00C8H.0       PUBLIC        CP
  B:0090H.3       PUBLIC        P1_3
  B:00B0H.2       PUBLIC        P3_2
  B:00D8H.6       PUBLIC        CR
  B:00B0H.3       PUBLIC        P3_3
  B:00C8H.6       PUBLIC        EXF2
  D:00B8H         PUBLIC        IPL0
  B:00B0H.4       PUBLIC        P3_4
  B:00B0H.5       PUBLIC        P3_5
  B:00B0H.6       PUBLIC        nWR
  B:00A8H.4       PUBLIC        ES
  B:0098H.0       PUBLIC        RI
  B:00D0H.7       PUBLIC        CY
  B:0098H.1       PUBLIC        TI
  B:00B8H.1       PUBLIC        PT0L
  B:00B8H.3       PUBLIC        PT1L
  B:00B8H.5       PUBLIC        PT2L
  B:0090H.1       PUBLIC        T2EX
  D:00D8H         PUBLIC        CCON
  B:00B0H.6       PUBLIC        RS
  B:00B8H.0       PUBLIC        PX0L
  B:00D0H.2       PUBLIC        OV
  B:0090H.1       PUBLIC        SS
  B:00B8H.2       PUBLIC        PX1L
  B:00C8H.5       PUBLIC        RCLK
  B:00C8H.4       PUBLIC        TCLK
  B:00B8H.6       PUBLIC        PPCL
  B:00A0H.4       PUBLIC        REDLED
  D:0098H         PUBLIC        SCON
  B:00A0H.6       PUBLIC        YELLOWLED
  B:0090H.4       PUBLIC        nCS0
  B:0080H.0       PUBLIC        AD0
  D:0088H         PUBLIC        TCON
  B:0080H.1       PUBLIC        AD1
  B:0080H.2       PUBLIC        AD2
  B:00B0H.1       PUBLIC        per_RxD
  B:00C8H.1       PUBLIC        CnT2
  B:0080H.3       PUBLIC        AD3
  B:0090H.5       PUBLIC        MISO
  B:0090H.7       PUBLIC        MOSI
  B:0080H.4       PUBLIC        AD4
  B:00B0H.0       PUBLIC        per_TxD
  B:0080H.5       PUBLIC        AD5
  B:0080H.6       PUBLIC        AD6
  B:0080H.7       PUBLIC        AD7
  B:00A0H.0       PUBLIC        AD8
  B:00A0H.1       PUBLIC        AD9
  B:0088H.1       PUBLIC        IE0
  B:00A0H.7       PUBLIC        AMBERLED
  B:0088H.3       PUBLIC        IE1
  B:00B0H.7       PUBLIC        E
  C:3CBBH         PUBLIC        _LEDS_OFF
BL51 BANKED LINKER/LOCATER V4.02                                                      12/10/2019  19:31:22  PAGE 23


  B:00A0H.5       PUBLIC        GREENLED
  B:00A8H.1       PUBLIC        ET0
  B:00A8H.3       PUBLIC        ET1
  B:0088H.5       PUBLIC        TF0
  B:00A8H.5       PUBLIC        ET2
  B:0088H.7       PUBLIC        TF1
  B:00C8H.7       PUBLIC        TF2
  B:0098H.2       PUBLIC        RB8
  B:00A8H.0       PUBLIC        EX0
  B:0088H.0       PUBLIC        IT0
  B:0098H.3       PUBLIC        TB8
  B:00A8H.2       PUBLIC        EX1
  B:0088H.2       PUBLIC        IT1
  B:00D0H.0       PUBLIC        P
  B:0098H.7       PUBLIC        SM0
  B:0090H.2       PUBLIC        ECI
  B:0098H.6       PUBLIC        SM1
  B:0098H.5       PUBLIC        SM2
  B:00D0H.3       PUBLIC        RS0
  B:0088H.4       PUBLIC        TR0
  B:00D0H.4       PUBLIC        RS1
  B:0090H.6       PUBLIC        per_SCLK
  B:0088H.6       PUBLIC        TR1
  B:00C8H.2       PUBLIC        TR2
  B:00A0H.0       PUBLIC        SW1
  B:00A0H.1       PUBLIC        SW2
  B:00A0H.2       PUBLIC        SW3
  B:00A0H.3       PUBLIC        SW4
  B:0090H.6       PUBLIC        SCK
  B:0090H.7       PUBLIC        per_MOSI
  B:0090H.5       PUBLIC        per_MISO
  B:00C8H.3       PUBLIC        EXEN2
  B:0098H.4       PUBLIC        REN
  B:00A0H.2       PUBLIC        AD10
  B:00A0H.3       PUBLIC        AD11
  D:00C8H         PUBLIC        T2CON
  B:00A0H.4       PUBLIC        AD12
  B:00A0H.5       PUBLIC        AD13
  B:00A0H.6       PUBLIC        AD14
  B:00A0H.7       PUBLIC        AD15
  B:00B8H.4       PUBLIC        PLS
  B:00D0H.5       PUBLIC        F0
  B:00D0H.1       PUBLIC        F1
  D:00D0H         PUBLIC        PSW
  B:00D8H.0       PUBLIC        CCF0
  B:00D8H.1       PUBLIC        CCF1
  -------         PROC          _LEDS_ON
  D:0007H         SYMBOL        LED_mask
  C:3CA7H         LINE#         13
  C:3CA7H         LINE#         14
  C:3CA7H         LINE#         15
  C:3CABH         LINE#         16
  -------         ENDPROC       _LEDS_ON
  -------         PROC          _LEDS_OFF
  D:0007H         SYMBOL        LED_mask
  C:3CBBH         LINE#         26
  C:3CBBH         LINE#         27
BL51 BANKED LINKER/LOCATER V4.02                                                      12/10/2019  19:31:22  PAGE 24


  C:3CBBH         LINE#         28
  C:3CBEH         LINE#         29
  -------         ENDPROC       _LEDS_OFF
  -------         ENDMOD        LED_CONTROL

  -------         MODULE        LONG_SERIAL_IN
  C:0000H         SYMBOL        _ICE_DUMMY_
  B:00D8H.2       PUBLIC        CCF2
  B:00D8H.3       PUBLIC        CCF3
  D:0080H         PUBLIC        P0
  B:00D8H.4       PUBLIC        CCF4
  D:0090H         PUBLIC        P1
  D:00A0H         PUBLIC        P2
  D:00B0H         PUBLIC        P3
  B:00B0H.4       PUBLIC        T0
  B:00D0H.6       PUBLIC        AC
  B:00B0H.5       PUBLIC        T1
  B:00B0H.7       PUBLIC        nRD
  B:0090H.0       PUBLIC        T2
  B:00A8H.7       PUBLIC        EA
  B:00A8H.6       PUBLIC        EC
  B:00D8H.7       PUBLIC        CF
  B:00B0H.2       PUBLIC        nINT0
  B:0098H.7       PUBLIC        FE
  B:00B0H.3       PUBLIC        nINT1
  D:00A8H         PUBLIC        IEN0
  B:00B0H.0       PUBLIC        RxD
  B:00B0H.1       PUBLIC        TxD
  B:0090H.3       PUBLIC        CEX0
  B:0090H.4       PUBLIC        CEX1
  B:00C8H.0       PUBLIC        CP
  B:00D8H.6       PUBLIC        CR
  B:00C8H.6       PUBLIC        EXF2
  D:00B8H         PUBLIC        IPL0
  B:00B0H.6       PUBLIC        nWR
  B:00A8H.4       PUBLIC        ES
  B:0098H.0       PUBLIC        RI
  B:00D0H.7       PUBLIC        CY
  B:0098H.1       PUBLIC        TI
  B:00B8H.1       PUBLIC        PT0L
  B:00B8H.3       PUBLIC        PT1L
  B:00B8H.5       PUBLIC        PT2L
  B:0090H.1       PUBLIC        T2EX
  D:00D8H         PUBLIC        CCON
  B:00B8H.0       PUBLIC        PX0L
  B:00D0H.2       PUBLIC        OV
  B:0090H.1       PUBLIC        SS
  B:00B8H.2       PUBLIC        PX1L
  C:3340H         PUBLIC        long_serial_input
  B:00C8H.5       PUBLIC        RCLK
  B:00C8H.4       PUBLIC        TCLK
  B:00B8H.6       PUBLIC        PPCL
  D:0098H         PUBLIC        SCON
  B:0080H.0       PUBLIC        AD0
  D:0088H         PUBLIC        TCON
  B:0080H.1       PUBLIC        AD1
  B:0080H.2       PUBLIC        AD2
BL51 BANKED LINKER/LOCATER V4.02                                                      12/10/2019  19:31:22  PAGE 25


  B:00C8H.1       PUBLIC        CnT2
  B:0080H.3       PUBLIC        AD3
  B:0090H.5       PUBLIC        MISO
  B:0090H.7       PUBLIC        MOSI
  B:0080H.4       PUBLIC        AD4
  B:0080H.5       PUBLIC        AD5
  B:0080H.6       PUBLIC        AD6
  B:0080H.7       PUBLIC        AD7
  B:00A0H.0       PUBLIC        AD8
  B:00A0H.1       PUBLIC        AD9
  B:0088H.1       PUBLIC        IE0
  B:0088H.3       PUBLIC        IE1
  B:00A8H.1       PUBLIC        ET0
  B:00A8H.3       PUBLIC        ET1
  B:0088H.5       PUBLIC        TF0
  B:00A8H.5       PUBLIC        ET2
  B:0088H.7       PUBLIC        TF1
  B:00C8H.7       PUBLIC        TF2
  B:0098H.2       PUBLIC        RB8
  B:00A8H.0       PUBLIC        EX0
  B:0088H.0       PUBLIC        IT0
  B:0098H.3       PUBLIC        TB8
  B:00A8H.2       PUBLIC        EX1
  B:0088H.2       PUBLIC        IT1
  B:00D0H.0       PUBLIC        P
  B:0098H.7       PUBLIC        SM0
  B:0090H.2       PUBLIC        ECI
  B:0098H.6       PUBLIC        SM1
  B:0098H.5       PUBLIC        SM2
  B:00D0H.3       PUBLIC        RS0
  B:0088H.4       PUBLIC        TR0
  B:00D0H.4       PUBLIC        RS1
  B:0088H.6       PUBLIC        TR1
  B:00C8H.2       PUBLIC        TR2
  B:0090H.6       PUBLIC        SCK
  B:00C8H.3       PUBLIC        EXEN2
  B:0098H.4       PUBLIC        REN
  B:00A0H.2       PUBLIC        AD10
  B:00A0H.3       PUBLIC        AD11
  D:00C8H         PUBLIC        T2CON
  B:00A0H.4       PUBLIC        AD12
  B:00A0H.5       PUBLIC        AD13
  B:00A0H.6       PUBLIC        AD14
  B:00A0H.7       PUBLIC        AD15
  B:00B8H.4       PUBLIC        PLS
  B:00D0H.5       PUBLIC        F0
  B:00D0H.1       PUBLIC        F1
  D:00D0H         PUBLIC        PSW
  B:00D8H.0       PUBLIC        CCF0
  B:00D8H.1       PUBLIC        CCF1
  -------         PROC          LONG_SERIAL_INPUT
  -------         DO            LONG_SERIAL_INPUT
  D:0043H         SYMBOL        index
  D:0044H         SYMBOL        input
  D:0045H         SYMBOL        input_values
  D:0050H         SYMBOL        output_value
  -------         ENDDO         output_value
BL51 BANKED LINKER/LOCATER V4.02                                                      12/10/2019  19:31:22  PAGE 26


  C:3340H         LINE#         16
  C:3340H         LINE#         17
  C:3340H         LINE#         20
  C:3343H         LINE#         21
  C:3343H         LINE#         22
  C:334AH         LINE#         23
  C:3351H         LINE#         24
  C:335BH         LINE#         25
  C:335EH         LINE#         27
  C:335EH         LINE#         28
  C:3363H         LINE#         29
  C:3371H         LINE#         30
  C:3371H         LINE#         31
  C:3378H         LINE#         32
  C:337AH         LINE#         33
  C:337FH         LINE#         34
  C:3381H         LINE#         35
  C:338CH         LINE#         36
  C:338CH         LINE#         37
  C:338EH         LINE#         38
  C:3395H         LINE#         39
  C:339AH         LINE#         40
  C:339FH         LINE#         41
  C:33A4H         LINE#         42
  C:33A6H         LINE#         43
  C:33B1H         LINE#         44
  C:33B1H         LINE#         45
  C:33C2H         LINE#         46
  C:33C7H         LINE#         47
  C:33CCH         LINE#         48
  C:33CEH         LINE#         50
  C:33CEH         LINE#         51
  C:33D1H         LINE#         52
  C:33D1H         LINE#         53
  C:33D6H         LINE#         54
  C:33D6H         LINE#         55
  C:33E7H         LINE#         56
  C:33ECH         LINE#         57
  C:33F1H         LINE#         58
  C:33F1H         LINE#         59
  C:3408H         LINE#         61
  C:3410H         LINE#         62
  -------         ENDPROC       LONG_SERIAL_INPUT
  -------         ENDMOD        LONG_SERIAL_IN

  -------         MODULE        OUTPUTS
  C:0000H         SYMBOL        _ICE_DUMMY_
  B:00D8H.2       PUBLIC        CCF2
  B:00D8H.3       PUBLIC        CCF3
  D:0080H         PUBLIC        P0
  B:00D8H.4       PUBLIC        CCF4
  D:0090H         PUBLIC        P1
  D:00A0H         PUBLIC        P2
  D:00B0H         PUBLIC        P3
  B:00B0H.4       PUBLIC        T0
  B:00D0H.6       PUBLIC        AC
  B:00B0H.5       PUBLIC        T1
BL51 BANKED LINKER/LOCATER V4.02                                                      12/10/2019  19:31:22  PAGE 27


  B:00B0H.7       PUBLIC        nRD
  B:0090H.0       PUBLIC        T2
  B:00A8H.7       PUBLIC        EA
  B:00A8H.6       PUBLIC        EC
  B:00D8H.7       PUBLIC        CF
  C:3CCFH         PUBLIC        _P0_output_bits
  B:00B0H.2       PUBLIC        nINT0
  B:0098H.7       PUBLIC        FE
  B:00B0H.3       PUBLIC        nINT1
  D:00A8H         PUBLIC        IEN0
  B:00B0H.0       PUBLIC        RxD
  B:0090H.0       PUBLIC        P1_0
  B:00B0H.1       PUBLIC        TxD
  B:0090H.3       PUBLIC        CEX0
  B:0090H.1       PUBLIC        P1_1
  B:0090H.4       PUBLIC        CEX1
  B:0090H.2       PUBLIC        P1_2
  B:00C8H.0       PUBLIC        CP
  B:0090H.3       PUBLIC        P1_3
  B:00B0H.2       PUBLIC        P3_2
  B:00D8H.6       PUBLIC        CR
  B:00B0H.3       PUBLIC        P3_3
  B:00C8H.6       PUBLIC        EXF2
  D:00B8H         PUBLIC        IPL0
  B:00B0H.4       PUBLIC        P3_4
  B:00B0H.5       PUBLIC        P3_5
  B:00B0H.6       PUBLIC        nWR
  B:00A8H.4       PUBLIC        ES
  B:0098H.0       PUBLIC        RI
  B:00D0H.7       PUBLIC        CY
  B:0098H.1       PUBLIC        TI
  B:00B8H.1       PUBLIC        PT0L
  B:00B8H.3       PUBLIC        PT1L
  B:00B8H.5       PUBLIC        PT2L
  B:0090H.1       PUBLIC        T2EX
  D:00D8H         PUBLIC        CCON
  B:00B0H.6       PUBLIC        RS
  B:00B8H.0       PUBLIC        PX0L
  B:00D0H.2       PUBLIC        OV
  B:0090H.1       PUBLIC        SS
  B:00B8H.2       PUBLIC        PX1L
  B:00C8H.5       PUBLIC        RCLK
  B:00C8H.4       PUBLIC        TCLK
  B:00B8H.6       PUBLIC        PPCL
  C:3CBFH         PUBLIC        _P2_set_bit
  C:3CC3H         PUBLIC        _P3_set_bit
  B:00A0H.4       PUBLIC        REDLED
  D:0098H         PUBLIC        SCON
  B:00A0H.6       PUBLIC        YELLOWLED
  B:0090H.4       PUBLIC        nCS0
  B:0080H.0       PUBLIC        AD0
  D:0088H         PUBLIC        TCON
  B:0080H.1       PUBLIC        AD1
  B:0080H.2       PUBLIC        AD2
  B:00B0H.1       PUBLIC        per_RxD
  B:00C8H.1       PUBLIC        CnT2
  B:0080H.3       PUBLIC        AD3
BL51 BANKED LINKER/LOCATER V4.02                                                      12/10/2019  19:31:22  PAGE 28


  B:0090H.5       PUBLIC        MISO
  B:0090H.7       PUBLIC        MOSI
  B:0080H.4       PUBLIC        AD4
  B:00B0H.0       PUBLIC        per_TxD
  B:0080H.5       PUBLIC        AD5
  B:0080H.6       PUBLIC        AD6
  B:0080H.7       PUBLIC        AD7
  B:00A0H.0       PUBLIC        AD8
  B:00A0H.1       PUBLIC        AD9
  B:0088H.1       PUBLIC        IE0
  B:00A0H.7       PUBLIC        AMBERLED
  B:0088H.3       PUBLIC        IE1
  B:00B0H.7       PUBLIC        E
  B:00A0H.5       PUBLIC        GREENLED
  B:00A8H.1       PUBLIC        ET0
  B:00A8H.3       PUBLIC        ET1
  B:0088H.5       PUBLIC        TF0
  B:00A8H.5       PUBLIC        ET2
  B:0088H.7       PUBLIC        TF1
  B:00C8H.7       PUBLIC        TF2
  B:0098H.2       PUBLIC        RB8
  B:00A8H.0       PUBLIC        EX0
  B:0088H.0       PUBLIC        IT0
  B:0098H.3       PUBLIC        TB8
  B:00A8H.2       PUBLIC        EX1
  B:0088H.2       PUBLIC        IT1
  B:00D0H.0       PUBLIC        P
  B:0098H.7       PUBLIC        SM0
  B:0090H.2       PUBLIC        ECI
  B:0098H.6       PUBLIC        SM1
  B:0098H.5       PUBLIC        SM2
  B:00D0H.3       PUBLIC        RS0
  B:0088H.4       PUBLIC        TR0
  B:00D0H.4       PUBLIC        RS1
  B:0090H.6       PUBLIC        per_SCLK
  B:0088H.6       PUBLIC        TR1
  B:00C8H.2       PUBLIC        TR2
  B:00A0H.0       PUBLIC        SW1
  B:00A0H.1       PUBLIC        SW2
  B:00A0H.2       PUBLIC        SW3
  B:00A0H.3       PUBLIC        SW4
  B:0090H.6       PUBLIC        SCK
  B:0090H.7       PUBLIC        per_MOSI
  B:0090H.5       PUBLIC        per_MISO
  B:00C8H.3       PUBLIC        EXEN2
  B:0098H.4       PUBLIC        REN
  B:00A0H.2       PUBLIC        AD10
  B:00A0H.3       PUBLIC        AD11
  D:00C8H         PUBLIC        T2CON
  B:00A0H.4       PUBLIC        AD12
  B:00A0H.5       PUBLIC        AD13
  B:00A0H.6       PUBLIC        AD14
  B:00A0H.7       PUBLIC        AD15
  C:3CACH         PUBLIC        _P3_clear_bit
  B:00B8H.4       PUBLIC        PLS
  B:00D0H.5       PUBLIC        F0
  B:00D0H.1       PUBLIC        F1
BL51 BANKED LINKER/LOCATER V4.02                                                      12/10/2019  19:31:22  PAGE 29


  D:00D0H         PUBLIC        PSW
  B:00D8H.0       PUBLIC        CCF0
  B:00D8H.1       PUBLIC        CCF1
  -------         PROC          _P0_OUTPUT_BITS
  D:0007H         SYMBOL        Port_Data
  C:3CCFH         LINE#         14
  C:3CCFH         LINE#         15
  C:3CCFH         LINE#         16
  C:3CD1H         LINE#         17
  -------         ENDPROC       _P0_OUTPUT_BITS
  -------         PROC          _P3_CLEAR_BIT
  D:0007H         SYMBOL        Bit_Data
  C:3CACH         LINE#         60
  C:3CACH         LINE#         61
  C:3CACH         LINE#         62
  C:3CB0H         LINE#         63
  -------         ENDPROC       _P3_CLEAR_BIT
  -------         PROC          _P2_SET_BIT
  D:0007H         SYMBOL        Bit_Data
  C:3CBFH         LINE#         81
  C:3CBFH         LINE#         82
  C:3CBFH         LINE#         83
  C:3CC2H         LINE#         84
  -------         ENDPROC       _P2_SET_BIT
  -------         PROC          _P3_SET_BIT
  D:0007H         SYMBOL        Bit_Data
  C:3CC3H         LINE#         86
  C:3CC3H         LINE#         87
  C:3CC3H         LINE#         88
  C:3CC6H         LINE#         89
  -------         ENDPROC       _P3_SET_BIT
  -------         ENDMOD        OUTPUTS

  -------         MODULE        PRINT_BYTES
  C:0000H         SYMBOL        _ICE_DUMMY_
  B:00D8H.2       PUBLIC        CCF2
  B:00D8H.3       PUBLIC        CCF3
  D:0080H         PUBLIC        P0
  B:00D8H.4       PUBLIC        CCF4
  D:0090H         PUBLIC        P1
  D:00A0H         PUBLIC        P2
  D:00B0H         PUBLIC        P3
  B:00B0H.4       PUBLIC        T0
  B:00D0H.6       PUBLIC        AC
  B:00B0H.5       PUBLIC        T1
  B:00B0H.7       PUBLIC        nRD
  B:0090H.0       PUBLIC        T2
  B:00A8H.7       PUBLIC        EA
  B:00A8H.6       PUBLIC        EC
  B:00D8H.7       PUBLIC        CF
  B:00B0H.2       PUBLIC        nINT0
  B:0098H.7       PUBLIC        FE
  B:00B0H.3       PUBLIC        nINT1
  D:00A8H         PUBLIC        IEN0
  B:00B0H.0       PUBLIC        RxD
  B:00B0H.1       PUBLIC        TxD
  B:0090H.3       PUBLIC        CEX0
BL51 BANKED LINKER/LOCATER V4.02                                                      12/10/2019  19:31:22  PAGE 30


  B:0090H.4       PUBLIC        CEX1
  B:00C8H.0       PUBLIC        CP
  B:00D8H.6       PUBLIC        CR
  B:00C8H.6       PUBLIC        EXF2
  D:00B8H         PUBLIC        IPL0
  B:00B0H.6       PUBLIC        nWR
  B:00A8H.4       PUBLIC        ES
  B:0098H.0       PUBLIC        RI
  B:00D0H.7       PUBLIC        CY
  B:0098H.1       PUBLIC        TI
  B:00B8H.1       PUBLIC        PT0L
  B:00B8H.3       PUBLIC        PT1L
  B:00B8H.5       PUBLIC        PT2L
  B:0090H.1       PUBLIC        T2EX
  D:00D8H         PUBLIC        CCON
  B:00B8H.0       PUBLIC        PX0L
  B:00D0H.2       PUBLIC        OV
  B:0090H.1       PUBLIC        SS
  B:00B8H.2       PUBLIC        PX1L
  B:00C8H.5       PUBLIC        RCLK
  B:00C8H.4       PUBLIC        TCLK
  B:00B8H.6       PUBLIC        PPCL
  D:0098H         PUBLIC        SCON
  B:0080H.0       PUBLIC        AD0
  D:0088H         PUBLIC        TCON
  B:0080H.1       PUBLIC        AD1
  B:0080H.2       PUBLIC        AD2
  B:00C8H.1       PUBLIC        CnT2
  B:0080H.3       PUBLIC        AD3
  B:0090H.5       PUBLIC        MISO
  B:0090H.7       PUBLIC        MOSI
  B:0080H.4       PUBLIC        AD4
  B:0080H.5       PUBLIC        AD5
  B:0080H.6       PUBLIC        AD6
  B:0080H.7       PUBLIC        AD7
  B:00A0H.0       PUBLIC        AD8
  B:00A0H.1       PUBLIC        AD9
  B:0088H.1       PUBLIC        IE0
  B:0088H.3       PUBLIC        IE1
  B:00A8H.1       PUBLIC        ET0
  B:00A8H.3       PUBLIC        ET1
  B:0088H.5       PUBLIC        TF0
  B:00A8H.5       PUBLIC        ET2
  B:0088H.7       PUBLIC        TF1
  B:00C8H.7       PUBLIC        TF2
  B:0098H.2       PUBLIC        RB8
  B:00A8H.0       PUBLIC        EX0
  B:0088H.0       PUBLIC        IT0
  B:0098H.3       PUBLIC        TB8
  B:00A8H.2       PUBLIC        EX1
  B:0088H.2       PUBLIC        IT1
  B:00D0H.0       PUBLIC        P
  B:0098H.7       PUBLIC        SM0
  B:0090H.2       PUBLIC        ECI
  B:0098H.6       PUBLIC        SM1
  B:0098H.5       PUBLIC        SM2
  B:00D0H.3       PUBLIC        RS0
BL51 BANKED LINKER/LOCATER V4.02                                                      12/10/2019  19:31:22  PAGE 31


  B:0088H.4       PUBLIC        TR0
  B:00D0H.4       PUBLIC        RS1
  B:0088H.6       PUBLIC        TR1
  B:00C8H.2       PUBLIC        TR2
  B:0090H.6       PUBLIC        SCK
  B:00C8H.3       PUBLIC        EXEN2
  B:0098H.4       PUBLIC        REN
  B:00A0H.2       PUBLIC        AD10
  B:00A0H.3       PUBLIC        AD11
  D:00C8H         PUBLIC        T2CON
  B:00A0H.4       PUBLIC        AD12
  B:00A0H.5       PUBLIC        AD13
  B:00A0H.6       PUBLIC        AD14
  B:00A0H.7       PUBLIC        AD15
  B:00B8H.4       PUBLIC        PLS
  B:00D0H.5       PUBLIC        F0
  B:00D0H.1       PUBLIC        F1
  D:00D0H         PUBLIC        PSW
  B:00D8H.0       PUBLIC        CCF0
  B:00D8H.1       PUBLIC        CCF1
  -------         ENDMOD        PRINT_BYTES

  -------         MODULE        READ_SECTOR
  C:0000H         SYMBOL        _ICE_DUMMY_
  B:00D8H.2       PUBLIC        CCF2
  B:00D8H.3       PUBLIC        CCF3
  D:0080H         PUBLIC        P0
  B:00D8H.4       PUBLIC        CCF4
  D:0090H         PUBLIC        P1
  D:00A0H         PUBLIC        P2
  D:00B0H         PUBLIC        P3
  B:00B0H.4       PUBLIC        T0
  B:00D0H.6       PUBLIC        AC
  B:00B0H.5       PUBLIC        T1
  B:00B0H.7       PUBLIC        nRD
  B:0090H.0       PUBLIC        T2
  B:00A8H.7       PUBLIC        EA
  B:00A8H.6       PUBLIC        EC
  B:00D8H.7       PUBLIC        CF
  B:00B0H.2       PUBLIC        nINT0
  B:0098H.7       PUBLIC        FE
  B:00B0H.3       PUBLIC        nINT1
  D:00A8H         PUBLIC        IEN0
  B:00B0H.0       PUBLIC        RxD
  B:00B0H.1       PUBLIC        TxD
  B:0090H.3       PUBLIC        CEX0
  B:0090H.4       PUBLIC        CEX1
  B:00C8H.0       PUBLIC        CP
  B:00D8H.6       PUBLIC        CR
  B:00C8H.6       PUBLIC        EXF2
  D:00B8H         PUBLIC        IPL0
  B:00B0H.6       PUBLIC        nWR
  B:00A8H.4       PUBLIC        ES
  B:0098H.0       PUBLIC        RI
  B:00D0H.7       PUBLIC        CY
  B:0098H.1       PUBLIC        TI
  B:00B8H.1       PUBLIC        PT0L
BL51 BANKED LINKER/LOCATER V4.02                                                      12/10/2019  19:31:22  PAGE 32


  B:00B8H.3       PUBLIC        PT1L
  B:00B8H.5       PUBLIC        PT2L
  B:0090H.1       PUBLIC        T2EX
  D:00D8H         PUBLIC        CCON
  B:00B8H.0       PUBLIC        PX0L
  B:00D0H.2       PUBLIC        OV
  B:0090H.1       PUBLIC        SS
  B:00B8H.2       PUBLIC        PX1L
  B:00C8H.5       PUBLIC        RCLK
  B:00C8H.4       PUBLIC        TCLK
  B:00B8H.6       PUBLIC        PPCL
  C:3A46H         PUBLIC        _Read_Sector
  D:0098H         PUBLIC        SCON
  B:0080H.0       PUBLIC        AD0
  D:0088H         PUBLIC        TCON
  B:0080H.1       PUBLIC        AD1
  B:0080H.2       PUBLIC        AD2
  B:00C8H.1       PUBLIC        CnT2
  B:0080H.3       PUBLIC        AD3
  B:0090H.5       PUBLIC        MISO
  B:0090H.7       PUBLIC        MOSI
  B:0080H.4       PUBLIC        AD4
  B:0080H.5       PUBLIC        AD5
  B:0080H.6       PUBLIC        AD6
  B:0080H.7       PUBLIC        AD7
  B:00A0H.0       PUBLIC        AD8
  B:00A0H.1       PUBLIC        AD9
  B:0088H.1       PUBLIC        IE0
  B:0088H.3       PUBLIC        IE1
  B:00A8H.1       PUBLIC        ET0
  B:00A8H.3       PUBLIC        ET1
  B:0088H.5       PUBLIC        TF0
  B:00A8H.5       PUBLIC        ET2
  B:0088H.7       PUBLIC        TF1
  B:00C8H.7       PUBLIC        TF2
  B:0098H.2       PUBLIC        RB8
  B:00A8H.0       PUBLIC        EX0
  B:0088H.0       PUBLIC        IT0
  B:0098H.3       PUBLIC        TB8
  B:00A8H.2       PUBLIC        EX1
  B:0088H.2       PUBLIC        IT1
  B:00D0H.0       PUBLIC        P
  B:0098H.7       PUBLIC        SM0
  B:0090H.2       PUBLIC        ECI
  B:0098H.6       PUBLIC        SM1
  B:0098H.5       PUBLIC        SM2
  B:00D0H.3       PUBLIC        RS0
  B:0088H.4       PUBLIC        TR0
  B:00D0H.4       PUBLIC        RS1
  B:0088H.6       PUBLIC        TR1
  B:00C8H.2       PUBLIC        TR2
  B:0090H.6       PUBLIC        SCK
  B:00C8H.3       PUBLIC        EXEN2
  B:0098H.4       PUBLIC        REN
  B:00A0H.2       PUBLIC        AD10
  B:00A0H.3       PUBLIC        AD11
  D:00C8H         PUBLIC        T2CON
BL51 BANKED LINKER/LOCATER V4.02                                                      12/10/2019  19:31:22  PAGE 33


  B:00A0H.4       PUBLIC        AD12
  B:00A0H.5       PUBLIC        AD13
  B:00A0H.6       PUBLIC        AD14
  B:00A0H.7       PUBLIC        AD15
  B:00B8H.4       PUBLIC        PLS
  B:00D0H.5       PUBLIC        F0
  B:00D0H.1       PUBLIC        F1
  D:00D0H         PUBLIC        PSW
  B:00D8H.0       PUBLIC        CCF0
  B:00D8H.1       PUBLIC        CCF1
  -------         PROC          _READ_SECTOR
  D:0068H         SYMBOL        sector_number
  D:006CH         SYMBOL        sector_size
  D:006EH         SYMBOL        array_for_data
  -------         DO            array_for_data
  D:0071H         SYMBOL        SDtype
  D:0072H         SYMBOL        error_flag
  -------         ENDDO         error_flag
  C:3A46H         LINE#         13
  C:3A4EH         LINE#         14
  C:3A4EH         LINE#         16
  C:3A51H         LINE#         19
  C:3A56H         LINE#         21
  C:3A5BH         LINE#         23
  C:3A79H         LINE#         25
  C:3A7DH         LINE#         26
  C:3A7DH         LINE#         27
  C:3A8CH         LINE#         28
  C:3A8CH         LINE#         30
  C:3A91H         LINE#         32
  C:3A95H         LINE#         33
  C:3A95H         LINE#         34
  C:3A98H         LINE#         35
  C:3A98H         LINE#         36
  C:3A9AH         LINE#         37
  -------         ENDPROC       _READ_SECTOR
  -------         ENDMOD        READ_SECTOR

  -------         MODULE        SDCARD
  C:0000H         SYMBOL        _ICE_DUMMY_
  B:00D8H.2       PUBLIC        CCF2
  B:00D8H.3       PUBLIC        CCF3
  D:0080H         PUBLIC        P0
  B:00D8H.4       PUBLIC        CCF4
  D:0090H         PUBLIC        P1
  D:00A0H         PUBLIC        P2
  D:00B0H         PUBLIC        P3
  B:00B0H.4       PUBLIC        T0
  B:00D0H.6       PUBLIC        AC
  B:00B0H.5       PUBLIC        T1
  B:00B0H.7       PUBLIC        nRD
  B:0090H.0       PUBLIC        T2
  B:00A8H.7       PUBLIC        EA
  B:00A8H.6       PUBLIC        EC
  B:00D8H.7       PUBLIC        CF
  B:00B0H.2       PUBLIC        nINT0
  B:0098H.7       PUBLIC        FE
BL51 BANKED LINKER/LOCATER V4.02                                                      12/10/2019  19:31:22  PAGE 34


  B:00B0H.3       PUBLIC        nINT1
  D:00A8H         PUBLIC        IEN0
  B:00B0H.0       PUBLIC        RxD
  B:0090H.0       PUBLIC        P1_0
  B:00B0H.1       PUBLIC        TxD
  B:0090H.3       PUBLIC        CEX0
  B:0090H.1       PUBLIC        P1_1
  B:0090H.4       PUBLIC        CEX1
  B:0090H.2       PUBLIC        P1_2
  B:00C8H.0       PUBLIC        CP
  B:0090H.3       PUBLIC        P1_3
  B:00B0H.2       PUBLIC        P3_2
  B:00D8H.6       PUBLIC        CR
  B:00B0H.3       PUBLIC        P3_3
  B:00C8H.6       PUBLIC        EXF2
  D:00B8H         PUBLIC        IPL0
  B:00B0H.4       PUBLIC        P3_4
  B:00B0H.5       PUBLIC        P3_5
  B:00B0H.6       PUBLIC        nWR
  B:00A8H.4       PUBLIC        ES
  B:0098H.0       PUBLIC        RI
  B:00D0H.7       PUBLIC        CY
  B:0098H.1       PUBLIC        TI
  C:396EH         PUBLIC        _print_error
  B:00B8H.1       PUBLIC        PT0L
  B:00B8H.3       PUBLIC        PT1L
  B:00B8H.5       PUBLIC        PT2L
  B:0090H.1       PUBLIC        T2EX
  D:00D8H         PUBLIC        CCON
  B:00B0H.6       PUBLIC        RS
[...]
  C:147CH         LINE#         117
  C:147CH         LINE#         119
  C:1488H         LINE#         120
  C:1488H         LINE#         121
  C:148AH         LINE#         122
  C:14A4H         LINE#         123
  C:14A6H         LINE#         124
  C:14BDH         LINE#         125
  C:14CFH         LINE#         126
  C:14CFH         LINE#         127
  C:14E1H         LINE#         128
  C:14E1H         LINE#         129
  C:14FAH         LINE#         130
  C:14FAH         LINE#         131
  C:14FEH         LINE#         132
  C:1500H         LINE#         134
  C:1500H         LINE#         135
  C:1504H         LINE#         136
  C:1504H         LINE#         137
  C:1506H         LINE#         139
  C:1506H         LINE#         140
  C:150AH         LINE#         141
  C:150AH         LINE#         142
  C:150CH         LINE#         143
  C:150CH         LINE#         144
  C:150FH         LINE#         145
  C:151DH         LINE#         146
  C:151DH         LINE#         147
  C:1531H         LINE#         148
  C:1531H         LINE#         149
  C:154AH         LINE#         150
  C:154AH         LINE#         151
  C:154EH         LINE#         152
  C:1551H         LINE#         154
  C:1551H         LINE#         155
  C:1555H         LINE#         156
  C:1555H         LINE#         157
  C:1555H         LINE#         162
  C:1555H         LINE#         163
BL51 BANKED LINKER/LOCATER V4.02                                                      12/10/2019  19:31:22  PAGE 70


  C:1558H         LINE#         164
  C:1558H         LINE#         165
  C:1558H         LINE#         166
  C:1558H         LINE#         168
  C:1564H         LINE#         169
  C:1564H         LINE#         170
  C:1566H         LINE#         171
  C:1580H         LINE#         172
  C:1582H         LINE#         173
  C:1599H         LINE#         174
  C:15ABH         LINE#         175
  C:15ABH         LINE#         176
  C:15BDH         LINE#         177
  C:15BDH         LINE#         178
  C:15D6H         LINE#         179
  C:15D6H         LINE#         180
  C:15DAH         LINE#         181
  C:15DCH         LINE#         183
  C:15DCH         LINE#         184
  C:15E0H         LINE#         185
  C:15E0H         LINE#         186
  C:15E2H         LINE#         188
  C:15E2H         LINE#         189
  C:15E6H         LINE#         190
  C:15E6H         LINE#         191
  C:15E8H         LINE#         192
  C:15E8H         LINE#         193
  C:15EBH         LINE#         194
  C:15FBH         LINE#         195
  C:15FBH         LINE#         196
  C:160FH         LINE#         197
  C:160FH         LINE#         198
  C:1628H         LINE#         199
  C:1628H         LINE#         200
  C:162CH         LINE#         201
  C:162FH         LINE#         203
  C:162FH         LINE#         204
  C:1633H         LINE#         205
  C:1633H         LINE#         206
  C:1633H         LINE#         211
  C:1633H         LINE#         212
  C:1636H         LINE#         213
  C:1636H         LINE#         214
  C:1636H         LINE#         215
  C:1636H         LINE#         216
  C:1669H         LINE#         217
  C:1680H         LINE#         218
  C:1689H         LINE#         219
  C:168DH         LINE#         220
  C:1690H         LINE#         221
  C:1690H         LINE#         222
  C:1690H         LINE#         223
  C:1690H         LINE#         224
  C:16C3H         LINE#         225
  C:16DAH         LINE#         226
  C:16E3H         LINE#         227
  C:16E7H         LINE#         228
BL51 BANKED LINKER/LOCATER V4.02                                                      12/10/2019  19:31:22  PAGE 71


  C:16EAH         LINE#         229
  C:16EAH         LINE#         230
  C:16EAH         LINE#         231
  C:16EAH         LINE#         232
  C:16FDH         LINE#         233
  C:170FH         LINE#         234
  C:170FH         LINE#         235
  C:171CH         LINE#         236
  C:1725H         LINE#         237
  C:1729H         LINE#         238
  C:172BH         LINE#         240
  C:172BH         LINE#         241
  C:172FH         LINE#         242
  C:1732H         LINE#         243
  C:1732H         LINE#         244
  C:1734H         LINE#         245
  C:1734H         LINE#         246
  C:1734H         LINE#         247
  C:1734H         LINE#         248
  C:1747H         LINE#         249
  C:1759H         LINE#         250
  C:1759H         LINE#         251
  C:1766H         LINE#         252
  C:176FH         LINE#         253
  C:1773H         LINE#         254
  C:1775H         LINE#         256
  C:1775H         LINE#         257
  C:1779H         LINE#         258
  C:177CH         LINE#         259
  C:177CH         LINE#         260
  C:177CH         LINE#         261
  C:177CH         LINE#         262
  C:177CH         LINE#         263
  -------         ENDPROC       MP3_PLAYER_ISR
  -------         ENDMOD        MP3

  -------         MODULE        MAIN
  C:0000H         SYMBOL        _ICE_DUMMY_
  B:00D8H.2       PUBLIC        CCF2
  B:00D8H.3       PUBLIC        CCF3
  D:0080H         PUBLIC        P0
  B:00D8H.4       PUBLIC        CCF4
  D:0090H         PUBLIC        P1
  D:00A0H         PUBLIC        P2
  D:00B0H         PUBLIC        P3
  B:00B0H.4       PUBLIC        T0
  B:00D0H.6       PUBLIC        AC
  B:00B0H.5       PUBLIC        T1
  B:00B0H.7       PUBLIC        nRD
  B:0090H.0       PUBLIC        T2
  B:00A8H.7       PUBLIC        EA
  B:00A8H.6       PUBLIC        EC
  B:00D8H.7       PUBLIC        CF
  B:00B0H.2       PUBLIC        nINT0
  B:0098H.7       PUBLIC        FE
  B:00B0H.3       PUBLIC        nINT1
  D:00A8H         PUBLIC        IEN0
BL51 BANKED LINKER/LOCATER V4.02                                                      12/10/2019  19:31:22  PAGE 72


  B:00B0H.0       PUBLIC        RxD
  B:0090H.0       PUBLIC        P1_0
  B:00B0H.1       PUBLIC        TxD
  B:0090H.3       PUBLIC        CEX0
  B:0090H.1       PUBLIC        P1_1
  B:0090H.4       PUBLIC        CEX1
  B:0090H.2       PUBLIC        P1_2
  B:00C8H.0       PUBLIC        CP
  B:0090H.3       PUBLIC        P1_3
  B:00B0H.2       PUBLIC        P3_2
  B:00D8H.6       PUBLIC        CR
  B:00B0H.3       PUBLIC        P3_3
  B:00C8H.6       PUBLIC        EXF2
  D:00B8H         PUBLIC        IPL0
  B:00B0H.4       PUBLIC        P3_4
  B:00B0H.5       PUBLIC        P3_5
  B:00B0H.6       PUBLIC        nWR
  B:00A8H.4       PUBLIC        ES
  B:0098H.0       PUBLIC        RI
  B:00D0H.7       PUBLIC        CY
  B:0098H.1       PUBLIC        TI
  D:008FH         PUBLIC        CKCON0
  B:00B8H.1       PUBLIC        PT0L
  B:00B8H.3       PUBLIC        PT1L
  C:2D8BH         PUBLIC        SDHC
  B:00B8H.5       PUBLIC        PT2L
  B:0090H.1       PUBLIC        T2EX
  D:00D8H         PUBLIC        CCON
  B:00B0H.6       PUBLIC        RS
  B:00B8H.0       PUBLIC        PX0L
  B:00D0H.2       PUBLIC        OV
  B:0090H.1       PUBLIC        SS
  B:00B8H.2       PUBLIC        PX1L
  C:23C0H         PUBLIC        main
  C:2D6DH         PUBLIC        SD_start
  B:00C8H.5       PUBLIC        RCLK
  C:2D7DH         PUBLIC        SDSC
  X:0000H         PUBLIC        buffer1
  B:00C8H.4       PUBLIC        TCLK
  X:0200H         PUBLIC        buffer2
  B:00B8H.6       PUBLIC        PPCL
  B:00A0H.4       PUBLIC        REDLED
  D:0098H         PUBLIC        SCON
  B:00A0H.6       PUBLIC        YELLOWLED
  B:0090H.4       PUBLIC        nCS0
  B:0080H.0       PUBLIC        AD0
  D:0088H         PUBLIC        TCON
  B:0080H.1       PUBLIC        AD1
  B:0080H.2       PUBLIC        AD2
  B:00B0H.1       PUBLIC        per_RxD
  B:00C8H.1       PUBLIC        CnT2
  B:0080H.3       PUBLIC        AD3
  B:0090H.5       PUBLIC        MISO
  B:0090H.7       PUBLIC        MOSI
  B:0080H.4       PUBLIC        AD4
  B:00B0H.0       PUBLIC        per_TxD
  B:0080H.5       PUBLIC        AD5
BL51 BANKED LINKER/LOCATER V4.02                                                      12/10/2019  19:31:22  PAGE 73


  B:0080H.6       PUBLIC        AD6
  B:0080H.7       PUBLIC        AD7
  B:00A0H.0       PUBLIC        AD8
  B:00A0H.1       PUBLIC        AD9
  B:0088H.1       PUBLIC        IE0
  B:00A0H.7       PUBLIC        AMBERLED
  B:0088H.3       PUBLIC        IE1
  D:008EH         PUBLIC        AUXR
  B:00B0H.7       PUBLIC        E
  B:00A0H.5       PUBLIC        GREENLED
  B:00A8H.1       PUBLIC        ET0
  B:00A8H.3       PUBLIC        ET1
  B:0088H.5       PUBLIC        TF0
  B:00A8H.5       PUBLIC        ET2
  B:0088H.7       PUBLIC        TF1
  B:00C8H.7       PUBLIC        TF2
  B:0098H.2       PUBLIC        RB8
  B:00A8H.0       PUBLIC        EX0
  B:0088H.0       PUBLIC        IT0
  B:0098H.3       PUBLIC        TB8
  B:00A8H.2       PUBLIC        EX1
  B:0088H.2       PUBLIC        IT1
  B:00D0H.0       PUBLIC        P
  B:0098H.7       PUBLIC        SM0
  B:0090H.2       PUBLIC        ECI
  B:0098H.6       PUBLIC        SM1
  B:0098H.5       PUBLIC        SM2
  B:00D0H.3       PUBLIC        RS0
  B:0088H.4       PUBLIC        TR0
  B:00D0H.4       PUBLIC        RS1
  B:0090H.6       PUBLIC        per_SCLK
  B:0088H.6       PUBLIC        TR1
  B:00C8H.2       PUBLIC        TR2
  B:00A0H.0       PUBLIC        SW1
  B:00A0H.1       PUBLIC        SW2
  B:00A0H.2       PUBLIC        SW3
  B:00A0H.3       PUBLIC        SW4
  B:0090H.6       PUBLIC        SCK
  B:0090H.7       PUBLIC        per_MOSI
  B:0090H.5       PUBLIC        per_MISO
  B:00C8H.3       PUBLIC        EXEN2
  B:0098H.4       PUBLIC        REN
  B:00A0H.2       PUBLIC        AD10
  B:00A0H.3       PUBLIC        AD11
  D:00C8H         PUBLIC        T2CON
  B:00A0H.4       PUBLIC        AD12
  B:00A0H.5       PUBLIC        AD13
  B:00A0H.6       PUBLIC        AD14
  B:00A0H.7       PUBLIC        AD15
  B:00B8H.4       PUBLIC        PLS
  B:00D0H.5       PUBLIC        F0
  B:00D0H.1       PUBLIC        F1
  D:00D0H         PUBLIC        PSW
  B:00D8H.0       PUBLIC        CCF0
  B:00D8H.1       PUBLIC        CCF1
  -------         PROC          MAIN
  -------         DO            MAIN
BL51 BANKED LINKER/LOCATER V4.02                                                      12/10/2019  19:31:22  PAGE 74


  I:007FH         SYMBOL        block_num
  I:0083H         SYMBOL        i
  I:0085H         SYMBOL        error_flag
  I:0086H         SYMBOL        SD_stat
  I:0087H         SYMBOL        cluster_num
  I:008BH         SYMBOL        current_directory_sector
  I:008FH         SYMBOL        num_entries
  D:0040H         SYMBOL        Mounted_Drive_values
  -------         ENDDO         Mounted_Drive_values
  C:23C0H         LINE#         33
  C:23C0H         LINE#         34
  C:23C0H         LINE#         42
  C:23C9H         LINE#         43
  C:23CCH         LINE#         44
  C:23CCH         LINE#         45
  C:23CCH         LINE#         46
  C:23CFH         LINE#         47
  C:23CFH         LINE#         48
  C:23CFH         LINE#         49
  C:23CFH         LINE#         50
  C:23CFH         LINE#         51
  C:23CFH         LINE#         53
  C:23D4H         LINE#         54
  C:23D9H         LINE#         55
  C:23DEH         LINE#         56
  C:23E4H         LINE#         57
  C:2404H         LINE#         58
  C:2409H         LINE#         59
  C:2410H         LINE#         60
  C:2419H         LINE#         61
  C:241CH         LINE#         62
  C:2425H         LINE#         63
  C:2431H         LINE#         64
  C:2440H         LINE#         65
  C:2449H         LINE#         66
  C:244CH         LINE#         67
  C:2455H         LINE#         68
  C:245AH         LINE#         69
  C:245AH         LINE#         70
  C:245FH         LINE#         71
  C:2464H         LINE#         72
  C:2466H         LINE#         73
  C:2466H         LINE#         74
  C:246BH         LINE#         76
  C:2472H         LINE#         77
  C:2474H         LINE#         78
  C:2474H         LINE#         79
  C:2479H         LINE#         80
  C:247EH         LINE#         81
  C:2480H         LINE#         82
  C:2480H         LINE#         83
  C:2485H         LINE#         84
  C:2494H         LINE#         85
  C:2496H         LINE#         86
  C:2496H         LINE#         87
  C:249BH         LINE#         88
  C:24A0H         LINE#         89
BL51 BANKED LINKER/LOCATER V4.02                                                      12/10/2019  19:31:22  PAGE 75


  C:24A2H         LINE#         90
  C:24A2H         LINE#         91
  C:24B5H         LINE#         92
  C:24B5H         LINE#         93
  C:24C2H         LINE#         95
  C:24CAH         LINE#         96
  C:24D1H         LINE#         97
  C:24D4H         LINE#         98
  C:24D4H         LINE#         99
  C:24E1H         LINE#         100
  C:24E3H         LINE#         101
  C:24E8H         LINE#         102
  C:24E8H         LINE#         103
  C:24F4H         LINE#         104
  C:24F4H         LINE#         106
  C:24FFH         LINE#         107
  C:2510H         LINE#         108
  C:2510H         LINE#         109
  C:2510H         LINE#         110
  C:2526H         LINE#         111
  C:252FH         LINE#         112
  C:2537H         LINE#         113
  C:2557H         LINE#         114
  C:2557H         LINE#         115
  C:2560H         LINE#         116
  C:2568H         LINE#         117
  C:256AH         LINE#         119
  C:256FH         LINE#         120
  C:258CH         LINE#         121
  C:25A4H         LINE#         122
  C:25A4H         LINE#         123
  C:25ADH         LINE#         124
  C:25BEH         LINE#         125
  C:25CBH         LINE#         126
  C:25CEH         LINE#         128
  C:25CEH         LINE#         129
  C:25D7H         LINE#         130
  C:25E8H         LINE#         132
  C:25F0H         LINE#         134
  C:25F0H         LINE#         135
  -------         ENDPROC       MAIN
  -------         ENDMOD        MAIN

  -------         MODULE        ?C?CLDPTR
  C:1AF3H         PUBLIC        ?C?CLDPTR
  -------         ENDMOD        ?C?CLDPTR

  -------         MODULE        ?C?CLDOPTR
  C:1B0CH         PUBLIC        ?C?CLDOPTR
  -------         ENDMOD        ?C?CLDOPTR

  -------         MODULE        ?C?CSTPTR
  C:1B39H         PUBLIC        ?C?CSTPTR
  -------         ENDMOD        ?C?CSTPTR

  -------         MODULE        ?C?CSTOPTR
  C:1B4BH         PUBLIC        ?C?CSTOPTR
BL51 BANKED LINKER/LOCATER V4.02                                                      12/10/2019  19:31:22  PAGE 76


  -------         ENDMOD        ?C?CSTOPTR

  -------         MODULE        ?C?UIDIV
  C:1B6DH         PUBLIC        ?C?UIDIV
  -------         ENDMOD        ?C?UIDIV

  -------         MODULE        ?C?ILDOPTR
  C:1BC2H         PUBLIC        ?C?ILDOPTR
  -------         ENDMOD        ?C?ILDOPTR

  -------         MODULE        ?C?LMUL
  C:1BFAH         PUBLIC        ?C?LMUL
  -------         ENDMOD        ?C?LMUL

  -------         MODULE        ?C?ULDIV
  C:1C85H         PUBLIC        ?C?ULDIV
  -------         ENDMOD        ?C?ULDIV

  -------         MODULE        ?C?SLCMP
  C:1D17H         PUBLIC        ?C?SLCMP
  -------         ENDMOD        ?C?SLCMP

  -------         MODULE        ?C?ULCMP
  C:1D2DH         PUBLIC        ?C?ULCMP
  -------         ENDMOD        ?C?ULCMP

  -------         MODULE        ?C?ULSHR
  C:1D3EH         PUBLIC        ?C?ULSHR
  -------         ENDMOD        ?C?ULSHR

  -------         MODULE        ?C?LSHL
  C:1D51H         PUBLIC        ?C?LSHL
  -------         ENDMOD        ?C?LSHL

  -------         MODULE        ?C?LLDOPTR
  C:1D64H         PUBLIC        ?C?LLDOPTR
  -------         ENDMOD        ?C?LLDOPTR

  -------         MODULE        ?C?LLDIDATA
  C:1D94H         PUBLIC        ?C?LLDIDATA
  -------         ENDMOD        ?C?LLDIDATA

  -------         MODULE        ?C?LLDIDATA0
  C:1DA0H         PUBLIC        ?C?LLDIDATA0
  -------         ENDMOD        ?C?LLDIDATA0

  -------         MODULE        ?C?LSTIDATA
  C:1DADH         PUBLIC        ?C?LSTIDATA
  -------         ENDMOD        ?C?LSTIDATA

  -------         MODULE        ?C?LSTXDATA
  C:1DB9H         PUBLIC        ?C?LSTXDATA
  -------         ENDMOD        ?C?LSTXDATA

  -------         MODULE        ?C?LSTKIDATA
  C:1DC5H         PUBLIC        ?C?LSTKIDATA
  -------         ENDMOD        ?C?LSTKIDATA
BL51 BANKED LINKER/LOCATER V4.02                                                      12/10/2019  19:31:22  PAGE 77



  -------         MODULE        PUTCHAR
  C:0003H         PUBLIC        _PUTCHAR
  -------         ENDMOD        PUTCHAR

  -------         MODULE        PRINTF
  D:0068H         PUBLIC        ?_PRINTF517?BYTE
  D:0068H         PUBLIC        ?_PRINTF?BYTE
  D:0068H         PUBLIC        ?_SPRINTF517?BYTE
  D:0068H         PUBLIC        ?_SPRINTF?BYTE
  C:17F9H         PUBLIC        _PRINTF
  C:17F9H         PUBLIC        _PRINTF517
  C:17F3H         PUBLIC        _SPRINTF
  C:17F3H         PUBLIC        _SPRINTF517
  -------         ENDMOD        PRINTF

  -------         MODULE        ATOL
  C:3186H         PUBLIC        _ATOL
  -------         ENDMOD        ATOL

  -------         MODULE        ?C?LNEG
  C:1DDEH         PUBLIC        ?C?LNEG
  -------         ENDMOD        ?C?LNEG

  -------         MODULE        ?C?LLDXDATA
  C:1DECH         PUBLIC        ?C?LLDXDATA
  -------         ENDMOD        ?C?LLDXDATA

  -------         MODULE        ?C?LLDPDATA
  C:1DF8H         PUBLIC        ?C?LLDPDATA
  -------         ENDMOD        ?C?LLDPDATA

  -------         MODULE        ?C?LLDCODE
  C:1E04H         PUBLIC        ?C?LLDCODE
  -------         ENDMOD        ?C?LLDCODE

  -------         MODULE        ?C?PLDIIDATA
  C:1E14H         PUBLIC        ?C?PLDIIDATA
  -------         ENDMOD        ?C?PLDIIDATA

  -------         MODULE        ?C?CCASE
  C:1E24H         PUBLIC        ?C?CCASE
  -------         ENDMOD        ?C?CCASE

  -------         MODULE        ISDIGIT
  C:3C70H         PUBLIC        _ISDIGIT
  -------         ENDMOD        ISDIGIT

  -------         MODULE        ISSPACE
  C:3C5DH         PUBLIC        _ISSPACE
  -------         ENDMOD        ISSPACE

*** WARNING L16: UNCALLED SEGMENT, IGNORED FOR OVERLAY PROCESS
    SEGMENT: ?PR?_OPEN_FILE?DIRECTORY_FUNCTIONS_STRUCT

*** WARNING L15: MULTIPLE CALL TO SEGMENT
    SEGMENT: ?PR?_SPI_TRANSFER?SPI
BL51 BANKED LINKER/LOCATER V4.02                                                      12/10/2019  19:31:22  PAGE 78


    CALLER1: ?PR?MP3_PLAYER_ISR?MP3
    CALLER2: ?C_C51STARTUP

*** WARNING L15: MULTIPLE CALL TO SEGMENT
    SEGMENT: ?PR?_SEND_COMMAND?SDCARD
    CALLER1: ?PR?MP3_PLAYER_ISR?MP3
    CALLER2: ?C_C51STARTUP

*** WARNING L15: MULTIPLE CALL TO SEGMENT
    SEGMENT: ?PR?_READ_SECTOR?READ_SECTOR
    CALLER1: ?PR?MP3_PLAYER_ISR?MP3
    CALLER2: ?C_C51STARTUP

*** WARNING L15: MULTIPLE CALL TO SEGMENT
    SEGMENT: ?PR?_READ_BLOCK?SDCARD
    CALLER1: ?PR?MP3_PLAYER_ISR?MP3
    CALLER2: ?C_C51STARTUP

*** WARNING L15: MULTIPLE CALL TO SEGMENT
    SEGMENT: ?PR?_READ32?DIRECTORY_FUNCTIONS_STRUCT
    CALLER1: ?PR?MP3_PLAYER_ISR?MP3
    CALLER2: ?C_C51STARTUP

*** WARNING L15: MULTIPLE CALL TO SEGMENT
    SEGMENT: ?PR?_FIRST_SECTOR?DIRECTORY_FUNCTIONS_STRUCT
    CALLER1: ?PR?MP3_PLAYER_ISR?MP3
    CALLER2: ?C_C51STARTUP

LINK/LOCATE RUN COMPLETE.  7 WARNING(S),  0 ERROR(S)
