BL51 BANKED LINKER/LOCATER V4.02                                                        12/10/2019  21:04:01  PAGE 1


BL51 BANKED LINKER/LOCATER V4.02, INVOKED BY:
C:\KEIL\C51\BIN\BL51.EXE Directory_Functions_struct.obj, LCD_hardware_functions.obj, LCD_routines.obj, LED_Control.obj, 
>> Long_Serial_In.obj, Outputs.obj, print_bytes.obj, Read_Sector.obj, SDCard.obj, SPI.obj, Timer0_hardware_delay_1ms.obj
>> , UART.obj, sEOS.obj, I2C.obj, STA013.obj, config.obj, MP3.obj, main.obj TO CPE5160_Final RAMSIZE (256)


MEMORY MODEL: SMALL


INPUT MODULES INCLUDED:
  Directory_Functions_struct.obj (DIRECTORY_FUNCTIONS_STRUCT)
  LCD_hardware_functions.obj (LCD_HARDWARE_FUNCTIONS)
  LCD_routines.obj (LCD_ROUTINES)
  LED_Control.obj (LED_CONTROL)
  Long_Serial_In.obj (LONG_SERIAL_IN)
  Outputs.obj (OUTPUTS)
  print_bytes.obj (PRINT_BYTES)
  Read_Sector.obj (READ_SECTOR)
  SDCard.obj (SDCARD)
  SPI.obj (SPI)
  Timer0_hardware_delay_1ms.obj (TIMER0_HARDWARE_DELAY_1MS)
  UART.obj (UART)
  sEOS.obj (SEOS)
  I2C.obj (I2C)
  STA013.obj (STA013)
  config.obj (CONFIG)
  MP3.obj (MP3)
  main.obj (MAIN)
  C:\KEIL\C51\LIB\C51S.LIB (?C_STARTUP)
  C:\KEIL\C51\LIB\C51S.LIB (?C?CLDPTR)
  C:\KEIL\C51\LIB\C51S.LIB (?C?CLDOPTR)
  C:\KEIL\C51\LIB\C51S.LIB (?C?CSTPTR)
  C:\KEIL\C51\LIB\C51S.LIB (?C?CSTOPTR)
  C:\KEIL\C51\LIB\C51S.LIB (?C?UIDIV)
  C:\KEIL\C51\LIB\C51S.LIB (?C?ILDOPTR)
  C:\KEIL\C51\LIB\C51S.LIB (?C?LMUL)
  C:\KEIL\C51\LIB\C51S.LIB (?C?ULDIV)
  C:\KEIL\C51\LIB\C51S.LIB (?C?SLCMP)
  C:\KEIL\C51\LIB\C51S.LIB (?C?ULCMP)
  C:\KEIL\C51\LIB\C51S.LIB (?C?ULSHR)
  C:\KEIL\C51\LIB\C51S.LIB (?C?LSHL)
  C:\KEIL\C51\LIB\C51S.LIB (?C?LLDOPTR)
  C:\KEIL\C51\LIB\C51S.LIB (?C?LLDIDATA)
  C:\KEIL\C51\LIB\C51S.LIB (?C?LLDIDATA0)
  C:\KEIL\C51\LIB\C51S.LIB (?C?LSTIDATA)
  C:\KEIL\C51\LIB\C51S.LIB (?C?LSTXDATA)
  C:\KEIL\C51\LIB\C51S.LIB (?C?LSTKIDATA)
  C:\KEIL\C51\LIB\C51S.LIB (PUTCHAR)
  C:\KEIL\C51\LIB\C51S.LIB (PRINTF)
  C:\KEIL\C51\LIB\C51S.LIB (ATOL)
  C:\KEIL\C51\LIB\C51S.LIB (?C?LNEG)
  C:\KEIL\C51\LIB\C51S.LIB (?C?LLDXDATA)
  C:\KEIL\C51\LIB\C51S.LIB (?C?LLDPDATA)
  C:\KEIL\C51\LIB\C51S.LIB (?C?LLDCODE)
  C:\KEIL\C51\LIB\C51S.LIB (?C?PLDIIDATA)
  C:\KEIL\C51\LIB\C51S.LIB (?C?CCASE)
  C:\KEIL\C51\LIB\C51S.LIB (ISDIGIT)
  C:\KEIL\C51\LIB\C51S.LIB (ISSPACE)
BL51 BANKED LINKER/LOCATER V4.02                                                      12/10/2019  21:04:01  PAGE 2




LINK MAP OF MODULE:  CPE5160_Final (DIRECTORY_FUNCTIONS_STRUCT)


            TYPE    BASE      LENGTH    RELOCATION   SEGMENT NAME
            -----------------------------------------------------

            * * * * * * *   D A T A   M E M O R Y   * * * * * * *
            REG     0000H     0008H     ABSOLUTE     "REG BANK 0"
            DATA    0008H     000FH     UNIT         ?DT?_OPEN_FILE?DIRECTORY_FUNCTIONS_STRUCT
            DATA    0017H     0003H     UNIT         ?DT?MP3
            IDATA   001AH     0001H     UNIT         ?ID?SDCARD
                    001BH     0005H                  *** GAP ***
            BIT     0020H.0   0001H.1   UNIT         _BIT_GROUP_
                    0021H.1   0000H.7                *** GAP ***
            DATA    0022H     005DH     UNIT         _DATA_GROUP_
            IDATA   007FH     001EH     UNIT         _IDATA_GROUP_
            IDATA   009DH     0016H     UNIT         ?ID?DIRECTORY_FUNCTIONS_STRUCT
            IDATA   00B3H     0016H     UNIT         ?ID?MP3
            IDATA   00C9H     0001H     UNIT         ?STACK

            * * * * * * *  X D A T A   M E M O R Y  * * * * * * *
            XDATA   0000H     0400H     UNIT         ?XD?MAIN
            XDATA   0400H     0008H     UNIT         _XDATA_GROUP_

            * * * * * * *   C O D E   M E M O R Y   * * * * * * *
            CODE    0000H     0003H     ABSOLUTE     
            CODE    0003H     0027H     UNIT         ?PR?PUTCHAR?PUTCHAR
                    002AH     0001H                  *** GAP ***
            CODE    002BH     0003H     ABSOLUTE     
            CODE    002EH     0FF6H     UNIT         STA013_CONFIG
            CODE    1024H     03DDH     UNIT         ?PR?SD_CARD_INIT?SDCARD
            CODE    1401H     0381H     UNIT         ?PR?MP3_PLAYER_ISR?MP3
            CODE    1782H     035CH     UNIT         ?PR?PRINTF?PRINTF
            CODE    1ADEH     0357H     UNIT         ?C?LIB_CODE
            CODE    1E35H     02F3H     UNIT         ?PR?_MOUNT_DRIVE?DIRECTORY_FUNCTIONS_STRUCT
            CODE    2128H     024CH     UNIT         ?PR?MAIN?MAIN
            CODE    2374H     0233H     UNIT         ?PR?_READ_DIR_ENTRY?DIRECTORY_FUNCTIONS_STRUCT
            CODE    25A7H     01FDH     UNIT         ?CO?SDCARD
            CODE    27A4H     01EFH     UNIT         ?PR?_PRINT_DIRECTORY?DIRECTORY_FUNCTIONS_STRUCT
            CODE    2993H     0159H     UNIT         ?PR?_I2C_WRITE?I2C
            CODE    2AECH     013EH     UNIT         ?PR?_I2C_READ?I2C
            CODE    2C2AH     0139H     UNIT         ?CO?MAIN
            CODE    2D63H     010BH     UNIT         ?PR?_SEND_COMMAND?SDCARD
            CODE    2E6EH     00FFH     UNIT         ?PR?_READ_BLOCK?SDCARD
            CODE    2F6DH     00F7H     UNIT         ?PR?_PLAY_MP3_FILE?MP3
            CODE    3064H     00DEH     UNIT         ?PR?_ATOL?ATOL
            CODE    3142H     00D1H     UNIT         ?PR?LONG_SERIAL_INPUT?LONG_SERIAL_IN
            CODE    3213H     00B4H     UNIT         ?PR?_RESPONSE?SDCARD
            CODE    32C7H     00B3H     UNIT         ?PR?_OPEN_FILE?DIRECTORY_FUNCTIONS_STRUCT
            CODE    337AH     00ACH     UNIT         ?PR?STA013_INIT?STA013
            CODE    3426H     00ABH     UNIT         ?PR?_FIND_NEXT_CLUS?DIRECTORY_FUNCTIONS_STRUCT
            CODE    34D1H     008DH     UNIT         ?PR?_STA013_CONFIG?STA013
            CODE    355EH     008CH     UNIT         ?PR?_SPI_MASTER_INIT?SPI
            CODE    35EAH     0085H     UNIT         ?PR?_LCD_PRINT?LCD_ROUTINES
            CODE    366FH     0071H     UNIT         ?PR?_FIRST_SECTOR?DIRECTORY_FUNCTIONS_STRUCT
BL51 BANKED LINKER/LOCATER V4.02                                                      12/10/2019  21:04:01  PAGE 3


            CODE    36E0H     006EH     UNIT         ?PR?_READ32?DIRECTORY_FUNCTIONS_STRUCT
            CODE    374EH     006EH     UNIT         ?PR?_PRINT_ERROR?SDCARD
            CODE    37BCH     006AH     UNIT         ?PR?_READ16?DIRECTORY_FUNCTIONS_STRUCT
            CODE    3826H     0055H     UNIT         ?PR?_READ_SECTOR?READ_SECTOR
            CODE    387BH     0046H     UNIT         ?PR?_SPI_TRANSFER?SPI
            CODE    38C1H     0043H     UNIT         ?CO?DIRECTORY_FUNCTIONS_STRUCT
            CODE    3904H     0038H     UNIT         ?PR?LCD_INIT?LCD_ROUTINES
            CODE    393CH     0035H     UNIT         ?PR?_UART_INIT?UART
            CODE    3971H     0035H     UNIT         ?PR?_SEOS_INIT?SEOS
            CODE    39A6H     002AH     UNIT         ?PR?_LCD_WRITE?LCD_HARDWARE_FUNCTIONS
            CODE    39D0H     0026H     UNIT         ?PR?_TIMER0_DELAY_1MS?TIMER0_HARDWARE_DELAY_1MS
            CODE    39F6H     0020H     UNIT         ?PR?_UART_TRANSMIT?UART
            CODE    3A16H     0020H     UNIT         ?PR?ACK_CHECK?I2C
            CODE    3A36H     001FH     UNIT         ?PR?_I2C_CLOCK_DELAY?I2C
            CODE    3A55H     0018H     UNIT         ?PR?_READ8?DIRECTORY_FUNCTIONS_STRUCT
            CODE    3A6DH     0013H     UNIT         ?PR?I2C_CLOCK_START?I2C
            CODE    3A80H     0013H     UNIT         ?PR?_ISSPACE?ISSPACE
            CODE    3A93H     0011H     UNIT         ?CO?STA013
            CODE    3AA4H     000FH     UNIT         ?PR?_ISDIGIT?ISDIGIT
            CODE    3AB3H     000DH     UNIT         ?PR?MP3_CLOCK_RESET?MP3
            CODE    3AC0H     000CH     UNIT         ?C_C51STARTUP
            CODE    3ACCH     0008H     UNIT         ?PR?UART_RECEIVE?UART
            CODE    3AD4H     0007H     UNIT         ?PR?EXPORT_DRIVE_VALUES?DIRECTORY_FUNCTIONS_STRUCT
            CODE    3ADBH     0005H     UNIT         ?PR?_LEDS_ON?LED_CONTROL
            CODE    3AE0H     0005H     UNIT         ?PR?_P3_CLEAR_BIT?OUTPUTS
            CODE    3AE5H     0005H     UNIT         ?PR?RETURN_SD_CARD_TYPE?SDCARD
            CODE    3AEAH     0005H     UNIT         ?PR?_SPI_SELECT_CLEAR?SPI
            CODE    3AEFH     0004H     UNIT         ?PR?_LEDS_OFF?LED_CONTROL
            CODE    3AF3H     0004H     UNIT         ?PR?_P2_SET_BIT?OUTPUTS
            CODE    3AF7H     0004H     UNIT         ?PR?_P3_SET_BIT?OUTPUTS
            CODE    3AFBH     0004H     UNIT         ?PR?_SPI_SELECT_SET?SPI
            CODE    3AFFH     0004H     UNIT         ?PR?GO_TO_SLEEP?SEOS
            CODE    3B03H     0003H     UNIT         ?PR?_P0_OUTPUT_BITS?OUTPUTS



OVERLAY MAP OF MODULE:   CPE5160_Final (DIRECTORY_FUNCTIONS_STRUCT)


SEGMENT                                                       BIT_GROUP          DATA_GROUP          IDATA_GROUP        
>>  XDATA_GROUP
  +--> CALLED SEGMENT                                      START    LENGTH     START    LENGTH     START    LENGTH     S
>> TART    LENGTH
------------------------------------------------------------------------------------------------------------------------
>> --------------
?PR?MP3_PLAYER_ISR?MP3                                     -----    -----      0022H    0001H      -----    -----      -
>> ----    -----
  +--> ?PR?MP3_CLOCK_RESET?MP3
  +--> ?PR?_SPI_TRANSFER?SPI
  +--> ?PR?_READ_SECTOR?READ_SECTOR
  +--> ?PR?_FIND_NEXT_CLUS?DIRECTORY_FUNCTIONS_STRUCT
  +--> ?PR?_FIRST_SECTOR?DIRECTORY_FUNCTIONS_STRUCT

?PR?_SPI_TRANSFER?SPI                                      -----    -----      007DH    0002H      -----    -----      -
>> ----    -----

?PR?_READ_SECTOR?READ_SECTOR                               -----    -----      0068H    000BH      -----    -----      -
BL51 BANKED LINKER/LOCATER V4.02                                                      12/10/2019  21:04:01  PAGE 4


>> ----    -----
  +--> ?PR?RETURN_SD_CARD_TYPE?SDCARD
  +--> ?PR?_SPI_SELECT_CLEAR?SPI
  +--> ?PR?_SEND_COMMAND?SDCARD
  +--> ?PR?_READ_BLOCK?SDCARD
  +--> ?PR?_SPI_SELECT_SET?SPI

?PR?_SEND_COMMAND?SDCARD                                   -----    -----      0073H    0009H      -----    -----      -
>> ----    -----
  +--> ?PR?_SPI_TRANSFER?SPI

?PR?_READ_BLOCK?SDCARD                                     -----    -----      0073H    000AH      -----    -----      -
>> ----    -----
  +--> ?PR?_SPI_TRANSFER?SPI

?PR?_FIND_NEXT_CLUS?DIRECTORY_FUNCTIONS_STRUCT             -----    -----      0023H    0006H      -----    -----      -
>> ----    -----
  +--> ?PR?_READ_SECTOR?READ_SECTOR
  +--> ?PR?_READ32?DIRECTORY_FUNCTIONS_STRUCT

?PR?_READ32?DIRECTORY_FUNCTIONS_STRUCT                     -----    -----      0068H    000AH      -----    -----      -
>> ----    -----

?PR?_FIRST_SECTOR?DIRECTORY_FUNCTIONS_STRUCT               -----    -----      0047H    0008H      -----    -----      -
>> ----    -----

*** NEW ROOT ***************************************************

?C_C51STARTUP                                              -----    -----      -----    -----      -----    -----      -
>> ----    -----
  +--> ?PR?MAIN?MAIN

?PR?MAIN?MAIN                                              -----    -----      0040H    0003H      007FH    0014H      -
>> ----    -----
  +--> ?PR?EXPORT_DRIVE_VALUES?DIRECTORY_FUNCTIONS_STRUCT
  +--> ?PR?_P2_SET_BIT?OUTPUTS
  +--> ?PR?_LEDS_OFF?LED_CONTROL
  +--> ?PR?_LEDS_ON?LED_CONTROL
  +--> ?PR?_UART_INIT?UART
  +--> ?CO?MAIN
  +--> ?PR?PRINTF?PRINTF
  +--> ?PR?LCD_INIT?LCD_ROUTINES
  +--> ?PR?_LCD_PRINT?LCD_ROUTINES
  +--> ?PR?_SPI_MASTER_INIT?SPI
  +--> ?PR?STA013_INIT?STA013
  +--> ?PR?_UART_TRANSMIT?UART
  +--> ?PR?SD_CARD_INIT?SDCARD
  +--> ?PR?RETURN_SD_CARD_TYPE?SDCARD
  +--> ?PR?_MOUNT_DRIVE?DIRECTORY_FUNCTIONS_STRUCT
  +--> ?PR?_PRINT_DIRECTORY?DIRECTORY_FUNCTIONS_STRUCT
  +--> ?PR?LONG_SERIAL_INPUT?LONG_SERIAL_IN
  +--> ?PR?_READ_DIR_ENTRY?DIRECTORY_FUNCTIONS_STRUCT
  +--> ?PR?_FIRST_SECTOR?DIRECTORY_FUNCTIONS_STRUCT
  +--> ?PR?_PLAY_MP3_FILE?MP3

?PR?PRINTF?PRINTF                                          0020H.0  0001H.1    0068H    0014H      -----    -----      -
>> ----    -----
BL51 BANKED LINKER/LOCATER V4.02                                                      12/10/2019  21:04:01  PAGE 5


  +--> ?PR?PUTCHAR?PUTCHAR

?PR?LCD_INIT?LCD_ROUTINES                                  -----    -----      -----    -----      -----    -----      -
>> ----    -----
  +--> ?PR?_LCD_WRITE?LCD_HARDWARE_FUNCTIONS
  +--> ?PR?_TIMER0_DELAY_1MS?TIMER0_HARDWARE_DELAY_1MS

?PR?_LCD_WRITE?LCD_HARDWARE_FUNCTIONS                      -----    -----      0049H    0001H      -----    -----      -
>> ----    -----
  +--> ?PR?_P3_CLEAR_BIT?OUTPUTS
  +--> ?PR?_P3_SET_BIT?OUTPUTS
  +--> ?PR?_P0_OUTPUT_BITS?OUTPUTS

?PR?_LCD_PRINT?LCD_ROUTINES                                -----    -----      0043H    0006H      -----    -----      -
>> ----    -----
  +--> ?PR?_LCD_WRITE?LCD_HARDWARE_FUNCTIONS
  +--> ?PR?_TIMER0_DELAY_1MS?TIMER0_HARDWARE_DELAY_1MS

?PR?_SPI_MASTER_INIT?SPI                                   -----    -----      0043H    0001H      -----    -----      -
>> ----    -----

?PR?STA013_INIT?STA013                                     -----    -----      0043H    0008H      -----    -----      -
>> ----    -----
  +--> ?PR?_I2C_WRITE?I2C
  +--> ?PR?_I2C_READ?I2C
  +--> ?PR?_STA013_CONFIG?STA013
  +--> ?CO?STA013
  +--> ?PR?PRINTF?PRINTF
  +--> ?PR?_TIMER0_DELAY_1MS?TIMER0_HARDWARE_DELAY_1MS

?PR?_I2C_WRITE?I2C                                         0020H.2  0000H.2    0060H    000AH      0098H    0005H      -
>> ----    -----
  +--> ?PR?I2C_CLOCK_START?I2C
  +--> ?PR?_I2C_CLOCK_DELAY?I2C
  +--> ?PR?ACK_CHECK?I2C

?PR?ACK_CHECK?I2C                                          0020H.4  0000H.1    -----    -----      -----    -----      -
>> ----    -----
  +--> ?PR?_I2C_CLOCK_DELAY?I2C

?PR?_I2C_READ?I2C                                          0020H.0  0000H.2    0056H    000AH      0093H    0005H      -
>> ----    -----
  +--> ?PR?_I2C_WRITE?I2C
  +--> ?PR?I2C_CLOCK_START?I2C
  +--> ?PR?_I2C_CLOCK_DELAY?I2C
  +--> ?PR?ACK_CHECK?I2C

?PR?_STA013_CONFIG?STA013                                  -----    -----      004BH    000BH      -----    -----      -
>> ----    -----
  +--> ?PR?_I2C_WRITE?I2C
  +--> ?PR?_I2C_READ?I2C

?PR?SD_CARD_INIT?SDCARD                                    -----    -----      0043H    0014H      -----    -----      -
>> ----    -----
  +--> ?PR?_SPI_SELECT_SET?SPI
  +--> ?CO?SDCARD
  +--> ?PR?PRINTF?PRINTF
BL51 BANKED LINKER/LOCATER V4.02                                                      12/10/2019  21:04:01  PAGE 6


  +--> ?PR?_SPI_TRANSFER?SPI
  +--> ?PR?_LEDS_ON?LED_CONTROL
  +--> ?PR?_SPI_SELECT_CLEAR?SPI
  +--> ?PR?_SEND_COMMAND?SDCARD
  +--> ?PR?_RESPONSE?SDCARD
  +--> ?PR?_LEDS_OFF?LED_CONTROL
  +--> ?PR?PUTCHAR?PUTCHAR
  +--> ?PR?_PRINT_ERROR?SDCARD

?PR?_RESPONSE?SDCARD                                       -----    -----      0057H    0009H      -----    -----      -
>> ----    -----
  +--> ?PR?_SPI_TRANSFER?SPI

?PR?_PRINT_ERROR?SDCARD                                    -----    -----      0057H    0001H      -----    -----      -
>> ----    -----
  +--> ?CO?SDCARD
  +--> ?PR?PRINTF?PRINTF

?PR?_MOUNT_DRIVE?DIRECTORY_FUNCTIONS_STRUCT                -----    -----      0043H    0025H      -----    -----      0
>> 400H    0008H
  +--> ?PR?_READ_SECTOR?READ_SECTOR
  +--> ?PR?_READ8?DIRECTORY_FUNCTIONS_STRUCT
  +--> ?PR?_READ32?DIRECTORY_FUNCTIONS_STRUCT
  +--> ?CO?DIRECTORY_FUNCTIONS_STRUCT
  +--> ?PR?PRINTF?PRINTF
  +--> ?PR?_READ16?DIRECTORY_FUNCTIONS_STRUCT

?PR?_READ16?DIRECTORY_FUNCTIONS_STRUCT                     -----    -----      0068H    000AH      -----    -----      -
>> ----    -----

?PR?_PRINT_DIRECTORY?DIRECTORY_FUNCTIONS_STRUCT            -----    -----      0043H    001AH      -----    -----      -
>> ----    -----
  +--> ?PR?_READ_SECTOR?READ_SECTOR
  +--> ?PR?_READ8?DIRECTORY_FUNCTIONS_STRUCT
  +--> ?CO?DIRECTORY_FUNCTIONS_STRUCT
  +--> ?PR?PRINTF?PRINTF
  +--> ?PR?PUTCHAR?PUTCHAR

?PR?LONG_SERIAL_INPUT?LONG_SERIAL_IN                       -----    -----      0043H    0011H      -----    -----      -
>> ----    -----
  +--> ?PR?UART_RECEIVE?UART
  +--> ?PR?PUTCHAR?PUTCHAR
  +--> ?PR?_UART_TRANSMIT?UART
  +--> ?PR?_ATOL?ATOL

?PR?_ATOL?ATOL                                             0020H.0  0000H.1    0054H    0007H      -----    -----      -
>> ----    -----
  +--> ?PR?_ISSPACE?ISSPACE
  +--> ?PR?_ISDIGIT?ISDIGIT

?PR?_READ_DIR_ENTRY?DIRECTORY_FUNCTIONS_STRUCT             -----    -----      0043H    001EH      -----    -----      -
>> ----    -----
  +--> ?PR?_READ_SECTOR?READ_SECTOR
  +--> ?PR?_READ8?DIRECTORY_FUNCTIONS_STRUCT

?PR?_PLAY_MP3_FILE?MP3                                     -----    -----      0043H    0004H      -----    -----      -
>> ----    -----
BL51 BANKED LINKER/LOCATER V4.02                                                      12/10/2019  21:04:01  PAGE 7


  +--> ?PR?EXPORT_DRIVE_VALUES?DIRECTORY_FUNCTIONS_STRUCT
  +--> ?PR?_FIRST_SECTOR?DIRECTORY_FUNCTIONS_STRUCT
  +--> ?PR?_READ_SECTOR?READ_SECTOR
  +--> ?PR?_SEOS_INIT?SEOS
  +--> ?PR?GO_TO_SLEEP?SEOS



SYMBOL TABLE OF MODULE:  CPE5160_Final (DIRECTORY_FUNCTIONS_STRUCT)

  VALUE           TYPE          NAME
  ----------------------------------

  -------         MODULE        DIRECTORY_FUNCTIONS_STRUCT
  C:0000H         SYMBOL        _ICE_DUMMY_
  B:00D8H.2       PUBLIC        CCF2
  B:00D8H.3       PUBLIC        CCF3
  D:0080H         PUBLIC        P0
  B:00D8H.4       PUBLIC        CCF4
  D:0090H         PUBLIC        P1
  D:00A0H         PUBLIC        P2
  D:00B0H         PUBLIC        P3
  B:00B0H.4       PUBLIC        T0
  B:00D0H.6       PUBLIC        AC
  B:00B0H.5       PUBLIC        T1
  B:00B0H.7       PUBLIC        nRD
  B:0090H.0       PUBLIC        T2
  B:00A8H.7       PUBLIC        EA
  B:00A8H.6       PUBLIC        EC
  B:00D8H.7       PUBLIC        CF
  B:00B0H.2       PUBLIC        nINT0
  B:0098H.7       PUBLIC        FE
  C:27A4H         PUBLIC        _Print_Directory
  B:00B0H.3       PUBLIC        nINT1
  D:00A8H         PUBLIC        IEN0
  B:00B0H.0       PUBLIC        RxD
  B:0090H.0       PUBLIC        P1_0
  B:00B0H.1       PUBLIC        TxD
  B:0090H.3       PUBLIC        CEX0
  B:0090H.1       PUBLIC        P1_1
  B:0090H.4       PUBLIC        CEX1
  B:0090H.2       PUBLIC        P1_2
  B:00C8H.0       PUBLIC        CP
  B:0090H.3       PUBLIC        P1_3
  B:00B0H.2       PUBLIC        P3_2
  B:00D8H.6       PUBLIC        CR
  B:00B0H.3       PUBLIC        P3_3
  B:00C8H.6       PUBLIC        EXF2
  D:00B8H         PUBLIC        IPL0
  B:00B0H.4       PUBLIC        P3_4
  B:00B0H.5       PUBLIC        P3_5
  B:00B0H.6       PUBLIC        nWR
  B:00A8H.4       PUBLIC        ES
  B:0098H.0       PUBLIC        RI
  B:00D0H.7       PUBLIC        CY
  B:0098H.1       PUBLIC        TI
  B:00B8H.1       PUBLIC        PT0L
BL51 BANKED LINKER/LOCATER V4.02                                                      12/10/2019  21:04:01  PAGE 8


  B:00B8H.3       PUBLIC        PT1L
  B:00B8H.5       PUBLIC        PT2L
  B:0090H.1       PUBLIC        T2EX
  D:00D8H         PUBLIC        CCON
  B:00B0H.6       PUBLIC        RS
  B:00B8H.0       PUBLIC        PX0L
  B:00D0H.2       PUBLIC        OV
  B:0090H.1       PUBLIC        SS
  B:00B8H.2       PUBLIC        PX1L
  B:00C8H.5       PUBLIC        RCLK
  B:00C8H.4       PUBLIC        TCLK
  B:00B8H.6       PUBLIC        PPCL
  B:00A0H.4       PUBLIC        REDLED
  D:0098H         PUBLIC        SCON
  B:00A0H.6       PUBLIC        YELLOWLED
  B:0090H.4       PUBLIC        nCS0
  B:0080H.0       PUBLIC        AD0
  D:0088H         PUBLIC        TCON
  C:3A64H         PUBLIC        _read8
  B:0080H.1       PUBLIC        AD1
  B:0080H.2       PUBLIC        AD2
  B:00B0H.1       PUBLIC        per_RxD
  B:00C8H.1       PUBLIC        CnT2
  B:0080H.3       PUBLIC        AD3
  B:0090H.5       PUBLIC        MISO
  B:0090H.7       PUBLIC        MOSI
  B:0080H.4       PUBLIC        AD4
  B:00B0H.0       PUBLIC        per_TxD
  B:0080H.5       PUBLIC        AD5
  B:0080H.6       PUBLIC        AD6
  B:0080H.7       PUBLIC        AD7
  B:00A0H.0       PUBLIC        AD8
  B:00A0H.1       PUBLIC        AD9
  B:0088H.1       PUBLIC        IE0
  C:366FH         PUBLIC        _First_Sector
  B:00A0H.7       PUBLIC        AMBERLED
  B:0088H.3       PUBLIC        IE1
  B:00B0H.7       PUBLIC        E
  B:00A0H.5       PUBLIC        GREENLED
  B:00A8H.1       PUBLIC        ET0
  B:00A8H.3       PUBLIC        ET1
  B:0088H.5       PUBLIC        TF0
  B:00A8H.5       PUBLIC        ET2
  B:0088H.7       PUBLIC        TF1
  B:00C8H.7       PUBLIC        TF2
  B:0098H.2       PUBLIC        RB8
  B:00A8H.0       PUBLIC        EX0
  B:0088H.0       PUBLIC        IT0
  B:0098H.3       PUBLIC        TB8
  B:00A8H.2       PUBLIC        EX1
  B:0088H.2       PUBLIC        IT1
  B:00D0H.0       PUBLIC        P
  B:0098H.7       PUBLIC        SM0
  B:0090H.2       PUBLIC        ECI
  B:0098H.6       PUBLIC        SM1
  B:0098H.5       PUBLIC        SM2
  C:1E35H         PUBLIC        _Mount_Drive
BL51 BANKED LINKER/LOCATER V4.02                                                      12/10/2019  21:04:01  PAGE 9


  B:0090H.3       PUBLIC        BIT_EN
  C:2374H         PUBLIC        _Read_Dir_Entry
  B:00D0H.3       PUBLIC        RS0
  C:32C7H         PUBLIC        _Open_File
  B:0088H.4       PUBLIC        TR0
  B:00D0H.4       PUBLIC        RS1
  B:0090H.6       PUBLIC        per_SCLK
  B:0088H.6       PUBLIC        TR1
  C:3AD4H         PUBLIC        Export_Drive_values
  B:00C8H.2       PUBLIC        TR2
  B:00A0H.0       PUBLIC        SW1
  B:00A0H.1       PUBLIC        SW2
  B:00A0H.2       PUBLIC        SW3
  C:3426H         PUBLIC        _Find_Next_Clus
  B:00A0H.3       PUBLIC        SW4
  B:0090H.6       PUBLIC        SCK
  B:0090H.7       PUBLIC        per_MOSI
  B:0090H.5       PUBLIC        per_MISO
  C:36E0H         PUBLIC        _read32
  B:00C8H.3       PUBLIC        EXEN2
  B:0090H.2       PUBLIC        DATA_REQ
  C:37BCH         PUBLIC        _read16
  B:0098H.4       PUBLIC        REN
  B:00A0H.2       PUBLIC        AD10
  B:00A0H.3       PUBLIC        AD11
  D:00C8H         PUBLIC        T2CON
  B:00A0H.4       PUBLIC        AD12
  B:00A0H.5       PUBLIC        AD13
  B:00A0H.6       PUBLIC        AD14
  B:00A0H.7       PUBLIC        AD15
  B:00B8H.4       PUBLIC        PLS
  I:009DH         PUBLIC        Drive_values
  B:00D0H.5       PUBLIC        F0
  B:00D0H.1       PUBLIC        F1
  D:00D0H         PUBLIC        PSW
  B:00D8H.0       PUBLIC        CCF0
  B:00D8H.1       PUBLIC        CCF1
  -------         PROC          EXPORT_DRIVE_VALUES
  C:3AD4H         LINE#         27
  C:3AD4H         LINE#         28
  C:3AD4H         LINE#         29
  C:3ADAH         LINE#         30
  -------         ENDPROC       EXPORT_DRIVE_VALUES
  -------         PROC          L?0078
  -------         ENDPROC       L?0078
  -------         PROC          _READ8
  D:0006H         SYMBOL        offset
  D:0001H         SYMBOL        array_name
  -------         DO            array_name
  D:0007H         SYMBOL        return_value
  -------         ENDDO         return_value
  C:3A64H         LINE#         32
  C:3A64H         LINE#         33
  C:3A64H         LINE#         35
  C:3A6CH         LINE#         36
  C:3A6CH         LINE#         38
  -------         ENDPROC       _READ8
BL51 BANKED LINKER/LOCATER V4.02                                                      12/10/2019  21:04:01  PAGE 10


  -------         PROC          _READ16
  D:0068H         SYMBOL        offset
  D:006AH         SYMBOL        array_name
  -------         DO            array_name
  D:006DH         SYMBOL        return_value
  D:0003H         SYMBOL        temp
  D:0071H         SYMBOL        index
  -------         ENDDO         index
  C:37BCH         LINE#         40
  C:37C6H         LINE#         41
  C:37C6H         LINE#         44
  C:37CFH         LINE#         48
  C:37D1H         LINE#         49
  C:37D1H         LINE#         50
  C:37F1H         LINE#         51
  C:3806H         LINE#         52
  C:381AH         LINE#         53
  C:3821H         LINE#         54
  C:3825H         LINE#         55
  -------         ENDPROC       _READ16
  -------         PROC          _READ32
  D:0068H         SYMBOL        offset
  D:006AH         SYMBOL        array_name
  -------         DO            array_name
  D:006DH         SYMBOL        return_value
  D:0003H         SYMBOL        temp
  D:0071H         SYMBOL        index
  -------         ENDDO         index
  C:36E0H         LINE#         57
  C:36EAH         LINE#         58
  C:36EAH         LINE#         61
  C:36F3H         LINE#         65
  C:36F5H         LINE#         66
  C:36F5H         LINE#         67
  C:3715H         LINE#         68
  C:372AH         LINE#         69
  C:373EH         LINE#         70
  C:3745H         LINE#         71
  C:374DH         LINE#         72
  -------         ENDPROC       _READ32
  -------         PROC          _PRINT_DIRECTORY
  D:0043H         SYMBOL        Sector_num
  D:0047H         SYMBOL        array_in
  -------         DO            array_in
  D:0049H         SYMBOL        Sector
  D:004DH         SYMBOL        max_sectors
  D:0051H         SYMBOL        i
  D:0053H         SYMBOL        entries
  D:0055H         SYMBOL        temp8
  D:0056H         SYMBOL        j
  D:0057H         SYMBOL        attr
  D:0058H         SYMBOL        out_val
  D:0059H         SYMBOL        error_flag
  D:005AH         SYMBOL        values
  -------         ENDDO         values
  C:27A4H         LINE#         82
  C:27ACH         LINE#         83
BL51 BANKED LINKER/LOCATER V4.02                                                      12/10/2019  21:04:01  PAGE 11


  C:27ACH         LINE#         90
  C:27B5H         LINE#         91
  C:27BAH         LINE#         92
  C:27BEH         LINE#         93
  C:27C4H         LINE#         94
  C:27C4H         LINE#         95
  C:27D1H         LINE#         96
  C:27D3H         LINE#         98
  C:27D3H         LINE#         99
  C:27E0H         LINE#         100
  C:27E0H         LINE#         101
  C:27ECH         LINE#         102
  C:280BH         LINE#         103
  C:2812H         LINE#         104
  C:2812H         LINE#         106
  C:2812H         LINE#         107
  C:2821H         LINE#         108
  C:2831H         LINE#         109
  C:2831H         LINE#         110
  C:2845H         LINE#         111
  C:284EH         LINE#         112
  C:284EH         LINE#         113
  C:2856H         LINE#         114
  C:2864H         LINE#         115
  C:2867H         LINE#         116
  C:2867H         LINE#         117
  C:287DH         LINE#         118
  C:2880H         LINE#         119
  C:2889H         LINE#         120
  C:288EH         LINE#         121
  C:288EH         LINE#         122
  C:2891H         LINE#         123
  C:2891H         LINE#         124
  C:28A7H         LINE#         125
  C:28AAH         LINE#         126
  C:28B3H         LINE#         127
  C:28BCH         LINE#         128
  C:28BEH         LINE#         130
  C:28BEH         LINE#         131
  C:28C3H         LINE#         132
  C:28C6H         LINE#         133
  C:28C6H         LINE#         134
  C:28DCH         LINE#         135
  C:28DFH         LINE#         136
  C:28E8H         LINE#         137
  C:28EDH         LINE#         138
  C:28F2H         LINE#         139
  C:28F2H         LINE#         140
  C:28F2H         LINE#         141
  C:28F2H         LINE#         142
  C:28FDH         LINE#         143
  C:2908H         LINE#         144
  C:2908H         LINE#         145
  C:291DH         LINE#         146
  C:2940H         LINE#         147
  C:2940H         LINE#         148
  C:295FH         LINE#         149
BL51 BANKED LINKER/LOCATER V4.02                                                      12/10/2019  21:04:01  PAGE 12


  C:2963H         LINE#         150
  C:2963H         LINE#         151
  C:2968H         LINE#         152
  C:296AH         LINE#         153
  C:296AH         LINE#         154
  C:296FH         LINE#         155
  C:2971H         LINE#         157
  C:2971H         LINE#         158
  C:2974H         LINE#         159
  C:2977H         LINE#         160
  C:2977H         LINE#         161
  C:2977H         LINE#         163
  C:297EH         LINE#         164
  C:2980H         LINE#         166
  C:2980H         LINE#         167
  C:2989H         LINE#         168
  C:298EH         LINE#         169
  C:298EH         LINE#         170
  C:2992H         LINE#         171
  -------         ENDPROC       _PRINT_DIRECTORY
  -------         PROC          _READ_DIR_ENTRY
  D:0043H         SYMBOL        Sector_num
  D:0047H         SYMBOL        Entry
  D:0049H         SYMBOL        array_in
  -------         DO            array_in
  D:004BH         SYMBOL        Sector
  D:004FH         SYMBOL        max_sectors
  D:0053H         SYMBOL        return_clus
  D:0057H         SYMBOL        i
  D:0059H         SYMBOL        entries
  D:005BH         SYMBOL        temp8
  D:005CH         SYMBOL        attr
  D:005DH         SYMBOL        error_flag
  D:005EH         SYMBOL        values
  -------         ENDDO         values
  C:2374H         LINE#         184
  C:237CH         LINE#         185
  C:237CH         LINE#         191
  C:2385H         LINE#         192
  C:238AH         LINE#         193
  C:238EH         LINE#         194
  C:2396H         LINE#         195
  C:239CH         LINE#         196
  C:239CH         LINE#         197
  C:23A9H         LINE#         198
  C:23ABH         LINE#         200
  C:23ABH         LINE#         201
  C:23B8H         LINE#         202
  C:23B8H         LINE#         203
  C:23C4H         LINE#         204
  C:23E3H         LINE#         205
  C:23EAH         LINE#         206
  C:23EAH         LINE#         208
  C:23EAH         LINE#         209
  C:23F9H         LINE#         210
  C:2409H         LINE#         211
  C:2409H         LINE#         212
BL51 BANKED LINKER/LOCATER V4.02                                                      12/10/2019  21:04:01  PAGE 13


  C:240EH         LINE#         213
  C:2417H         LINE#         214
  C:2417H         LINE#         215
  C:241FH         LINE#         216
  C:242CH         LINE#         217
  C:242CH         LINE#         218
  C:2433H         LINE#         219
  C:2433H         LINE#         220
  C:2443H         LINE#         221
  C:2456H         LINE#         222
  C:246FH         LINE#         223
  C:2483H         LINE#         224
  C:2483H         LINE#         225
  C:249CH         LINE#         226
  C:24B0H         LINE#         227
  C:24C9H         LINE#         228
  C:24CEH         LINE#         229
  C:24E5H         LINE#         230
  C:24E8H         LINE#         231
  C:24E8H         LINE#         233
  C:24E8H         LINE#         234
  C:24E8H         LINE#         235
  C:24F3H         LINE#         236
  C:24FEH         LINE#         237
  C:24FEH         LINE#         238
  C:2513H         LINE#         239
  C:2536H         LINE#         240
  C:2536H         LINE#         241
  C:2555H         LINE#         242
  C:2559H         LINE#         243
  C:2559H         LINE#         244
  C:2563H         LINE#         245
  C:2565H         LINE#         246
  C:2565H         LINE#         247
  C:256AH         LINE#         248
  C:256CH         LINE#         250
  C:256CH         LINE#         251
  C:256FH         LINE#         252
  C:256FH         LINE#         253
  C:256FH         LINE#         255
  C:2576H         LINE#         256
  C:2578H         LINE#         258
  C:2578H         LINE#         259
  C:2582H         LINE#         260
  C:2582H         LINE#         261
  C:259EH         LINE#         262
  C:25A6H         LINE#         263
  -------         ENDPROC       _READ_DIR_ENTRY
  -------         PROC          _MOUNT_DRIVE
  D:0043H         SYMBOL        array_name
  -------         DO            array_name
  D:0045H         SYMBOL        temp_8
  D:0046H         SYMBOL        error_flag
  D:0047H         SYMBOL        RsvdSectorCount
  D:0049H         SYMBOL        NumFATS
  D:004AH         SYMBOL        RootEntryCnt
  D:004CH         SYMBOL        TotalSectors16
BL51 BANKED LINKER/LOCATER V4.02                                                      12/10/2019  21:04:01  PAGE 14


  D:004EH         SYMBOL        FATsz16
  D:0050H         SYMBOL        TotalSectors32
  D:0054H         SYMBOL        FATsz32
  D:0058H         SYMBOL        FATSz
  X:0400H         SYMBOL        TotSec
  X:0404H         SYMBOL        DataSec
  D:005CH         SYMBOL        RootCluster
  D:0060H         SYMBOL        RelativeSectors
  D:0064H         SYMBOL        CountofClus
  -------         ENDDO         CountofClus
  C:1E35H         LINE#         265
  C:1E39H         LINE#         266
  C:1E39H         LINE#         287
  C:1E57H         LINE#         289
  C:1E65H         LINE#         290
  C:1E71H         LINE#         291
  C:1E71H         LINE#         292
  C:1E83H         LINE#         293
  C:1E97H         LINE#         294
  C:1EA5H         LINE#         295
  C:1EB1H         LINE#         296
  C:1EB1H         LINE#         297
  C:1EBAH         LINE#         298
  C:1EBCH         LINE#         300
  C:1EBCH         LINE#         301
  C:1EC5H         LINE#         302
  C:1EC5H         LINE#         303
  C:1EC5H         LINE#         305
  C:1ED9H         LINE#         306
  C:1EEAH         LINE#         307
  C:1EF7H         LINE#         308
  C:1F06H         LINE#         309
  C:1F13H         LINE#         310
  C:1F24H         LINE#         311
  C:1F35H         LINE#         312
  C:1F4AH         LINE#         313
  C:1F5FH         LINE#         314
  C:1F74H         LINE#         315
  C:1F8CH         LINE#         316
  C:1FB8H         LINE#         317
  C:2008H         LINE#         318
  C:2047H         LINE#         319
  C:204BH         LINE#         322
  C:2051H         LINE#         323
  C:2051H         LINE#         324
  C:205CH         LINE#         325
  C:205EH         LINE#         327
  C:205EH         LINE#         328
  C:206AH         LINE#         329
  C:206AH         LINE#         332
  C:2070H         LINE#         333
  C:2070H         LINE#         334
  C:207DH         LINE#         335
  C:207FH         LINE#         337
  C:207FH         LINE#         338
  C:208DH         LINE#         339
  C:208DH         LINE#         342
BL51 BANKED LINKER/LOCATER V4.02                                                      12/10/2019  21:04:01  PAGE 15


  C:20DDH         LINE#         345
  C:2103H         LINE#         348
  C:2118H         LINE#         349
  C:2118H         LINE#         351
  C:211CH         LINE#         352
  C:211FH         LINE#         353
  C:2121H         LINE#         355
  C:2121H         LINE#         357
  C:2125H         LINE#         358
  C:2125H         LINE#         359
  C:2127H         LINE#         360
  -------         ENDPROC       _MOUNT_DRIVE
  -------         PROC          _FIRST_SECTOR
  D:0047H         SYMBOL        Cluster_num
  -------         DO            Cluster_num
  D:004BH         SYMBOL        FirstSecCluster
  -------         ENDDO         FirstSecCluster
  C:366FH         LINE#         362
  C:3677H         LINE#         363
  C:3677H         LINE#         365
  C:368AH         LINE#         366
  C:368AH         LINE#         367
  C:3697H         LINE#         368
  C:3699H         LINE#         370
  C:3699H         LINE#         371
  C:36D7H         LINE#         372
  C:36D7H         LINE#         373
  C:36DFH         LINE#         374
  -------         ENDPROC       _FIRST_SECTOR
  -------         PROC          _FIND_NEXT_CLUS
  D:0023H         SYMBOL        Cluster_num
  D:0027H         SYMBOL        array_name
  -------         DO            array_name
  D:0004H         SYMBOL        return_clus
  D:0006H         SYMBOL        FAToffset
  D:0004H         SYMBOL        sector
  -------         ENDDO         sector
  C:3426H         LINE#         376
  C:342EH         LINE#         377
  C:342EH         LINE#         380
  C:3473H         LINE#         381
  C:3488H         LINE#         382
  C:34C0H         LINE#         383
  C:34D0H         LINE#         385
  C:34D0H         LINE#         386
  -------         ENDPROC       _FIND_NEXT_CLUS
  -------         PROC          _OPEN_FILE
  D:0008H         SYMBOL        Cluster
  D:000CH         SYMBOL        array_in
  -------         DO            array_in
  D:000EH         SYMBOL        error_flag
  D:000FH         SYMBOL        sector_num
  D:0013H         SYMBOL        first_sec_num
  -------         ENDDO         first_sec_num
  C:32C7H         LINE#         388
  C:32CFH         LINE#         389
  C:32CFH         LINE#         390
BL51 BANKED LINKER/LOCATER V4.02                                                      12/10/2019  21:04:01  PAGE 16


  C:32D2H         LINE#         395
  C:32D2H         LINE#         396
  C:32E5H         LINE#         397
  C:32EDH         LINE#         398
  C:3310H         LINE#         399
  C:3310H         LINE#         400
  C:332FH         LINE#         401
  C:3344H         LINE#         402
  C:3346H         LINE#         403
  C:335FH         LINE#         404
  C:3377H         LINE#         405
  C:3379H         LINE#         406
  -------         ENDPROC       _OPEN_FILE
  -------         ENDMOD        DIRECTORY_FUNCTIONS_STRUCT

  -------         MODULE        LCD_HARDWARE_FUNCTIONS
  C:0000H         SYMBOL        _ICE_DUMMY_
  B:00D8H.2       PUBLIC        CCF2
  B:00D8H.3       PUBLIC        CCF3
  D:0080H         PUBLIC        P0
  B:00D8H.4       PUBLIC        CCF4
  D:0090H         PUBLIC        P1
  D:00A0H         PUBLIC        P2
  D:00B0H         PUBLIC        P3
  B:00B0H.4       PUBLIC        T0
  B:00D0H.6       PUBLIC        AC
  B:00B0H.5       PUBLIC        T1
  B:00B0H.7       PUBLIC        nRD
  B:0090H.0       PUBLIC        T2
  B:00A8H.7       PUBLIC        EA
  B:00A8H.6       PUBLIC        EC
  B:00D8H.7       PUBLIC        CF
  B:00B0H.2       PUBLIC        nINT0
  B:0098H.7       PUBLIC        FE
  B:00B0H.3       PUBLIC        nINT1
  D:00A8H         PUBLIC        IEN0
  B:00B0H.0       PUBLIC        RxD
  B:0090H.0       PUBLIC        P1_0
  B:00B0H.1       PUBLIC        TxD
  B:0090H.3       PUBLIC        CEX0
  B:0090H.1       PUBLIC        P1_1
  B:0090H.4       PUBLIC        CEX1
  B:0090H.2       PUBLIC        P1_2
  B:00C8H.0       PUBLIC        CP
  B:0090H.3       PUBLIC        P1_3
  B:00B0H.2       PUBLIC        P3_2
  B:00D8H.6       PUBLIC        CR
  B:00B0H.3       PUBLIC        P3_3
  B:00C8H.6       PUBLIC        EXF2
  D:00B8H         PUBLIC        IPL0
  B:00B0H.4       PUBLIC        P3_4
  B:00B0H.5       PUBLIC        P3_5
  B:00B0H.6       PUBLIC        nWR
  B:00A8H.4       PUBLIC        ES
  B:0098H.0       PUBLIC        RI
  B:00D0H.7       PUBLIC        CY
  B:0098H.1       PUBLIC        TI
BL51 BANKED LINKER/LOCATER V4.02                                                      12/10/2019  21:04:01  PAGE 17


  B:00B8H.1       PUBLIC        PT0L
  C:39A6H         PUBLIC        _LCD_Write
  B:00B8H.3       PUBLIC        PT1L
  B:00B8H.5       PUBLIC        PT2L
  B:0090H.1       PUBLIC        T2EX
  D:00D8H         PUBLIC        CCON
  B:00B0H.6       PUBLIC        RS
  B:00B8H.0       PUBLIC        PX0L
  B:00D0H.2       PUBLIC        OV
  B:0090H.1       PUBLIC        SS
  B:00B8H.2       PUBLIC        PX1L
  B:00C8H.5       PUBLIC        RCLK
  B:00C8H.4       PUBLIC        TCLK
  B:00B8H.6       PUBLIC        PPCL
  B:00A0H.4       PUBLIC        REDLED
  D:0098H         PUBLIC        SCON
  B:00A0H.6       PUBLIC        YELLOWLED
  B:0090H.4       PUBLIC        nCS0
  B:0080H.0       PUBLIC        AD0
  D:0088H         PUBLIC        TCON
  B:0080H.1       PUBLIC        AD1
  B:0080H.2       PUBLIC        AD2
  B:00B0H.1       PUBLIC        per_RxD
  B:00C8H.1       PUBLIC        CnT2
  B:0080H.3       PUBLIC        AD3
  B:0090H.5       PUBLIC        MISO
  B:0090H.7       PUBLIC        MOSI
  B:0080H.4       PUBLIC        AD4
  B:00B0H.0       PUBLIC        per_TxD
  B:0080H.5       PUBLIC        AD5
  B:0080H.6       PUBLIC        AD6
  B:0080H.7       PUBLIC        AD7
  B:00A0H.0       PUBLIC        AD8
  B:00A0H.1       PUBLIC        AD9
  B:0088H.1       PUBLIC        IE0
  B:00A0H.7       PUBLIC        AMBERLED
  B:0088H.3       PUBLIC        IE1
  B:00B0H.7       PUBLIC        E
  B:00A0H.5       PUBLIC        GREENLED
  B:00A8H.1       PUBLIC        ET0
  B:00A8H.3       PUBLIC        ET1
  B:0088H.5       PUBLIC        TF0
  B:00A8H.5       PUBLIC        ET2
  B:0088H.7       PUBLIC        TF1
  B:00C8H.7       PUBLIC        TF2
  B:0098H.2       PUBLIC        RB8
  B:00A8H.0       PUBLIC        EX0
  B:0088H.0       PUBLIC        IT0
  B:0098H.3       PUBLIC        TB8
  B:00A8H.2       PUBLIC        EX1
  B:0088H.2       PUBLIC        IT1
  B:00D0H.0       PUBLIC        P
  B:0098H.7       PUBLIC        SM0
  B:0090H.2       PUBLIC        ECI
  B:0098H.6       PUBLIC        SM1
  B:0098H.5       PUBLIC        SM2
  B:0090H.3       PUBLIC        BIT_EN
BL51 BANKED LINKER/LOCATER V4.02                                                      12/10/2019  21:04:01  PAGE 18


  B:00D0H.3       PUBLIC        RS0
  B:0088H.4       PUBLIC        TR0
  B:00D0H.4       PUBLIC        RS1
  B:0090H.6       PUBLIC        per_SCLK
  B:0088H.6       PUBLIC        TR1
  B:00C8H.2       PUBLIC        TR2
  B:00A0H.0       PUBLIC        SW1
  B:00A0H.1       PUBLIC        SW2
  B:00A0H.2       PUBLIC        SW3
  B:00A0H.3       PUBLIC        SW4
  B:0090H.6       PUBLIC        SCK
  B:0090H.7       PUBLIC        per_MOSI
  B:0090H.5       PUBLIC        per_MISO
  B:00C8H.3       PUBLIC        EXEN2
  B:0090H.2       PUBLIC        DATA_REQ
  B:0098H.4       PUBLIC        REN
  B:00A0H.2       PUBLIC        AD10
  B:00A0H.3       PUBLIC        AD11
  D:00C8H         PUBLIC        T2CON
  B:00A0H.4       PUBLIC        AD12
  B:00A0H.5       PUBLIC        AD13
  B:00A0H.6       PUBLIC        AD14
  B:00A0H.7       PUBLIC        AD15
  B:00B8H.4       PUBLIC        PLS
  B:00D0H.5       PUBLIC        F0
  B:00D0H.1       PUBLIC        F1
  D:00D0H         PUBLIC        PSW
  B:00D8H.0       PUBLIC        CCF0
  B:00D8H.1       PUBLIC        CCF1
  -------         PROC          _LCD_WRITE
  D:0007H         SYMBOL        RegSelect
  D:0049H         SYMBOL        LCD_Data
  C:39A6H         LINE#         14
  C:39A8H         LINE#         15
  C:39A8H         LINE#         16
  C:39ABH         LINE#         17
  C:39ABH         LINE#         18
  C:39B0H         LINE#         19
  C:39B2H         LINE#         21
  C:39B2H         LINE#         22
  C:39B7H         LINE#         23
  C:39B7H         LINE#         24
  C:39BCH         LINE#         25
  C:39C1H         LINE#         26
  C:39C6H         LINE#         27
  C:39CBH         LINE#         28
  -------         ENDPROC       _LCD_WRITE
  -------         ENDMOD        LCD_HARDWARE_FUNCTIONS

  -------         MODULE        LCD_ROUTINES
  C:0000H         SYMBOL        _ICE_DUMMY_
  B:00D8H.2       PUBLIC        CCF2
  B:00D8H.3       PUBLIC        CCF3
  D:0080H         PUBLIC        P0
  B:00D8H.4       PUBLIC        CCF4
  D:0090H         PUBLIC        P1
  D:00A0H         PUBLIC        P2
BL51 BANKED LINKER/LOCATER V4.02                                                      12/10/2019  21:04:01  PAGE 19


  D:00B0H         PUBLIC        P3
  B:00B0H.4       PUBLIC        T0
  B:00D0H.6       PUBLIC        AC
  B:00B0H.5       PUBLIC        T1
  B:00B0H.7       PUBLIC        nRD
  B:0090H.0       PUBLIC        T2
  B:00A8H.7       PUBLIC        EA
  B:00A8H.6       PUBLIC        EC
  B:00D8H.7       PUBLIC        CF
  B:00B0H.2       PUBLIC        nINT0
  B:0098H.7       PUBLIC        FE
  B:00B0H.3       PUBLIC        nINT1
  D:00A8H         PUBLIC        IEN0
  B:00B0H.0       PUBLIC        RxD
  B:00B0H.1       PUBLIC        TxD
  B:0090H.3       PUBLIC        CEX0
  B:0090H.4       PUBLIC        CEX1
  B:00C8H.0       PUBLIC        CP
  B:00D8H.6       PUBLIC        CR
  B:00C8H.6       PUBLIC        EXF2
  D:00B8H         PUBLIC        IPL0
  B:00B0H.6       PUBLIC        nWR
  B:00A8H.4       PUBLIC        ES
  B:0098H.0       PUBLIC        RI
  B:00D0H.7       PUBLIC        CY
  B:0098H.1       PUBLIC        TI
  B:00B8H.1       PUBLIC        PT0L
  B:00B8H.3       PUBLIC        PT1L
  B:00B8H.5       PUBLIC        PT2L
  C:35EAH         PUBLIC        _LCD_Print
  B:0090H.1       PUBLIC        T2EX
  D:00D8H         PUBLIC        CCON
  B:00B8H.0       PUBLIC        PX0L
  B:00D0H.2       PUBLIC        OV
  B:0090H.1       PUBLIC        SS
  B:00B8H.2       PUBLIC        PX1L
  B:00C8H.5       PUBLIC        RCLK
  B:00C8H.4       PUBLIC        TCLK
  B:00B8H.6       PUBLIC        PPCL
  D:0098H         PUBLIC        SCON
  B:0080H.0       PUBLIC        AD0
  D:0088H         PUBLIC        TCON
  B:0080H.1       PUBLIC        AD1
  B:0080H.2       PUBLIC        AD2
  B:00C8H.1       PUBLIC        CnT2
  B:0080H.3       PUBLIC        AD3
  B:0090H.5       PUBLIC        MISO
  B:0090H.7       PUBLIC        MOSI
  B:0080H.4       PUBLIC        AD4
  B:0080H.5       PUBLIC        AD5
  B:0080H.6       PUBLIC        AD6
  B:0080H.7       PUBLIC        AD7
  B:00A0H.0       PUBLIC        AD8
  B:00A0H.1       PUBLIC        AD9
  B:0088H.1       PUBLIC        IE0
  B:0088H.3       PUBLIC        IE1
  B:00A8H.1       PUBLIC        ET0
BL51 BANKED LINKER/LOCATER V4.02                                                      12/10/2019  21:04:01  PAGE 20


  C:3904H         PUBLIC        LCD_Init
  B:00A8H.3       PUBLIC        ET1
  B:0088H.5       PUBLIC        TF0
  B:00A8H.5       PUBLIC        ET2
  B:0088H.7       PUBLIC        TF1
  B:00C8H.7       PUBLIC        TF2
  B:0098H.2       PUBLIC        RB8
  B:00A8H.0       PUBLIC        EX0
  B:0088H.0       PUBLIC        IT0
  B:0098H.3       PUBLIC        TB8
  B:00A8H.2       PUBLIC        EX1
  B:0088H.2       PUBLIC        IT1
  B:00D0H.0       PUBLIC        P
  B:0098H.7       PUBLIC        SM0
  B:0090H.2       PUBLIC        ECI
  B:0098H.6       PUBLIC        SM1
  B:0098H.5       PUBLIC        SM2
  B:00D0H.3       PUBLIC        RS0
  B:0088H.4       PUBLIC        TR0
  B:00D0H.4       PUBLIC        RS1
  B:0088H.6       PUBLIC        TR1
  B:00C8H.2       PUBLIC        TR2
  B:0090H.6       PUBLIC        SCK
  B:00C8H.3       PUBLIC        EXEN2
  B:0098H.4       PUBLIC        REN
  B:00A0H.2       PUBLIC        AD10
  B:00A0H.3       PUBLIC        AD11
  D:00C8H         PUBLIC        T2CON
  B:00A0H.4       PUBLIC        AD12
  B:00A0H.5       PUBLIC        AD13
  B:00A0H.6       PUBLIC        AD14
  B:00A0H.7       PUBLIC        AD15
  B:00B8H.4       PUBLIC        PLS
  B:00D0H.5       PUBLIC        F0
  B:00D0H.1       PUBLIC        F1
  D:00D0H         PUBLIC        PSW
  B:00D8H.0       PUBLIC        CCF0
  B:00D8H.1       PUBLIC        CCF1
  -------         PROC          LCD_INIT
  C:3904H         LINE#         14
  C:3904H         LINE#         15
  C:3904H         LINE#         16
  C:390BH         LINE#         17
  C:3912H         LINE#         18
  C:3919H         LINE#         19
  C:3920H         LINE#         20
  C:3927H         LINE#         21
  C:392EH         LINE#         22
  C:3935H         LINE#         23
  -------         ENDPROC       LCD_INIT
  -------         PROC          _LCD_PRINT
  D:0007H         SYMBOL        address
  D:0043H         SYMBOL        num_bytes
  D:0044H         SYMBOL        array_name_p
  -------         DO            array_name_p
  D:0047H         SYMBOL        index
  D:0048H         SYMBOL        character
BL51 BANKED LINKER/LOCATER V4.02                                                      12/10/2019  21:04:01  PAGE 21


  -------         ENDDO         character
  C:35EAH         LINE#         28
  C:35F2H         LINE#         29
  C:35F2H         LINE#         31
  C:35F6H         LINE#         32
  C:35F6H         LINE#         33
  C:35FFH         LINE#         34
  C:3606H         LINE#         35
  C:3606H         LINE#         36
  C:360AH         LINE#         37
  C:360AH         LINE#         38
  C:360CH         LINE#         39
  C:361CH         LINE#         40
  C:3620H         LINE#         41
  C:3620H         LINE#         42
  C:3626H         LINE#         43
  C:362DH         LINE#         44
  C:362FH         LINE#         45
  C:3640H         LINE#         46
  C:3642H         LINE#         47
  C:3642H         LINE#         49
  C:3642H         LINE#         50
  C:364CH         LINE#         51
  C:364CH         LINE#         52
  C:365DH         LINE#         53
  C:3663H         LINE#         54
  C:366AH         LINE#         55
  C:366EH         LINE#         56
  C:366EH         LINE#         57
  -------         ENDPROC       _LCD_PRINT
  -------         ENDMOD        LCD_ROUTINES

  -------         MODULE        LED_CONTROL
  C:0000H         SYMBOL        _ICE_DUMMY_
  B:00D8H.2       PUBLIC        CCF2
  B:00D8H.3       PUBLIC        CCF3
  D:0080H         PUBLIC        P0
  B:00D8H.4       PUBLIC        CCF4
  D:0090H         PUBLIC        P1
  D:00A0H         PUBLIC        P2
  D:00B0H         PUBLIC        P3
  B:00B0H.4       PUBLIC        T0
  B:00D0H.6       PUBLIC        AC
  B:00B0H.5       PUBLIC        T1
  B:00B0H.7       PUBLIC        nRD
  B:0090H.0       PUBLIC        T2
  B:00A8H.7       PUBLIC        EA
  C:3ADBH         PUBLIC        _LEDS_ON
  B:00A8H.6       PUBLIC        EC
  B:00D8H.7       PUBLIC        CF
  B:00B0H.2       PUBLIC        nINT0
  B:0098H.7       PUBLIC        FE
  B:00B0H.3       PUBLIC        nINT1
  D:00A8H         PUBLIC        IEN0
  B:00B0H.0       PUBLIC        RxD
  B:0090H.0       PUBLIC        P1_0
  B:00B0H.1       PUBLIC        TxD
BL51 BANKED LINKER/LOCATER V4.02                                                      12/10/2019  21:04:01  PAGE 22


  B:0090H.3       PUBLIC        CEX0
  B:0090H.1       PUBLIC        P1_1
  B:0090H.4       PUBLIC        CEX1
  B:0090H.2       PUBLIC        P1_2
  B:00C8H.0       PUBLIC        CP
  B:0090H.3       PUBLIC        P1_3
  B:00B0H.2       PUBLIC        P3_2
  B:00D8H.6       PUBLIC        CR
  B:00B0H.3       PUBLIC        P3_3
  B:00C8H.6       PUBLIC        EXF2
  D:00B8H         PUBLIC        IPL0
  B:00B0H.4       PUBLIC        P3_4
  B:00B0H.5       PUBLIC        P3_5
  B:00B0H.6       PUBLIC        nWR
  B:00A8H.4       PUBLIC        ES
  B:0098H.0       PUBLIC        RI
  B:00D0H.7       PUBLIC        CY
  B:0098H.1       PUBLIC        TI
  B:00B8H.1       PUBLIC        PT0L
  B:00B8H.3       PUBLIC        PT1L
  B:00B8H.5       PUBLIC        PT2L
  B:0090H.1       PUBLIC        T2EX
  D:00D8H         PUBLIC        CCON
  B:00B0H.6       PUBLIC        RS
  B:00B8H.0       PUBLIC        PX0L
  B:00D0H.2       PUBLIC        OV
  B:0090H.1       PUBLIC        SS
  B:00B8H.2       PUBLIC        PX1L
  B:00C8H.5       PUBLIC        RCLK
  B:00C8H.4       PUBLIC        TCLK
  B:00B8H.6       PUBLIC        PPCL
  B:00A0H.4       PUBLIC        REDLED
  D:0098H         PUBLIC        SCON
  B:00A0H.6       PUBLIC        YELLOWLED
  B:0090H.4       PUBLIC        nCS0
  B:0080H.0       PUBLIC        AD0
  D:0088H         PUBLIC        TCON
  B:0080H.1       PUBLIC        AD1
  B:0080H.2       PUBLIC        AD2
  B:00B0H.1       PUBLIC        per_RxD
  B:00C8H.1       PUBLIC        CnT2
  B:0080H.3       PUBLIC        AD3
  B:0090H.5       PUBLIC        MISO
  B:0090H.7       PUBLIC        MOSI
  B:0080H.4       PUBLIC        AD4
  B:00B0H.0       PUBLIC        per_TxD
  B:0080H.5       PUBLIC        AD5
  B:0080H.6       PUBLIC        AD6
  B:0080H.7       PUBLIC        AD7
  B:00A0H.0       PUBLIC        AD8
  B:00A0H.1       PUBLIC        AD9
  B:0088H.1       PUBLIC        IE0
  B:00A0H.7       PUBLIC        AMBERLED
  B:0088H.3       PUBLIC        IE1
  B:00B0H.7       PUBLIC        E
  C:3AEFH         PUBLIC        _LEDS_OFF
  B:00A0H.5       PUBLIC        GREENLED
BL51 BANKED LINKER/LOCATER V4.02                                                      12/10/2019  21:04:01  PAGE 23


  B:00A8H.1       PUBLIC        ET0
  B:00A8H.3       PUBLIC        ET1
  B:0088H.5       PUBLIC        TF0
  B:00A8H.5       PUBLIC        ET2
  B:0088H.7       PUBLIC        TF1
  B:00C8H.7       PUBLIC        TF2
  B:0098H.2       PUBLIC        RB8
  B:00A8H.0       PUBLIC        EX0
  B:0088H.0       PUBLIC        IT0
  B:0098H.3       PUBLIC        TB8
  B:00A8H.2       PUBLIC        EX1
  B:0088H.2       PUBLIC        IT1
  B:00D0H.0       PUBLIC        P
  B:0098H.7       PUBLIC        SM0
  B:0090H.2       PUBLIC        ECI
  B:0098H.6       PUBLIC        SM1
  B:0098H.5       PUBLIC        SM2
  B:0090H.3       PUBLIC        BIT_EN
  B:00D0H.3       PUBLIC        RS0
  B:0088H.4       PUBLIC        TR0
  B:00D0H.4       PUBLIC        RS1
  B:0090H.6       PUBLIC        per_SCLK
  B:0088H.6       PUBLIC        TR1
  B:00C8H.2       PUBLIC        TR2
  B:00A0H.0       PUBLIC        SW1
  B:00A0H.1       PUBLIC        SW2
  B:00A0H.2       PUBLIC        SW3
  B:00A0H.3       PUBLIC        SW4
  B:0090H.6       PUBLIC        SCK
  B:0090H.7       PUBLIC        per_MOSI
  B:0090H.5       PUBLIC        per_MISO
  B:00C8H.3       PUBLIC        EXEN2
  B:0090H.2       PUBLIC        DATA_REQ
  B:0098H.4       PUBLIC        REN
  B:00A0H.2       PUBLIC        AD10
  B:00A0H.3       PUBLIC        AD11
  D:00C8H         PUBLIC        T2CON
  B:00A0H.4       PUBLIC        AD12
  B:00A0H.5       PUBLIC        AD13
  B:00A0H.6       PUBLIC        AD14
  B:00A0H.7       PUBLIC        AD15
  B:00B8H.4       PUBLIC        PLS
  B:00D0H.5       PUBLIC        F0
  B:00D0H.1       PUBLIC        F1
  D:00D0H         PUBLIC        PSW
  B:00D8H.0       PUBLIC        CCF0
  B:00D8H.1       PUBLIC        CCF1
  -------         PROC          _LEDS_ON
  D:0007H         SYMBOL        LED_mask
  C:3ADBH         LINE#         13
  C:3ADBH         LINE#         14
  C:3ADBH         LINE#         15
  C:3ADFH         LINE#         16
  -------         ENDPROC       _LEDS_ON
  -------         PROC          _LEDS_OFF
  D:0007H         SYMBOL        LED_mask
  C:3AEFH         LINE#         26
BL51 BANKED LINKER/LOCATER V4.02                                                      12/10/2019  21:04:01  PAGE 24


  C:3AEFH         LINE#         27
  C:3AEFH         LINE#         28
  C:3AF2H         LINE#         29
  -------         ENDPROC       _LEDS_OFF
  -------         ENDMOD        LED_CONTROL

  -------         MODULE        LONG_SERIAL_IN
  C:0000H         SYMBOL        _ICE_DUMMY_
  B:00D8H.2       PUBLIC        CCF2
  B:00D8H.3       PUBLIC        CCF3
  D:0080H         PUBLIC        P0
  B:00D8H.4       PUBLIC        CCF4
  D:0090H         PUBLIC        P1
  D:00A0H         PUBLIC        P2
  D:00B0H         PUBLIC        P3
  B:00B0H.4       PUBLIC        T0
  B:00D0H.6       PUBLIC        AC
  B:00B0H.5       PUBLIC        T1
  B:00B0H.7       PUBLIC        nRD
  B:0090H.0       PUBLIC        T2
  B:00A8H.7       PUBLIC        EA
  B:00A8H.6       PUBLIC        EC
  B:00D8H.7       PUBLIC        CF
  B:00B0H.2       PUBLIC        nINT0
  B:0098H.7       PUBLIC        FE
  B:00B0H.3       PUBLIC        nINT1
  D:00A8H         PUBLIC        IEN0
  B:00B0H.0       PUBLIC        RxD
  B:00B0H.1       PUBLIC        TxD
  B:0090H.3       PUBLIC        CEX0
  B:0090H.4       PUBLIC        CEX1
  B:00C8H.0       PUBLIC        CP
  B:00D8H.6       PUBLIC        CR
  B:00C8H.6       PUBLIC        EXF2
  D:00B8H         PUBLIC        IPL0
  B:00B0H.6       PUBLIC        nWR
  B:00A8H.4       PUBLIC        ES
  B:0098H.0       PUBLIC        RI
  B:00D0H.7       PUBLIC        CY
  B:0098H.1       PUBLIC        TI
  B:00B8H.1       PUBLIC        PT0L
  B:00B8H.3       PUBLIC        PT1L
  B:00B8H.5       PUBLIC        PT2L
  B:0090H.1       PUBLIC        T2EX
  D:00D8H         PUBLIC        CCON
  B:00B8H.0       PUBLIC        PX0L
  B:00D0H.2       PUBLIC        OV
  B:0090H.1       PUBLIC        SS
  B:00B8H.2       PUBLIC        PX1L
  C:3142H         PUBLIC        long_serial_input
  B:00C8H.5       PUBLIC        RCLK
  B:00C8H.4       PUBLIC        TCLK
  B:00B8H.6       PUBLIC        PPCL
  D:0098H         PUBLIC        SCON
  B:0080H.0       PUBLIC        AD0
  D:0088H         PUBLIC        TCON
  B:0080H.1       PUBLIC        AD1
BL51 BANKED LINKER/LOCATER V4.02                                                      12/10/2019  21:04:01  PAGE 25


  B:0080H.2       PUBLIC        AD2
  B:00C8H.1       PUBLIC        CnT2
  B:0080H.3       PUBLIC        AD3
  B:0090H.5       PUBLIC        MISO
  B:0090H.7       PUBLIC        MOSI
  B:0080H.4       PUBLIC        AD4
  B:0080H.5       PUBLIC        AD5
  B:0080H.6       PUBLIC        AD6
  B:0080H.7       PUBLIC        AD7
  B:00A0H.0       PUBLIC        AD8
  B:00A0H.1       PUBLIC        AD9
  B:0088H.1       PUBLIC        IE0
  B:0088H.3       PUBLIC        IE1
  B:00A8H.1       PUBLIC        ET0
  B:00A8H.3       PUBLIC        ET1
  B:0088H.5       PUBLIC        TF0
  B:00A8H.5       PUBLIC        ET2
  B:0088H.7       PUBLIC        TF1
  B:00C8H.7       PUBLIC        TF2
  B:0098H.2       PUBLIC        RB8
  B:00A8H.0       PUBLIC        EX0
  B:0088H.0       PUBLIC        IT0
  B:0098H.3       PUBLIC        TB8
  B:00A8H.2       PUBLIC        EX1
  B:0088H.2       PUBLIC        IT1
  B:00D0H.0       PUBLIC        P
  B:0098H.7       PUBLIC        SM0
  B:0090H.2       PUBLIC        ECI
  B:0098H.6       PUBLIC        SM1
  B:0098H.5       PUBLIC        SM2
  B:00D0H.3       PUBLIC        RS0
  B:0088H.4       PUBLIC        TR0
  B:00D0H.4       PUBLIC        RS1
  B:0088H.6       PUBLIC        TR1
  B:00C8H.2       PUBLIC        TR2
  B:0090H.6       PUBLIC        SCK
  B:00C8H.3       PUBLIC        EXEN2
  B:0098H.4       PUBLIC        REN
  B:00A0H.2       PUBLIC        AD10
  B:00A0H.3       PUBLIC        AD11
  D:00C8H         PUBLIC        T2CON
  B:00A0H.4       PUBLIC        AD12
  B:00A0H.5       PUBLIC        AD13
  B:00A0H.6       PUBLIC        AD14
  B:00A0H.7       PUBLIC        AD15
  B:00B8H.4       PUBLIC        PLS
  B:00D0H.5       PUBLIC        F0
  B:00D0H.1       PUBLIC        F1
  D:00D0H         PUBLIC        PSW
  B:00D8H.0       PUBLIC        CCF0
  B:00D8H.1       PUBLIC        CCF1
  -------         PROC          LONG_SERIAL_INPUT
  -------         DO            LONG_SERIAL_INPUT
  D:0043H         SYMBOL        index
  D:0044H         SYMBOL        input
  D:0045H         SYMBOL        input_values
  D:0050H         SYMBOL        output_value
BL51 BANKED LINKER/LOCATER V4.02                                                      12/10/2019  21:04:01  PAGE 26


  -------         ENDDO         output_value
  C:3142H         LINE#         16
  C:3142H         LINE#         17
  C:3142H         LINE#         20
  C:3145H         LINE#         21
  C:3145H         LINE#         22
  C:314CH         LINE#         23
  C:3153H         LINE#         24
  C:315DH         LINE#         25
  C:3160H         LINE#         27
  C:3160H         LINE#         28
  C:3165H         LINE#         29
  C:3173H         LINE#         30
  C:3173H         LINE#         31
  C:317AH         LINE#         32
  C:317CH         LINE#         33
  C:3181H         LINE#         34
  C:3183H         LINE#         35
  C:318EH         LINE#         36
  C:318EH         LINE#         37
  C:3190H         LINE#         38
  C:3197H         LINE#         39
  C:319CH         LINE#         40
  C:31A1H         LINE#         41
  C:31A6H         LINE#         42
  C:31A8H         LINE#         43
  C:31B3H         LINE#         44
  C:31B3H         LINE#         45
  C:31C4H         LINE#         46
  C:31C9H         LINE#         47
  C:31CEH         LINE#         48
  C:31D0H         LINE#         50
  C:31D0H         LINE#         51
  C:31D3H         LINE#         52
  C:31D3H         LINE#         53
  C:31D8H         LINE#         54
  C:31D8H         LINE#         55
  C:31E9H         LINE#         56
  C:31EEH         LINE#         57
  C:31F3H         LINE#         58
  C:31F3H         LINE#         59
  C:320AH         LINE#         61
  C:3212H         LINE#         62
  -------         ENDPROC       LONG_SERIAL_INPUT
  -------         ENDMOD        LONG_SERIAL_IN

  -------         MODULE        OUTPUTS
  C:0000H         SYMBOL        _ICE_DUMMY_
  B:00D8H.2       PUBLIC        CCF2
  B:00D8H.3       PUBLIC        CCF3
  D:0080H         PUBLIC        P0
  B:00D8H.4       PUBLIC        CCF4
  D:0090H         PUBLIC        P1
  D:00A0H         PUBLIC        P2
  D:00B0H         PUBLIC        P3
  B:00B0H.4       PUBLIC        T0
  B:00D0H.6       PUBLIC        AC
BL51 BANKED LINKER/LOCATER V4.02                                                      12/10/2019  21:04:01  PAGE 27


  B:00B0H.5       PUBLIC        T1
  B:00B0H.7       PUBLIC        nRD
  B:0090H.0       PUBLIC        T2
  B:00A8H.7       PUBLIC        EA
  B:00A8H.6       PUBLIC        EC
  B:00D8H.7       PUBLIC        CF
  C:3B03H         PUBLIC        _P0_output_bits
  B:00B0H.2       PUBLIC        nINT0
  B:0098H.7       PUBLIC        FE
  B:00B0H.3       PUBLIC        nINT1
  D:00A8H         PUBLIC        IEN0
  B:00B0H.0       PUBLIC        RxD
  B:0090H.0       PUBLIC        P1_0
  B:00B0H.1       PUBLIC        TxD
  B:0090H.3       PUBLIC        CEX0
  B:0090H.1       PUBLIC        P1_1
  B:0090H.4       PUBLIC        CEX1
  B:0090H.2       PUBLIC        P1_2
  B:00C8H.0       PUBLIC        CP
  B:0090H.3       PUBLIC        P1_3
  B:00B0H.2       PUBLIC        P3_2
  B:00D8H.6       PUBLIC        CR
  B:00B0H.3       PUBLIC        P3_3
  B:00C8H.6       PUBLIC        EXF2
  D:00B8H         PUBLIC        IPL0
  B:00B0H.4       PUBLIC        P3_4
  B:00B0H.5       PUBLIC        P3_5
  B:00B0H.6       PUBLIC        nWR
  B:00A8H.4       PUBLIC        ES
  B:0098H.0       PUBLIC        RI
  B:00D0H.7       PUBLIC        CY
  B:0098H.1       PUBLIC        TI
  B:00B8H.1       PUBLIC        PT0L
  B:00B8H.3       PUBLIC        PT1L
  B:00B8H.5       PUBLIC        PT2L
  B:0090H.1       PUBLIC        T2EX
  D:00D8H         PUBLIC        CCON
  B:00B0H.6       PUBLIC        RS
  B:00B8H.0       PUBLIC        PX0L
  B:00D0H.2       PUBLIC        OV
  B:0090H.1       PUBLIC        SS
  B:00B8H.2       PUBLIC        PX1L
  B:00C8H.5       PUBLIC        RCLK
  B:00C8H.4       PUBLIC        TCLK
  B:00B8H.6       PUBLIC        PPCL
  C:3AF3H         PUBLIC        _P2_set_bit
  C:3AF7H         PUBLIC        _P3_set_bit
  B:00A0H.4       PUBLIC        REDLED
  D:0098H         PUBLIC        SCON
  B:00A0H.6       PUBLIC        YELLOWLED
  B:0090H.4       PUBLIC        nCS0
  B:0080H.0       PUBLIC        AD0
  D:0088H         PUBLIC        TCON
  B:0080H.1       PUBLIC        AD1
  B:0080H.2       PUBLIC        AD2
  B:00B0H.1       PUBLIC        per_RxD
  B:00C8H.1       PUBLIC        CnT2
BL51 BANKED LINKER/LOCATER V4.02                                                      12/10/2019  21:04:01  PAGE 28


  B:0080H.3       PUBLIC        AD3
  B:0090H.5       PUBLIC        MISO
  B:0090H.7       PUBLIC        MOSI
  B:0080H.4       PUBLIC        AD4
  B:00B0H.0       PUBLIC        per_TxD
  B:0080H.5       PUBLIC        AD5
  B:0080H.6       PUBLIC        AD6
  B:0080H.7       PUBLIC        AD7
  B:00A0H.0       PUBLIC        AD8
  B:00A0H.1       PUBLIC        AD9
  B:0088H.1       PUBLIC        IE0
  B:00A0H.7       PUBLIC        AMBERLED
  B:0088H.3       PUBLIC        IE1
  B:00B0H.7       PUBLIC        E
  B:00A0H.5       PUBLIC        GREENLED
  B:00A8H.1       PUBLIC        ET0
  B:00A8H.3       PUBLIC        ET1
  B:0088H.5       PUBLIC        TF0
  B:00A8H.5       PUBLIC        ET2
  B:0088H.7       PUBLIC        TF1
  B:00C8H.7       PUBLIC        TF2
  B:0098H.2       PUBLIC        RB8
  B:00A8H.0       PUBLIC        EX0
  B:0088H.0       PUBLIC        IT0
  B:0098H.3       PUBLIC        TB8
  B:00A8H.2       PUBLIC        EX1
  B:0088H.2       PUBLIC        IT1
  B:00D0H.0       PUBLIC        P
  B:0098H.7       PUBLIC        SM0
  B:0090H.2       PUBLIC        ECI
  B:0098H.6       PUBLIC        SM1
  B:0098H.5       PUBLIC        SM2
  B:0090H.3       PUBLIC        BIT_EN
  B:00D0H.3       PUBLIC        RS0
  B:0088H.4       PUBLIC        TR0
  B:00D0H.4       PUBLIC        RS1
  B:0090H.6       PUBLIC        per_SCLK
  B:0088H.6       PUBLIC        TR1
  B:00C8H.2       PUBLIC        TR2
  B:00A0H.0       PUBLIC        SW1
  B:00A0H.1       PUBLIC        SW2
  B:00A0H.2       PUBLIC        SW3
  B:00A0H.3       PUBLIC        SW4
  B:0090H.6       PUBLIC        SCK
  B:0090H.7       PUBLIC        per_MOSI
  B:0090H.5       PUBLIC        per_MISO
  B:00C8H.3       PUBLIC        EXEN2
  B:0090H.2       PUBLIC        DATA_REQ
  B:0098H.4       PUBLIC        REN
  B:00A0H.2       PUBLIC        AD10
  B:00A0H.3       PUBLIC        AD11
  D:00C8H         PUBLIC        T2CON
  B:00A0H.4       PUBLIC        AD12
  B:00A0H.5       PUBLIC        AD13
  B:00A0H.6       PUBLIC        AD14
  B:00A0H.7       PUBLIC        AD15
  C:3AE0H         PUBLIC        _P3_clear_bit
BL51 BANKED LINKER/LOCATER V4.02                                                      12/10/2019  21:04:01  PAGE 29


  B:00B8H.4       PUBLIC        PLS
  B:00D0H.5       PUBLIC        F0
  B:00D0H.1       PUBLIC        F1
  D:00D0H         PUBLIC        PSW
  B:00D8H.0       PUBLIC        CCF0
  B:00D8H.1       PUBLIC        CCF1
  -------         PROC          _P0_OUTPUT_BITS
  D:0007H         SYMBOL        Port_Data
  C:3B03H         LINE#         14
  C:3B03H         LINE#         15
  C:3B03H         LINE#         16
  C:3B05H         LINE#         17
  -------         ENDPROC       _P0_OUTPUT_BITS
  -------         PROC          _P3_CLEAR_BIT
  D:0007H         SYMBOL        Bit_Data
  C:3AE0H         LINE#         60
  C:3AE0H         LINE#         61
  C:3AE0H         LINE#         62
  C:3AE4H         LINE#         63
  -------         ENDPROC       _P3_CLEAR_BIT
  -------         PROC          _P2_SET_BIT
  D:0007H         SYMBOL        Bit_Data
  C:3AF3H         LINE#         81
  C:3AF3H         LINE#         82
  C:3AF3H         LINE#         83
  C:3AF6H         LINE#         84
  -------         ENDPROC       _P2_SET_BIT
  -------         PROC          _P3_SET_BIT
  D:0007H         SYMBOL        Bit_Data
  C:3AF7H         LINE#         86
  C:3AF7H         LINE#         87
  C:3AF7H         LINE#         88
  C:3AFAH         LINE#         89
  -------         ENDPROC       _P3_SET_BIT
  -------         ENDMOD        OUTPUTS

  -------         MODULE        PRINT_BYTES
  C:0000H         SYMBOL        _ICE_DUMMY_
  B:00D8H.2       PUBLIC        CCF2
  B:00D8H.3       PUBLIC        CCF3
  D:0080H         PUBLIC        P0
  B:00D8H.4       PUBLIC        CCF4
  D:0090H         PUBLIC        P1
  D:00A0H         PUBLIC        P2
  D:00B0H         PUBLIC        P3
  B:00B0H.4       PUBLIC        T0
  B:00D0H.6       PUBLIC        AC
  B:00B0H.5       PUBLIC        T1
  B:00B0H.7       PUBLIC        nRD
  B:0090H.0       PUBLIC        T2
  B:00A8H.7       PUBLIC        EA
  B:00A8H.6       PUBLIC        EC
  B:00D8H.7       PUBLIC        CF
  B:00B0H.2       PUBLIC        nINT0
  B:0098H.7       PUBLIC        FE
  B:00B0H.3       PUBLIC        nINT1
  D:00A8H         PUBLIC        IEN0
BL51 BANKED LINKER/LOCATER V4.02                                                      12/10/2019  21:04:01  PAGE 30


  B:00B0H.0       PUBLIC        RxD
  B:00B0H.1       PUBLIC        TxD
  B:0090H.3       PUBLIC        CEX0
  B:0090H.4       PUBLIC        CEX1
  B:00C8H.0       PUBLIC        CP
  B:00D8H.6       PUBLIC        CR
  B:00C8H.6       PUBLIC        EXF2
  D:00B8H         PUBLIC        IPL0
  B:00B0H.6       PUBLIC        nWR
  B:00A8H.4       PUBLIC        ES
  B:0098H.0       PUBLIC        RI
  B:00D0H.7       PUBLIC        CY
  B:0098H.1       PUBLIC        TI
  B:00B8H.1       PUBLIC        PT0L
  B:00B8H.3       PUBLIC        PT1L
  B:00B8H.5       PUBLIC        PT2L
  B:0090H.1       PUBLIC        T2EX
  D:00D8H         PUBLIC        CCON
  B:00B8H.0       PUBLIC        PX0L
  B:00D0H.2       PUBLIC        OV
  B:0090H.1       PUBLIC        SS
  B:00B8H.2       PUBLIC        PX1L
  B:00C8H.5       PUBLIC        RCLK
  B:00C8H.4       PUBLIC        TCLK
  B:00B8H.6       PUBLIC        PPCL
  D:0098H         PUBLIC        SCON
  B:0080H.0       PUBLIC        AD0
  D:0088H         PUBLIC        TCON
  B:0080H.1       PUBLIC        AD1
  B:0080H.2       PUBLIC        AD2
  B:00C8H.1       PUBLIC        CnT2
  B:0080H.3       PUBLIC        AD3
  B:0090H.5       PUBLIC        MISO
  B:0090H.7       PUBLIC        MOSI
  B:0080H.4       PUBLIC        AD4
  B:0080H.5       PUBLIC        AD5
  B:0080H.6       PUBLIC        AD6
  B:0080H.7       PUBLIC        AD7
  B:00A0H.0       PUBLIC        AD8
  B:00A0H.1       PUBLIC        AD9
  B:0088H.1       PUBLIC        IE0
  B:0088H.3       PUBLIC        IE1
  B:00A8H.1       PUBLIC        ET0
  B:00A8H.3       PUBLIC        ET1
  B:0088H.5       PUBLIC        TF0
  B:00A8H.5       PUBLIC        ET2
  B:0088H.7       PUBLIC        TF1
  B:00C8H.7       PUBLIC        TF2
  B:0098H.2       PUBLIC        RB8
  B:00A8H.0       PUBLIC        EX0
  B:0088H.0       PUBLIC        IT0
  B:0098H.3       PUBLIC        TB8
  B:00A8H.2       PUBLIC        EX1
  B:0088H.2       PUBLIC        IT1
  B:00D0H.0       PUBLIC        P
  B:0098H.7       PUBLIC        SM0
  B:0090H.2       PUBLIC        ECI
BL51 BANKED LINKER/LOCATER V4.02                                                      12/10/2019  21:04:01  PAGE 31


  B:0098H.6       PUBLIC        SM1
  B:0098H.5       PUBLIC        SM2
  B:00D0H.3       PUBLIC        RS0
  B:0088H.4       PUBLIC        TR0
  B:00D0H.4       PUBLIC        RS1
  B:0088H.6       PUBLIC        TR1
  B:00C8H.2       PUBLIC        TR2
  B:0090H.6       PUBLIC        SCK
  B:00C8H.3       PUBLIC        EXEN2
  B:0098H.4       PUBLIC        REN
  B:00A0H.2       PUBLIC        AD10
  B:00A0H.3       PUBLIC        AD11
  D:00C8H         PUBLIC        T2CON
  B:00A0H.4       PUBLIC        AD12
  B:00A0H.5       PUBLIC        AD13
  B:00A0H.6       PUBLIC        AD14
  B:00A0H.7       PUBLIC        AD15
  B:00B8H.4       PUBLIC        PLS
  B:00D0H.5       PUBLIC        F0
  B:00D0H.1       PUBLIC        F1
  D:00D0H         PUBLIC        PSW
  B:00D8H.0       PUBLIC        CCF0
  B:00D8H.1       PUBLIC        CCF1
  -------         ENDMOD        PRINT_BYTES

  -------         MODULE        READ_SECTOR
  C:0000H         SYMBOL        _ICE_DUMMY_
  B:00D8H.2       PUBLIC        CCF2
  B:00D8H.3       PUBLIC        CCF3
  D:0080H         PUBLIC        P0
  B:00D8H.4       PUBLIC        CCF4
  D:0090H         PUBLIC        P1
  D:00A0H         PUBLIC        P2
  D:00B0H         PUBLIC        P3
  B:00B0H.4       PUBLIC        T0
  B:00D0H.6       PUBLIC        AC
  B:00B0H.5       PUBLIC        T1
  B:00B0H.7       PUBLIC        nRD
  B:0090H.0       PUBLIC        T2
  B:00A8H.7       PUBLIC        EA
  B:00A8H.6       PUBLIC        EC
  B:00D8H.7       PUBLIC        CF
  B:00B0H.2       PUBLIC        nINT0
  B:0098H.7       PUBLIC        FE
  B:00B0H.3       PUBLIC        nINT1
  D:00A8H         PUBLIC        IEN0
  B:00B0H.0       PUBLIC        RxD
  B:00B0H.1       PUBLIC        TxD
  B:0090H.3       PUBLIC        CEX0
  B:0090H.4       PUBLIC        CEX1
  B:00C8H.0       PUBLIC        CP
  B:00D8H.6       PUBLIC        CR
  B:00C8H.6       PUBLIC        EXF2
  D:00B8H         PUBLIC        IPL0
  B:00B0H.6       PUBLIC        nWR
  B:00A8H.4       PUBLIC        ES
  B:0098H.0       PUBLIC        RI
BL51 BANKED LINKER/LOCATER V4.02                                                      12/10/2019  21:04:01  PAGE 32


  B:00D0H.7       PUBLIC        CY
  B:0098H.1       PUBLIC        TI
  B:00B8H.1       PUBLIC        PT0L
  B:00B8H.3       PUBLIC        PT1L
  B:00B8H.5       PUBLIC        PT2L
  B:0090H.1       PUBLIC        T2EX
  D:00D8H         PUBLIC        CCON
  B:00B8H.0       PUBLIC        PX0L
  B:00D0H.2       PUBLIC        OV
  B:0090H.1       PUBLIC        SS
  B:00B8H.2       PUBLIC        PX1L
  B:00C8H.5       PUBLIC        RCLK
  B:00C8H.4       PUBLIC        TCLK
  B:00B8H.6       PUBLIC        PPCL
  C:3826H         PUBLIC        _Read_Sector
  D:0098H         PUBLIC        SCON
  B:0080H.0       PUBLIC        AD0
  D:0088H         PUBLIC        TCON
  B:0080H.1       PUBLIC        AD1
  B:0080H.2       PUBLIC        AD2
  B:00C8H.1       PUBLIC        CnT2
  B:0080H.3       PUBLIC        AD3
  B:0090H.5       PUBLIC        MISO
  B:0090H.7       PUBLIC        MOSI
  B:0080H.4       PUBLIC        AD4
  B:0080H.5       PUBLIC        AD5
  B:0080H.6       PUBLIC        AD6
  B:0080H.7       PUBLIC        AD7
  B:00A0H.0       PUBLIC        AD8
  B:00A0H.1       PUBLIC        AD9
  B:0088H.1       PUBLIC        IE0
  B:0088H.3       PUBLIC        IE1
  B:00A8H.1       PUBLIC        ET0
  B:00A8H.3       PUBLIC        ET1
  B:0088H.5       PUBLIC        TF0
  B:00A8H.5       PUBLIC        ET2
  B:0088H.7       PUBLIC        TF1
  B:00C8H.7       PUBLIC        TF2
  B:0098H.2       PUBLIC        RB8
  B:00A8H.0       PUBLIC        EX0
  B:0088H.0       PUBLIC        IT0
  B:0098H.3       PUBLIC        TB8
  B:00A8H.2       PUBLIC        EX1
  B:0088H.2       PUBLIC        IT1
  B:00D0H.0       PUBLIC        P
  B:0098H.7       PUBLIC        SM0
  B:0090H.2       PUBLIC        ECI
  B:0098H.6       PUBLIC        SM1
  B:0098H.5       PUBLIC        SM2
  B:00D0H.3       PUBLIC        RS0
  B:0088H.4       PUBLIC        TR0
  B:00D0H.4       PUBLIC        RS1
  B:0088H.6       PUBLIC        TR1
  B:00C8H.2       PUBLIC        TR2
  B:0090H.6       PUBLIC        SCK
  B:00C8H.3       PUBLIC        EXEN2
  B:0098H.4       PUBLIC        REN
BL51 BANKED LINKER/LOCATER V4.02                                                      12/10/2019  21:04:01  PAGE 33


  B:00A0H.2       PUBLIC        AD10
  B:00A0H.3       PUBLIC        AD11
  D:00C8H         PUBLIC        T2CON
  B:00A0H.4       PUBLIC        AD12
  B:00A0H.5       PUBLIC        AD13
  B:00A0H.6       PUBLIC        AD14
  B:00A0H.7       PUBLIC        AD15
  B:00B8H.4       PUBLIC        PLS
  B:00D0H.5       PUBLIC        F0
  B:00D0H.1       PUBLIC        F1
  D:00D0H         PUBLIC        PSW
  B:00D8H.0       PUBLIC        CCF0
  B:00D8H.1       PUBLIC        CCF1
  -------         PROC          _READ_SECTOR
  D:0068H         SYMBOL        sector_number
  D:006CH         SYMBOL        sector_size
  D:006EH         SYMBOL        array_for_data
  -------         DO            array_for_data
  D:0071H         SYMBOL        SDtype
  D:0072H         SYMBOL        error_flag
  -------         ENDDO         error_flag
  C:3826H         LINE#         13
  C:382EH         LINE#         14
  C:382EH         LINE#         16
  C:3831H         LINE#         19
  C:3836H         LINE#         21
  C:383BH         LINE#         23
  C:3859H         LINE#         25
  C:385DH         LINE#         26
  C:385DH         LINE#         27
  C:386CH         LINE#         28
  C:386CH         LINE#         30
  C:3871H         LINE#         32
  C:3875H         LINE#         33
  C:3875H         LINE#         34
  C:3878H         LINE#         35
  C:3878H         LINE#         36
  C:387AH         LINE#         37
  -------         ENDPROC       _READ_SECTOR
  -------         ENDMOD        READ_SECTOR

  -------         MODULE        SDCARD
  C:0000H         SYMBOL        _ICE_DUMMY_
  B:00D8H.2       PUBLIC        CCF2
  B:00D8H.3       PUBLIC        CCF3
  D:0080H         PUBLIC        P0
  B:00D8H.4       PUBLIC        CCF4
  D:0090H         PUBLIC        P1
  D:00A0H         PUBLIC        P2
  D:00B0H         PUBLIC        P3
  B:00B0H.4       PUBLIC        T0
  B:00D0H.6       PUBLIC        AC
  B:00B0H.5       PUBLIC        T1
  B:00B0H.7       PUBLIC        nRD
  B:0090H.0       PUBLIC        T2
  B:00A8H.7       PUBLIC        EA
  B:00A8H.6       PUBLIC        EC
BL51 BANKED LINKER/LOCATER V4.02                                                      12/10/2019  21:04:01  PAGE 34


  B:00D8H.7       PUBLIC        CF
  B:00B0H.2       PUBLIC        nINT0
  B:0098H.7       PUBLIC        FE
  B:00B0H.3       PUBLIC        nINT1
  D:00A8H         PUBLIC        IEN0
  B:00B0H.0       PUBLIC        RxD
  B:0090H.0       PUBLIC        P1_0
  B:00B0H.1       PUBLIC        TxD
  B:0090H.3       PUBLIC        CEX0
  B:0090H.1       PUBLIC        P1_1
  B:0090H.4       PUBLIC        CEX1
  B:0090H.2       PUBLIC        P1_2
  B:00C8H.0       PUBLIC        CP
  B:0090H.3       PUBLIC        P1_3
  B:00B0H.2       PUBLIC        P3_2
  B:00D8H.6       PUBLIC        CR
  B:00B0H.3       PUBLIC        P3_3
  B:00C8H.6       PUBLIC        EXF2
  D:00B8H         PUBLIC        IPL0
  B:00B0H.4       PUBLIC        P3_4
  B:00B0H.5       PUBLIC        P3_5
  B:00B0H.6       PUBLIC        nWR
  B:00A8H.4       PUBLIC        ES
  B:0098H.0       PUBLIC        RI
  B:00D0H.7       PUBLIC        CY
  B:0098H.1       PUBLIC        TI
  C:374EH         PUBLIC        _print_error
  B:00B8H.1       PUBLIC        PT0L
  B:00B8H.3       PUBLIC        PT1L
[...]
  C:1475H         LINE#         122
  C:148FH         LINE#         123
  C:1491H         LINE#         124
  C:14A8H         LINE#         125
  C:14BAH         LINE#         126
  C:14BAH         LINE#         127
  C:14CCH         LINE#         128
  C:14CCH         LINE#         129
  C:14E5H         LINE#         130
  C:14E5H         LINE#         131
  C:14E9H         LINE#         132
  C:14EBH         LINE#         134
  C:14EBH         LINE#         135
  C:14EFH         LINE#         136
  C:14EFH         LINE#         137
  C:14F1H         LINE#         139
  C:14F1H         LINE#         140
  C:14F5H         LINE#         141
  C:14F5H         LINE#         142
  C:14F7H         LINE#         143
  C:14F7H         LINE#         144
  C:14FAH         LINE#         145
  C:1508H         LINE#         146
  C:1508H         LINE#         147
  C:151CH         LINE#         148
  C:151CH         LINE#         149
  C:1535H         LINE#         150
  C:1535H         LINE#         151
  C:1539H         LINE#         152
  C:153CH         LINE#         154
BL51 BANKED LINKER/LOCATER V4.02                                                      12/10/2019  21:04:01  PAGE 70


  C:153CH         LINE#         155
  C:1540H         LINE#         156
  C:1540H         LINE#         157
  C:1540H         LINE#         158
  C:1540H         LINE#         159
  C:1543H         LINE#         160
  C:1543H         LINE#         162
  C:1543H         LINE#         163
  C:1543H         LINE#         164
  C:154FH         LINE#         165
  C:154FH         LINE#         166
  C:1551H         LINE#         167
  C:156BH         LINE#         168
  C:156DH         LINE#         169
  C:1584H         LINE#         170
  C:1596H         LINE#         171
  C:1596H         LINE#         172
  C:15A8H         LINE#         173
  C:15A8H         LINE#         174
  C:15C1H         LINE#         175
  C:15C1H         LINE#         176
  C:15C5H         LINE#         177
  C:15C7H         LINE#         179
  C:15C7H         LINE#         180
  C:15CBH         LINE#         181
  C:15CBH         LINE#         182
  C:15CDH         LINE#         184
  C:15CDH         LINE#         185
  C:15D1H         LINE#         186
  C:15D1H         LINE#         187
  C:15D3H         LINE#         188
  C:15D3H         LINE#         189
  C:15D6H         LINE#         190
  C:15E6H         LINE#         191
  C:15E6H         LINE#         192
  C:15FAH         LINE#         193
  C:15FAH         LINE#         194
  C:1613H         LINE#         195
  C:1613H         LINE#         196
  C:1617H         LINE#         197
  C:161AH         LINE#         199
  C:161AH         LINE#         200
  C:161EH         LINE#         201
  C:161EH         LINE#         202
  C:161EH         LINE#         203
  C:161EH         LINE#         204
  C:1621H         LINE#         205
  C:1621H         LINE#         207
  C:1621H         LINE#         208
  C:1621H         LINE#         209
  C:1654H         LINE#         210
  C:166BH         LINE#         211
  C:1674H         LINE#         212
  C:1678H         LINE#         213
  C:167BH         LINE#         214
  C:167BH         LINE#         216
  C:167BH         LINE#         217
BL51 BANKED LINKER/LOCATER V4.02                                                      12/10/2019  21:04:01  PAGE 71


  C:167BH         LINE#         218
  C:16AEH         LINE#         219
  C:16C5H         LINE#         220
  C:16CEH         LINE#         221
  C:16D2H         LINE#         222
  C:16D5H         LINE#         223
  C:16D5H         LINE#         225
  C:16D5H         LINE#         226
  C:16D5H         LINE#         227
  C:16E8H         LINE#         228
  C:16FAH         LINE#         229
  C:16FAH         LINE#         230
  C:1707H         LINE#         231
  C:1710H         LINE#         232
  C:1714H         LINE#         233
  C:1716H         LINE#         235
  C:1716H         LINE#         236
  C:171AH         LINE#         237
  C:171DH         LINE#         238
  C:171DH         LINE#         239
  C:171FH         LINE#         240
  C:171FH         LINE#         242
  C:171FH         LINE#         243
  C:171FH         LINE#         244
  C:1732H         LINE#         245
  C:1744H         LINE#         246
  C:1744H         LINE#         247
  C:1751H         LINE#         248
  C:175AH         LINE#         249
  C:175EH         LINE#         250
  C:1760H         LINE#         252
  C:1760H         LINE#         253
  C:1764H         LINE#         254
  C:1767H         LINE#         255
  C:1767H         LINE#         256
  C:1767H         LINE#         257
  C:1767H         LINE#         258
  C:1767H         LINE#         259
  -------         ENDPROC       MP3_PLAYER_ISR
  -------         ENDMOD        MP3

  -------         MODULE        MAIN
  C:0000H         SYMBOL        _ICE_DUMMY_
  B:00D8H.2       PUBLIC        CCF2
  B:00D8H.3       PUBLIC        CCF3
  D:0080H         PUBLIC        P0
  B:00D8H.4       PUBLIC        CCF4
  D:0090H         PUBLIC        P1
  D:00A0H         PUBLIC        P2
  D:00B0H         PUBLIC        P3
  B:00B0H.4       PUBLIC        T0
  B:00D0H.6       PUBLIC        AC
  B:00B0H.5       PUBLIC        T1
  B:00B0H.7       PUBLIC        nRD
  B:0090H.0       PUBLIC        T2
  B:00A8H.7       PUBLIC        EA
  B:00A8H.6       PUBLIC        EC
BL51 BANKED LINKER/LOCATER V4.02                                                      12/10/2019  21:04:01  PAGE 72


  B:00D8H.7       PUBLIC        CF
  B:00B0H.2       PUBLIC        nINT0
  B:0098H.7       PUBLIC        FE
  B:00B0H.3       PUBLIC        nINT1
  D:00A8H         PUBLIC        IEN0
  B:00B0H.0       PUBLIC        RxD
  B:0090H.0       PUBLIC        P1_0
  B:00B0H.1       PUBLIC        TxD
  B:0090H.3       PUBLIC        CEX0
  B:0090H.1       PUBLIC        P1_1
  B:0090H.4       PUBLIC        CEX1
  B:0090H.2       PUBLIC        P1_2
  B:00C8H.0       PUBLIC        CP
  B:0090H.3       PUBLIC        P1_3
  B:00B0H.2       PUBLIC        P3_2
  B:00D8H.6       PUBLIC        CR
  B:00B0H.3       PUBLIC        P3_3
  B:00C8H.6       PUBLIC        EXF2
  D:00B8H         PUBLIC        IPL0
  B:00B0H.4       PUBLIC        P3_4
  B:00B0H.5       PUBLIC        P3_5
  B:00B0H.6       PUBLIC        nWR
  B:00A8H.4       PUBLIC        ES
  B:0098H.0       PUBLIC        RI
  B:00D0H.7       PUBLIC        CY
  B:0098H.1       PUBLIC        TI
  D:008FH         PUBLIC        CKCON0
  B:00B8H.1       PUBLIC        PT0L
  B:00B8H.3       PUBLIC        PT1L
  C:2D55H         PUBLIC        SDHC
  B:00B8H.5       PUBLIC        PT2L
  B:0090H.1       PUBLIC        T2EX
  D:00D8H         PUBLIC        CCON
  B:00B0H.6       PUBLIC        RS
  B:00B8H.0       PUBLIC        PX0L
  B:00D0H.2       PUBLIC        OV
  B:0090H.1       PUBLIC        SS
  B:00B8H.2       PUBLIC        PX1L
  C:2128H         PUBLIC        main
  C:2D37H         PUBLIC        SD_start
  B:00C8H.5       PUBLIC        RCLK
  C:2D47H         PUBLIC        SDSC
  X:0000H         PUBLIC        buffer1
  B:00C8H.4       PUBLIC        TCLK
  X:0200H         PUBLIC        buffer2
  B:00B8H.6       PUBLIC        PPCL
  B:00A0H.4       PUBLIC        REDLED
  D:0098H         PUBLIC        SCON
  B:00A0H.6       PUBLIC        YELLOWLED
  B:0090H.4       PUBLIC        nCS0
  B:0080H.0       PUBLIC        AD0
  D:0088H         PUBLIC        TCON
  B:0080H.1       PUBLIC        AD1
  B:0080H.2       PUBLIC        AD2
  B:00B0H.1       PUBLIC        per_RxD
  B:00C8H.1       PUBLIC        CnT2
  B:0080H.3       PUBLIC        AD3
BL51 BANKED LINKER/LOCATER V4.02                                                      12/10/2019  21:04:01  PAGE 73


  B:0090H.5       PUBLIC        MISO
  B:0090H.7       PUBLIC        MOSI
  B:0080H.4       PUBLIC        AD4
  B:00B0H.0       PUBLIC        per_TxD
  B:0080H.5       PUBLIC        AD5
  B:0080H.6       PUBLIC        AD6
  B:0080H.7       PUBLIC        AD7
  B:00A0H.0       PUBLIC        AD8
  B:00A0H.1       PUBLIC        AD9
  B:0088H.1       PUBLIC        IE0
  B:00A0H.7       PUBLIC        AMBERLED
  B:0088H.3       PUBLIC        IE1
  D:008EH         PUBLIC        AUXR
  B:00B0H.7       PUBLIC        E
  B:00A0H.5       PUBLIC        GREENLED
  B:00A8H.1       PUBLIC        ET0
  B:00A8H.3       PUBLIC        ET1
  B:0088H.5       PUBLIC        TF0
  B:00A8H.5       PUBLIC        ET2
  B:0088H.7       PUBLIC        TF1
  B:00C8H.7       PUBLIC        TF2
  B:0098H.2       PUBLIC        RB8
  B:00A8H.0       PUBLIC        EX0
  B:0088H.0       PUBLIC        IT0
  B:0098H.3       PUBLIC        TB8
  B:00A8H.2       PUBLIC        EX1
  B:0088H.2       PUBLIC        IT1
  B:00D0H.0       PUBLIC        P
  B:0098H.7       PUBLIC        SM0
  B:0090H.2       PUBLIC        ECI
  B:0098H.6       PUBLIC        SM1
  B:0098H.5       PUBLIC        SM2
  B:0090H.3       PUBLIC        BIT_EN
  B:00D0H.3       PUBLIC        RS0
  B:0088H.4       PUBLIC        TR0
  B:00D0H.4       PUBLIC        RS1
  B:0090H.6       PUBLIC        per_SCLK
  B:0088H.6       PUBLIC        TR1
  B:00C8H.2       PUBLIC        TR2
  B:00A0H.0       PUBLIC        SW1
  B:00A0H.1       PUBLIC        SW2
  B:00A0H.2       PUBLIC        SW3
  B:00A0H.3       PUBLIC        SW4
  B:0090H.6       PUBLIC        SCK
  B:0090H.7       PUBLIC        per_MOSI
  B:0090H.5       PUBLIC        per_MISO
  B:00C8H.3       PUBLIC        EXEN2
  B:0090H.2       PUBLIC        DATA_REQ
  B:0098H.4       PUBLIC        REN
  B:00A0H.2       PUBLIC        AD10
  B:00A0H.3       PUBLIC        AD11
  D:00C8H         PUBLIC        T2CON
  B:00A0H.4       PUBLIC        AD12
  B:00A0H.5       PUBLIC        AD13
  B:00A0H.6       PUBLIC        AD14
  B:00A0H.7       PUBLIC        AD15
  B:00B8H.4       PUBLIC        PLS
BL51 BANKED LINKER/LOCATER V4.02                                                      12/10/2019  21:04:01  PAGE 74


  B:00D0H.5       PUBLIC        F0
  B:00D0H.1       PUBLIC        F1
  D:00D0H         PUBLIC        PSW
  B:00D8H.0       PUBLIC        CCF0
  B:00D8H.1       PUBLIC        CCF1
  -------         PROC          MAIN
  -------         DO            MAIN
  I:007FH         SYMBOL        block_num
  I:0083H         SYMBOL        i
  I:0085H         SYMBOL        error_flag
  I:0086H         SYMBOL        SD_stat
  I:0087H         SYMBOL        cluster_num
  I:008BH         SYMBOL        current_directory_sector
  I:008FH         SYMBOL        num_entries
  D:0040H         SYMBOL        Mounted_Drive_values
  -------         ENDDO         Mounted_Drive_values
  C:2128H         LINE#         34
  C:2128H         LINE#         35
  C:2128H         LINE#         43
  C:2131H         LINE#         44
  C:2134H         LINE#         45
  C:2134H         LINE#         46
  C:2134H         LINE#         47
  C:2137H         LINE#         48
  C:2137H         LINE#         49
  C:2137H         LINE#         50
  C:2137H         LINE#         51
  C:2137H         LINE#         52
  C:2137H         LINE#         54
  C:213CH         LINE#         55
  C:2141H         LINE#         56
  C:2146H         LINE#         57
  C:214CH         LINE#         58
  C:216CH         LINE#         59
  C:2171H         LINE#         60
  C:2178H         LINE#         61
  C:2181H         LINE#         62
  C:2184H         LINE#         63
  C:218DH         LINE#         64
  C:2199H         LINE#         65
  C:21A8H         LINE#         66
  C:21B1H         LINE#         67
  C:21B4H         LINE#         68
  C:21BDH         LINE#         69
  C:21C2H         LINE#         70
  C:21C2H         LINE#         71
  C:21C7H         LINE#         72
  C:21CCH         LINE#         73
  C:21CEH         LINE#         74
  C:21CEH         LINE#         75
  C:21D3H         LINE#         77
  C:21DAH         LINE#         78
  C:21E3H         LINE#         79
  C:21E8H         LINE#         80
  C:21E8H         LINE#         81
  C:21EDH         LINE#         82
  C:21F2H         LINE#         83
BL51 BANKED LINKER/LOCATER V4.02                                                      12/10/2019  21:04:01  PAGE 75


  C:21F4H         LINE#         84
  C:21F4H         LINE#         85
  C:21F9H         LINE#         86
  C:2208H         LINE#         87
  C:220AH         LINE#         88
  C:220AH         LINE#         89
  C:220FH         LINE#         90
  C:2214H         LINE#         91
  C:2216H         LINE#         92
  C:2216H         LINE#         93
  C:2229H         LINE#         94
  C:2229H         LINE#         95
  C:2236H         LINE#         96
  C:2243H         LINE#         97
  C:224BH         LINE#         98
  C:2252H         LINE#         99
  C:2255H         LINE#         100
  C:2255H         LINE#         101
  C:2262H         LINE#         102
  C:2264H         LINE#         103
  C:2269H         LINE#         104
  C:2269H         LINE#         105
  C:2275H         LINE#         106
  C:2275H         LINE#         108
  C:2280H         LINE#         109
  C:2291H         LINE#         110
  C:2291H         LINE#         111
  C:2291H         LINE#         112
  C:22A7H         LINE#         113
  C:22B0H         LINE#         114
  C:22B8H         LINE#         115
  C:22D8H         LINE#         116
  C:22D8H         LINE#         117
  C:22E1H         LINE#         118
  C:22E9H         LINE#         119
  C:22EBH         LINE#         121
  C:22F0H         LINE#         122
  C:230DH         LINE#         124
  C:2325H         LINE#         125
  C:2325H         LINE#         126
  C:232EH         LINE#         127
  C:233FH         LINE#         128
  C:234CH         LINE#         129
  C:234FH         LINE#         131
  C:234FH         LINE#         132
  C:2358H         LINE#         133
  C:2369H         LINE#         134
  C:2371H         LINE#         136
  C:2371H         LINE#         137
  -------         ENDPROC       MAIN
  -------         ENDMOD        MAIN

  -------         MODULE        ?C?CLDPTR
  C:1ADEH         PUBLIC        ?C?CLDPTR
  -------         ENDMOD        ?C?CLDPTR

  -------         MODULE        ?C?CLDOPTR
BL51 BANKED LINKER/LOCATER V4.02                                                      12/10/2019  21:04:01  PAGE 76


  C:1AF7H         PUBLIC        ?C?CLDOPTR
  -------         ENDMOD        ?C?CLDOPTR

  -------         MODULE        ?C?CSTPTR
  C:1B24H         PUBLIC        ?C?CSTPTR
  -------         ENDMOD        ?C?CSTPTR

  -------         MODULE        ?C?CSTOPTR
  C:1B36H         PUBLIC        ?C?CSTOPTR
  -------         ENDMOD        ?C?CSTOPTR

  -------         MODULE        ?C?UIDIV
  C:1B58H         PUBLIC        ?C?UIDIV
  -------         ENDMOD        ?C?UIDIV

  -------         MODULE        ?C?ILDOPTR
  C:1BADH         PUBLIC        ?C?ILDOPTR
  -------         ENDMOD        ?C?ILDOPTR

  -------         MODULE        ?C?LMUL
  C:1BE5H         PUBLIC        ?C?LMUL
  -------         ENDMOD        ?C?LMUL

  -------         MODULE        ?C?ULDIV
  C:1C70H         PUBLIC        ?C?ULDIV
  -------         ENDMOD        ?C?ULDIV

  -------         MODULE        ?C?SLCMP
  C:1D02H         PUBLIC        ?C?SLCMP
  -------         ENDMOD        ?C?SLCMP

  -------         MODULE        ?C?ULCMP
  C:1D18H         PUBLIC        ?C?ULCMP
  -------         ENDMOD        ?C?ULCMP

  -------         MODULE        ?C?ULSHR
  C:1D29H         PUBLIC        ?C?ULSHR
  -------         ENDMOD        ?C?ULSHR

  -------         MODULE        ?C?LSHL
  C:1D3CH         PUBLIC        ?C?LSHL
  -------         ENDMOD        ?C?LSHL

  -------         MODULE        ?C?LLDOPTR
  C:1D4FH         PUBLIC        ?C?LLDOPTR
  -------         ENDMOD        ?C?LLDOPTR

  -------         MODULE        ?C?LLDIDATA
  C:1D7FH         PUBLIC        ?C?LLDIDATA
  -------         ENDMOD        ?C?LLDIDATA

  -------         MODULE        ?C?LLDIDATA0
  C:1D8BH         PUBLIC        ?C?LLDIDATA0
  -------         ENDMOD        ?C?LLDIDATA0

  -------         MODULE        ?C?LSTIDATA
  C:1D98H         PUBLIC        ?C?LSTIDATA
BL51 BANKED LINKER/LOCATER V4.02                                                      12/10/2019  21:04:01  PAGE 77


  -------         ENDMOD        ?C?LSTIDATA

  -------         MODULE        ?C?LSTXDATA
  C:1DA4H         PUBLIC        ?C?LSTXDATA
  -------         ENDMOD        ?C?LSTXDATA

  -------         MODULE        ?C?LSTKIDATA
  C:1DB0H         PUBLIC        ?C?LSTKIDATA
  -------         ENDMOD        ?C?LSTKIDATA

  -------         MODULE        PUTCHAR
  C:0003H         PUBLIC        _PUTCHAR
  -------         ENDMOD        PUTCHAR

  -------         MODULE        PRINTF
  D:0068H         PUBLIC        ?_PRINTF517?BYTE
  D:0068H         PUBLIC        ?_PRINTF?BYTE
  D:0068H         PUBLIC        ?_SPRINTF517?BYTE
  D:0068H         PUBLIC        ?_SPRINTF?BYTE
  C:17E4H         PUBLIC        _PRINTF
  C:17E4H         PUBLIC        _PRINTF517
  C:17DEH         PUBLIC        _SPRINTF
  C:17DEH         PUBLIC        _SPRINTF517
  -------         ENDMOD        PRINTF

  -------         MODULE        ATOL
  C:3064H         PUBLIC        _ATOL
  -------         ENDMOD        ATOL

  -------         MODULE        ?C?LNEG
  C:1DC9H         PUBLIC        ?C?LNEG
  -------         ENDMOD        ?C?LNEG

  -------         MODULE        ?C?LLDXDATA
  C:1DD7H         PUBLIC        ?C?LLDXDATA
  -------         ENDMOD        ?C?LLDXDATA

  -------         MODULE        ?C?LLDPDATA
  C:1DE3H         PUBLIC        ?C?LLDPDATA
  -------         ENDMOD        ?C?LLDPDATA

  -------         MODULE        ?C?LLDCODE
  C:1DEFH         PUBLIC        ?C?LLDCODE
  -------         ENDMOD        ?C?LLDCODE

  -------         MODULE        ?C?PLDIIDATA
  C:1DFFH         PUBLIC        ?C?PLDIIDATA
  -------         ENDMOD        ?C?PLDIIDATA

  -------         MODULE        ?C?CCASE
  C:1E0FH         PUBLIC        ?C?CCASE
  -------         ENDMOD        ?C?CCASE

  -------         MODULE        ISDIGIT
  C:3AA4H         PUBLIC        _ISDIGIT
  -------         ENDMOD        ISDIGIT

BL51 BANKED LINKER/LOCATER V4.02                                                      12/10/2019  21:04:01  PAGE 78


  -------         MODULE        ISSPACE
  C:3A80H         PUBLIC        _ISSPACE
  -------         ENDMOD        ISSPACE

*** WARNING L16: UNCALLED SEGMENT, IGNORED FOR OVERLAY PROCESS
    SEGMENT: ?PR?_OPEN_FILE?DIRECTORY_FUNCTIONS_STRUCT

*** WARNING L15: MULTIPLE CALL TO SEGMENT
    SEGMENT: ?PR?_SPI_TRANSFER?SPI
    CALLER1: ?PR?MP3_PLAYER_ISR?MP3
    CALLER2: ?C_C51STARTUP

*** WARNING L15: MULTIPLE CALL TO SEGMENT
    SEGMENT: ?PR?_SEND_COMMAND?SDCARD
    CALLER1: ?PR?MP3_PLAYER_ISR?MP3
    CALLER2: ?C_C51STARTUP

*** WARNING L15: MULTIPLE CALL TO SEGMENT
    SEGMENT: ?PR?_READ_SECTOR?READ_SECTOR
    CALLER1: ?PR?MP3_PLAYER_ISR?MP3
    CALLER2: ?C_C51STARTUP

*** WARNING L15: MULTIPLE CALL TO SEGMENT
    SEGMENT: ?PR?_READ_BLOCK?SDCARD
    CALLER1: ?PR?MP3_PLAYER_ISR?MP3
    CALLER2: ?C_C51STARTUP

*** WARNING L15: MULTIPLE CALL TO SEGMENT
    SEGMENT: ?PR?_READ32?DIRECTORY_FUNCTIONS_STRUCT
    CALLER1: ?PR?MP3_PLAYER_ISR?MP3
    CALLER2: ?C_C51STARTUP

*** WARNING L15: MULTIPLE CALL TO SEGMENT
    SEGMENT: ?PR?_FIRST_SECTOR?DIRECTORY_FUNCTIONS_STRUCT
    CALLER1: ?PR?MP3_PLAYER_ISR?MP3
    CALLER2: ?C_C51STARTUP

LINK/LOCATE RUN COMPLETE.  7 WARNING(S),  0 ERROR(S)
