C51 COMPILER V6.02  MAIN                                                                   12/10/2019 21:04:00 PAGE 1   


C51 COMPILER V6.02, COMPILATION OF MODULE MAIN
OBJECT MODULE PLACED IN .\main.OBJ
COMPILER INVOKED BY: C:\Keil\C51\BIN\C51.EXE .\main.c DEBUG OBJECTEXTEND

stmt level    source

   1          /* Names: Tyler Andrews, Brennan Campbell, and Tyler Tetens
   2           * Title: Experiment #4 - Fat File System
   3           */
   4          
   5          #include "AT89C51RC2.h"
   6          #include "stdio.h"
   7          #include "main.h"
   8          #include "PORT.H"
   9          #include "UART.h"
  10          #include "print_bytes.h"
  11          #include "SPI.h"
  12          #include "SDcard.h"
  13          #include "Long_Serial_In.h"
  14          #include "LCD_routines.h"
  15          #include "Timer0_hardware_delay_1ms.h"
  16          #include "Outputs.h"
  17          #include "LED_Control.h"
  18          #include "Directory_Functions_struct.h"
  19          #include "Read_Sector.h"
  20          #include "sEOS.h"
  21          #include "STA013.h"
*** WARNING 317 IN LINE 11 OF I2C.h: redefinition of macro 'no_errors'
*** WARNING 317 IN LINE 13 OF STA013.h: redefinition of macro 'no_errors'
  22          #include "MP3.h"
  23          #include "LCD_routines.h"
  24          #include <stdio.h>
  25          
  26          uint8_t code SD_start[]="SD Card Init...";
  27          uint8_t code SDSC[]="Std. Capacity";
  28          uint8_t code SDHC[]="High Capacity";
  29          
  30          
  31          xdata uint8_t buffer1[512];
  32          xdata uint8_t buffer2[512];
  33          
  34          main()
  35          {
  36   1         uint32_t idata block_num;
  37   1         uint16_t idata i;
  38   1         uint8_t idata error_flag;
  39   1         uint8_t idata SD_stat;
  40   1         uint32_t idata cluster_num;
  41   1         uint32_t idata current_directory_sector;
  42   1         uint32_t idata num_entries;
  43   1         FS_values_t * Mounted_Drive_values = Export_Drive_values();
  44   1         AUXR=0x0c;   // make all of XRAM available, ALE always on
  45   1         if(OSC_PER_INST==6)  // sets the x2 bit according to the OSC_PER_INST value
  46   1         {
  47   2             CKCON0=0x01;  // set X2 clock mode
  48   2         }
  49   1         else if(OSC_PER_INST==12)
  50   1         {
  51   2             CKCON0=0x00;  // set standard clock mode
  52   2         }
  53   1         
C51 COMPILER V6.02  MAIN                                                                   12/10/2019 21:04:00 PAGE 2   

  54   1         P2_set_bit(0x0F);  // sets lower four bits of port 2 for switch inputs.
  55   1         LEDS_OFF(Amber_LED|Yellow_LED|Green_LED);
  56   1         LEDS_ON(Red_LED);
  57   1         i=0;
  58   1         while(i<=60000) i++;
  59   1         LEDS_OFF(Red_LED);
  60   1         uart_init(9600);
  61   1         printf("Done initalizing UART!\r\n");
  62   1         LCD_Init();
  63   1         printf("Done initalizing LCD!\r\n");
  64   1         LCD_Print(line1,0,SD_start);   
  65   1         error_flag=SPI_Master_Init(400000UL);
  66   1         printf("Done initalizing SPI!\r\n");
  67   1         STA013_init();
  68   1         printf("Done initalizing STA013!\r\n");
  69   1         if(error_flag!=no_errors)
  70   1         {
  71   2            LEDS_ON(Red_LED);  // An error causes the program to stop
  72   2      	  UART_Transmit('S');
  73   2            while(1);
  74   2         }
  75   1         LEDS_ON(Amber_LED);
  76   1         // SD Card Initialization
  77   1         error_flag=SD_card_init();
  78   1         printf("Done initalizing SD Card!\r\n");
  79   1         if(error_flag!=no_errors)
  80   1         {
  81   2            LEDS_ON(Red_LED);  // An error causes the program to stop
  82   2      	  UART_Transmit('C');
  83   2            while(1);
  84   2         }
  85   1         LEDS_OFF(Amber_LED);
  86   1         error_flag=SPI_Master_Init(25000000UL);
  87   1         if(error_flag!=no_errors)
  88   1         {
  89   2            LEDS_ON(Red_LED);  // An error causes the program to stop
  90   2      	  UART_Transmit('P');
  91   2            while(1);
  92   2         }
  93   1         for(i=0;i<512;i++)
  94   1         {
  95   2            buffer1[i]=0xff;  // erase valout for debug
  96   2            buffer2[i]=0xff;
  97   2         }
  98   1         SD_stat=Return_SD_Card_Type();
  99   1         if(SD_stat==Standard_Capacity)
 100   1         {
 101   2            LCD_Print(line2,0,SDSC);
 102   2         }
 103   1         else if(SD_stat==High_Capacity)
 104   1         {
 105   2            LCD_Print(line2,0,SDHC);
 106   2         }
 107   1      // Main Loop
 108   1         error_flag = Mount_Drive(buffer1);
 109   1         current_directory_sector = Mounted_Drive_values->FirstRootDirSec;
 110   1         while(1)
 111   1         {
 112   2            num_entries = Print_Directory(current_directory_sector, buffer1);
 113   2            printf("Input Entry #: ");
 114   2            block_num=long_serial_input(); //block_num is entry number for Read_Dir_Entry()
 115   2            while ((block_num <= 0) || (block_num > num_entries))
C51 COMPILER V6.02  MAIN                                                                   12/10/2019 21:04:00 PAGE 3   

 116   2            {
 117   3               printf("Invalid selection. Please select a valid entry.");
 118   3               block_num = long_serial_input();
 119   3            }
 120   2      
 121   2      	  LEDS_ON(Green_LED);
 122   2      	  cluster_num = Read_Dir_Entry(current_directory_sector, block_num, buffer1);
 123   2      	  
 124   2      	  if((cluster_num &directory_bit)!=0) // directory mask
 125   2      	  {
 126   3      	  	  printf("Entry is a directory...Opening now...\r\n");
 127   3      	      cluster_num &= 0x0FFFFFFF;
 128   3                current_directory_sector = First_Sector(cluster_num);
 129   3      	  }
 130   2      	  else // if entry is a file
 131   2      	  {
 132   3      	  	  printf("Entry is a file...\r\nOpening now...\r\n");
 133   3      	  	  cluster_num &= 0x0FFFFFFF;
 134   3           	  Play_MP3_file(cluster_num);
 135   3      		  
 136   3      	  }
 137   2         }
 138   1      } 
 139          
 140          
 141          


MODULE INFORMATION:   STATIC OVERLAYABLE
   CODE SIZE        =    588    ----
   CONSTANT SIZE    =    313    ----
   XDATA SIZE       =   1024    ----
   PDATA SIZE       =   ----    ----
   DATA SIZE        =   ----       3
   IDATA SIZE       =   ----      20
   BIT SIZE         =   ----    ----
END OF MODULE INFORMATION.


C51 COMPILATION COMPLETE.  2 WARNING(S),  0 ERROR(S)
