C51 COMPILER V6.02  STA013                                                                 12/10/2019 19:27:38 PAGE 1   


C51 COMPILER V6.02, COMPILATION OF MODULE STA013
OBJECT MODULE PLACED IN .\STA013.OBJ
COMPILER INVOKED BY: C:\Keil\C51\BIN\C51.EXE .\STA013.c DEBUG OBJECTEXTEND

stmt level    source

   1          /* Names: Tyler Andrews, Tyler Tetens, Brennan Campbell
   2           * Experiment 3
   3           */
   4          
   5          #include "Main.h"
   6          #include "STA013.h"
   7          #include "I2C.h"
   8          #include <stdio.h>
   9          #include "Timer0_hardware_delay_1ms.h"
  10          
  11          extern uint8_t code CONFIG;
  12          extern uint8_t code CONFIG2;
  13          extern uint8_t code CONFIG3;
  14          
  15          uint8_t STA013_init(void)
  16          {
  17   1      	uint8_t return_value; // variable used for error status
  18   1      	uint8_t index = timeout_val;
  19   1      	uint8_t send_array[3];
  20   1      	uint8_t recv_array[3];
  21   1      
  22   1      	do
  23   1      	{
  24   2      		I2C_write(STA013_device_addr, 0x01, 1, 0, send_array); // setting internal address to 0x01
  25   2      		return_value = I2C_read(STA013_device_addr,0,0,1,recv_array);
  26   2      		index--;
  27   2      	}while((return_value!=no_errors)&&(index!=0));
  28   1      	printf("Received Value = %2.2bX\n\r",recv_array[0]);
  29   1      
  30   1      	printf("--------------------Config 1 Go!!!!--------------------\r\n");
  31   1      	return_value = STA013_config(0x43, &CONFIG);
  32   1      	if(return_value!=no_errors)
  33   1      	{
  34   2      		printf("We got problems!");
  35   2      	}
  36   1          Timer0_DELAY_1ms(1000);
  37   1      	printf("--------------------Config 2 Go!!!!--------------------\r\n");
  38   1          return_value = STA013_config(0x43, &CONFIG2);
  39   1      	if(return_value!=no_errors)
  40   1      	{
  41   2      		printf("We got problems!");
  42   2      	}
  43   1          Timer0_DELAY_1ms(1000);  
  44   1      	printf("--------------------Config 3 Go!!!!--------------------\r\n");
  45   1          return_value = STA013_config(0x43, &CONFIG3);
  46   1      	if(return_value!=no_errors)
  47   1      	{
  48   2      		printf("We got problems!");
  49   2      	}
  50   1          Timer0_DELAY_1ms(1000);  
  51   1      	printf("Finished Init...\r\n");
  52   1      	return return_value;
  53   1      }
  54          
  55          
C51 COMPILER V6.02  STA013                                                                 12/10/2019 19:27:38 PAGE 2   

  56          uint8_t STA013_config(uint8_t device_addr, uint8_t * config_array)
  57          {
  58   1          uint8_t send_array[1];
  59   1      	uint8_t recv_array[1];
  60   1          uint8_t internal_addr; // address fro config file
  61   1      	uint8_t timeout;
  62   1      	uint8_t status; // variable to hold error
  63   1          uint16_t index = 0;
  64   1          
  65   1          do 
  66   1      	{
  67   2              timeout = 50; // simple timeout
  68   2              internal_addr = config_array[index];
  69   2              ++index;
  70   2              send_array[0] = config_array[index]; // data to set to address from config file
  71   2              ++index;
  72   2              do
  73   2      		{
  74   3                  status = I2C_write(device_addr, internal_addr, 1, 1, send_array);
  75   3                  --timeout;
  76   3              } while ((status != no_errors) && (timeout != 0));
  77   2      		I2C_read(device_addr, internal_addr,1,1,recv_array);
  78   2          } while ((internal_addr != 0xFF) && (timeout != 0)); // 0xFF is the end of the config file
  79   1          return status;
  80   1      }


MODULE INFORMATION:   STATIC OVERLAYABLE
   CODE SIZE        =    361    ----
   CONSTANT SIZE    =    236    ----
   XDATA SIZE       =   ----    ----
   PDATA SIZE       =   ----    ----
   DATA SIZE        =   ----      19
   IDATA SIZE       =   ----    ----
   BIT SIZE         =   ----    ----
END OF MODULE INFORMATION.


C51 COMPILATION COMPLETE.  0 WARNING(S),  0 ERROR(S)
