C51 COMPILER V6.02  STA013                                                                 12/10/2019 21:03:59 PAGE 1   


C51 COMPILER V6.02, COMPILATION OF MODULE STA013
OBJECT MODULE PLACED IN .\STA013.OBJ
COMPILER INVOKED BY: C:\Keil\C51\BIN\C51.EXE .\STA013.c DEBUG OBJECTEXTEND

stmt level    source

   1          /* Names: Tyler Andrews, Tyler Tetens, Brennan Campbell
   2           * Experiment 3
   3           */
   4          
   5          #include "Main.h"
   6          #include "STA013.h"
   7          #include "I2C.h"
   8          #include <stdio.h>
   9          #include "Timer0_hardware_delay_1ms.h"
  10          
  11          extern uint8_t code CONFIG;
  12          extern uint8_t code CONFIG2;
  13          extern uint8_t code CONFIG3;
  14          
  15          uint8_t STA013_init(void)
  16          {
  17   1      	uint8_t return_value; // variable used for error status
  18   1      	uint8_t index = timeout_val;
  19   1      	uint8_t send_array[3];
  20   1      	uint8_t recv_array[3];
  21   1      
  22   1      	do
  23   1      	{
  24   2      		I2C_write(STA013_device_addr, 0x01, 1, 0, send_array); // setting internal address to 0x01
  25   2      		return_value = I2C_read(STA013_device_addr,0,0,1,recv_array);
  26   2      		index--;
  27   2      	}while((return_value!=no_errors)&&(index!=0));
  28   1      	return_value = STA013_config(0x43, &CONFIG);
  29   1      	if(return_value!=no_errors)
  30   1      	{
  31   2      		printf("We got problems!");
  32   2      	}
  33   1          Timer0_DELAY_1ms(1000);
  34   1          return_value = STA013_config(0x43, &CONFIG2);
  35   1      	if(return_value!=no_errors)
  36   1      	{
  37   2      		printf("We got problems!");
  38   2      	}
  39   1          Timer0_DELAY_1ms(1000);  
  40   1          return_value = STA013_config(0x43, &CONFIG3);
  41   1      	if(return_value!=no_errors)
  42   1      	{
  43   2      		printf("We got problems!");
  44   2      	}
  45   1          Timer0_DELAY_1ms(1000);  
  46   1      	return return_value;
  47   1      }
  48          
  49          
  50          uint8_t STA013_config(uint8_t device_addr, uint8_t * config_array)
  51          {
  52   1          uint8_t send_array[1];
  53   1      	uint8_t recv_array[1];
  54   1          uint8_t internal_addr; // address fro config file
  55   1      	uint8_t timeout;
C51 COMPILER V6.02  STA013                                                                 12/10/2019 21:03:59 PAGE 2   

  56   1      	uint8_t status; // variable to hold error
  57   1          uint16_t index = 0;
  58   1          
  59   1          do 
  60   1      	{
  61   2              timeout = 50; // simple timeout
  62   2              internal_addr = config_array[index];
  63   2              ++index;
  64   2              send_array[0] = config_array[index]; // data to set to address from config file
  65   2              ++index;
  66   2              do
  67   2      		{
  68   3                  status = I2C_write(device_addr, internal_addr, 1, 1, send_array);
  69   3                  --timeout;
  70   3              } while ((status != no_errors) && (timeout != 0));
  71   2      		I2C_read(device_addr, internal_addr,1,1,recv_array);
  72   2          } while ((internal_addr != 0xFF) && (timeout != 0)); // 0xFF is the end of the config file
  73   1          return status;
  74   1      }


MODULE INFORMATION:   STATIC OVERLAYABLE
   CODE SIZE        =    313    ----
   CONSTANT SIZE    =     17    ----
   XDATA SIZE       =   ----    ----
   PDATA SIZE       =   ----    ----
   DATA SIZE        =   ----      19
   IDATA SIZE       =   ----    ----
   BIT SIZE         =   ----    ----
END OF MODULE INFORMATION.


C51 COMPILATION COMPLETE.  0 WARNING(S),  0 ERROR(S)
